STMicroelectronics Memory Configuration

Name     Origin   Length   Bytes-Used %age-Used Attributes
RAM 0x20000000 0x020000 0x0007c0        1%  rwx     
FLASH 0x8000000 0x080000 0x004b50        3%  rx      

     VMA      LMA     Size Align Out     In      Symbol
       0        0        0     1 _estack = ORIGIN ( RAM ) + LENGTH ( RAM )
       0        0        0     1 _Min_Heap_Size = 0x200
       0        0        0     1 _Min_Stack_Size = 0x400
 8000000  8000000      1c4     1 .isr_vector
 8000000  8000000        0     1         . = ALIGN ( 4 )
 8000000  8000000      1c4     1         CMakeFiles/LCDBasic.dir/startup_stm32f446xx.s.obj:(.isr_vector)
 8000000  8000000      1c4     1                 g_pfnVectors
 80001c4  80001c4        0     1         . = ALIGN ( 4 )
 80001d0  80001d0     43e4    16 .text
 80001d0  80001d0        0     1         . = ALIGN ( 4 )
 80001d0  80001d0       10     4         C:/ST/STM32CubeCLT_1.20.0/st-arm-clang/bin/../lib/clang-runtimes/arm-none-eabi/armv7m_hard_fpv4_sp_d16/lib/libc.a(strlen.S.o):(.text)
 80001d0  80001d0        0     1                 $t
 80001d1  80001d1       10     1                 strlen
 80001e0  80001e0       14     4         C:/ST/STM32CubeCLT_1.20.0/st-arm-clang/bin/../lib/clang-runtimes/arm-none-eabi/armv7m_hard_fpv4_sp_d16/lib/libclang_rt.builtins.a(aeabi_uldivmod.S.obj):(.text)
 80001e0  80001e0        0     1                 $t
 80001e1  80001e1       14     1                 __aeabi_uldivmod
 80001f4  80001f4       12     4         cmake/stm32cubemx/CMakeFiles/STM32_Drivers.dir/__/__/Core/Src/system_stm32f4xx.c.obj:(.text.SystemInit)
 80001f4  80001f4        0     1                 $t
 80001f5  80001f5       12     1                 SystemInit
 8000208  8000208       ba     4         cmake/stm32cubemx/CMakeFiles/STM32_Drivers.dir/__/__/Drivers/STM32F4xx_HAL_Driver/Src/stm32f4xx_hal_spi.c.obj:(.text.HAL_SPI_Init)
 8000208  8000208        0     1                 $t
 8000209  8000209       ba     1                 HAL_SPI_Init
 80002c4  80002c4      1e6     4         cmake/stm32cubemx/CMakeFiles/STM32_Drivers.dir/__/__/Drivers/STM32F4xx_HAL_Driver/Src/stm32f4xx_hal_spi.c.obj:(.text.HAL_SPI_Transmit)
 80002c4  80002c4        0     1                 $t
 80002c5  80002c5      1e6     1                 HAL_SPI_Transmit
 80004ac  80004ac       e6     4         cmake/stm32cubemx/CMakeFiles/STM32_Drivers.dir/__/__/Drivers/STM32F4xx_HAL_Driver/Src/stm32f4xx_hal_spi.c.obj:(.text.SPI_WaitFlagStateUntilTimeout)
 80004ac  80004ac        0     1                 $t
 80004ad  80004ad       e6     1                 SPI_WaitFlagStateUntilTimeout
 8000594  8000594      15c     4         cmake/stm32cubemx/CMakeFiles/STM32_Drivers.dir/__/__/Drivers/STM32F4xx_HAL_Driver/Src/stm32f4xx_hal_rcc.c.obj:(.text.HAL_RCC_ClockConfig)
 8000594  8000594        0     1                 $t
 8000595  8000595      15c     1                 HAL_RCC_ClockConfig
 80006f0  80006f0       26     4         cmake/stm32cubemx/CMakeFiles/STM32_Drivers.dir/__/__/Drivers/STM32F4xx_HAL_Driver/Src/stm32f4xx_hal_rcc.c.obj:(.text.HAL_RCC_GetPCLK1Freq)
 80006f0  80006f0        0     1                 $t
 80006f1  80006f1       26     1                 HAL_RCC_GetPCLK1Freq
 8000718  8000718       26     4         cmake/stm32cubemx/CMakeFiles/STM32_Drivers.dir/__/__/Drivers/STM32F4xx_HAL_Driver/Src/stm32f4xx_hal_rcc.c.obj:(.text.HAL_RCC_GetPCLK2Freq)
 8000718  8000718        0     1                 $t
 8000719  8000719       26     1                 HAL_RCC_GetPCLK2Freq
 8000740  8000740       9e     4         cmake/stm32cubemx/CMakeFiles/STM32_Drivers.dir/__/__/Drivers/STM32F4xx_HAL_Driver/Src/stm32f4xx_hal_rcc_ex.c.obj:(.text.HAL_RCC_GetSysClockFreq)
 8000740  8000740        0     1                 $t
 8000741  8000741       9e     1                 HAL_RCC_GetSysClockFreq
 800075e  800075e        0     1                 $d
 8000762  8000762        0     1                 $t
 80007e0  80007e0      3c4     4         cmake/stm32cubemx/CMakeFiles/STM32_Drivers.dir/__/__/Drivers/STM32F4xx_HAL_Driver/Src/stm32f4xx_hal_rcc_ex.c.obj:(.text.HAL_RCC_OscConfig)
 80007e0  80007e0        0     1                 $t
 80007e1  80007e1      3c4     1                 HAL_RCC_OscConfig
 8000ba4  8000ba4      19a     4         cmake/stm32cubemx/CMakeFiles/STM32_Drivers.dir/__/__/Drivers/STM32F4xx_HAL_Driver/Src/stm32f4xx_hal_gpio.c.obj:(.text.HAL_GPIO_Init)
 8000ba4  8000ba4        0     1                 $t
 8000ba5  8000ba5      19a     1                 HAL_GPIO_Init
 8000d40  8000d40        a     4         cmake/stm32cubemx/CMakeFiles/STM32_Drivers.dir/__/__/Drivers/STM32F4xx_HAL_Driver/Src/stm32f4xx_hal_gpio.c.obj:(.text.HAL_GPIO_WritePin)
 8000d40  8000d40        0     1                 $t
 8000d41  8000d41        a     1                 HAL_GPIO_WritePin
 8000d4c  8000d4c       20     4         cmake/stm32cubemx/CMakeFiles/STM32_Drivers.dir/__/__/Drivers/STM32F4xx_HAL_Driver/Src/stm32f4xx_hal_cortex.c.obj:(.text.HAL_NVIC_SetPriorityGrouping)
 8000d4c  8000d4c        0     1                 $t
 8000d4d  8000d4d       20     1                 HAL_NVIC_SetPriorityGrouping
 8000d6c  8000d6c       58     4         cmake/stm32cubemx/CMakeFiles/STM32_Drivers.dir/__/__/Drivers/STM32F4xx_HAL_Driver/Src/stm32f4xx_hal_cortex.c.obj:(.text.HAL_NVIC_SetPriority)
 8000d6c  8000d6c        0     1                 $t
 8000d6d  8000d6d       58     1                 HAL_NVIC_SetPriority
 8000dc4  8000dc4       22     4         cmake/stm32cubemx/CMakeFiles/STM32_Drivers.dir/__/__/Drivers/STM32F4xx_HAL_Driver/Src/stm32f4xx_hal_cortex.c.obj:(.text.HAL_NVIC_EnableIRQ)
 8000dc4  8000dc4        0     1                 $t
 8000dc5  8000dc5       22     1                 HAL_NVIC_EnableIRQ
 8000de8  8000de8       2c     4         cmake/stm32cubemx/CMakeFiles/STM32_Drivers.dir/__/__/Drivers/STM32F4xx_HAL_Driver/Src/stm32f4xx_hal_cortex.c.obj:(.text.HAL_SYSTICK_Config)
 8000de8  8000de8        0     1                 $t
 8000de9  8000de9       2c     1                 HAL_SYSTICK_Config
 8000e14  8000e14       38     4         cmake/stm32cubemx/CMakeFiles/STM32_Drivers.dir/__/__/Drivers/STM32F4xx_HAL_Driver/Src/stm32f4xx_hal.c.obj:(.text.HAL_Init)
 8000e14  8000e14        0     1                 $t
 8000e15  8000e15       38     1                 HAL_Init
 8000e4c  8000e4c       52     4         cmake/stm32cubemx/CMakeFiles/STM32_Drivers.dir/__/__/Drivers/STM32F4xx_HAL_Driver/Src/stm32f4xx_hal.c.obj:(.text.HAL_InitTick)
 8000e4c  8000e4c        0     1                 $t
 8000e4d  8000e4d       52     1                 HAL_InitTick
 8000ea0  8000ea0       1a     4         cmake/stm32cubemx/CMakeFiles/STM32_Drivers.dir/__/__/Drivers/STM32F4xx_HAL_Driver/Src/stm32f4xx_hal.c.obj:(.text.HAL_IncTick)
 8000ea0  8000ea0        0     1                 $t
 8000ea1  8000ea1       1a     1                 HAL_IncTick
 8000ebc  8000ebc        c     4         cmake/stm32cubemx/CMakeFiles/STM32_Drivers.dir/__/__/Drivers/STM32F4xx_HAL_Driver/Src/stm32f4xx_hal.c.obj:(.text.HAL_GetTick)
 8000ebc  8000ebc        0     1                 $t
 8000ebd  8000ebd        c     1                 HAL_GetTick
 8000ec8  8000ec8       28     4         cmake/stm32cubemx/CMakeFiles/STM32_Drivers.dir/__/__/Drivers/STM32F4xx_HAL_Driver/Src/stm32f4xx_hal.c.obj:(.text.HAL_Delay)
 8000ec8  8000ec8        0     1                 $t
 8000ec9  8000ec9       28     1                 HAL_Delay
 8000ef0  8000ef0      12e     4         cmake/stm32cubemx/CMakeFiles/STM32_Drivers.dir/__/__/Drivers/STM32F4xx_HAL_Driver/Src/stm32f4xx_hal_tim.c.obj:(.text.TIM_Base_SetConfig)
 8000ef0  8000ef0        0     1                 $t
 8000ef1  8000ef1      12e     1                 TIM_Base_SetConfig
 8001020  8001020       be     4         cmake/stm32cubemx/CMakeFiles/STM32_Drivers.dir/__/__/Drivers/STM32F4xx_HAL_Driver/Src/stm32f4xx_hal_tim.c.obj:(.text.HAL_TIM_Encoder_Init)
 8001020  8001020        0     1                 $t
 8001021  8001021       be     1                 HAL_TIM_Encoder_Init
 80010e0  80010e0       e8     4         cmake/stm32cubemx/CMakeFiles/STM32_Drivers.dir/__/__/Drivers/STM32F4xx_HAL_Driver/Src/stm32f4xx_hal_tim.c.obj:(.text.HAL_TIM_Encoder_Start_IT)
 80010e0  80010e0        0     1                 $t
 80010e1  80010e1       e8     1                 HAL_TIM_Encoder_Start_IT
 80011c8  80011c8      156     4         cmake/stm32cubemx/CMakeFiles/STM32_Drivers.dir/__/__/Drivers/STM32F4xx_HAL_Driver/Src/stm32f4xx_hal_tim.c.obj:(.text.HAL_TIM_IRQHandler)
 80011c8  80011c8        0     1                 $t
 80011c9  80011c9      156     1                 HAL_TIM_IRQHandler
 8001320  8001320        2     4         cmake/stm32cubemx/CMakeFiles/STM32_Drivers.dir/__/__/Drivers/STM32F4xx_HAL_Driver/Src/stm32f4xx_hal_tim.c.obj:(.text.HAL_TIM_IC_CaptureCallback)
 8001320  8001320        0     1                 $t
 8001321  8001321        2     1                 HAL_TIM_IC_CaptureCallback
 8001324  8001324        2     4         cmake/stm32cubemx/CMakeFiles/STM32_Drivers.dir/__/__/Drivers/STM32F4xx_HAL_Driver/Src/stm32f4xx_hal_tim.c.obj:(.text.HAL_TIM_OC_DelayElapsedCallback)
 8001324  8001324        0     1                 $t
 8001325  8001325        2     1                 HAL_TIM_OC_DelayElapsedCallback
 8001328  8001328        2     4         cmake/stm32cubemx/CMakeFiles/STM32_Drivers.dir/__/__/Drivers/STM32F4xx_HAL_Driver/Src/stm32f4xx_hal_tim.c.obj:(.text.HAL_TIM_PWM_PulseFinishedCallback)
 8001328  8001328        0     1                 $t
 8001329  8001329        2     1                 HAL_TIM_PWM_PulseFinishedCallback
 800132c  800132c        2     4         cmake/stm32cubemx/CMakeFiles/STM32_Drivers.dir/__/__/Drivers/STM32F4xx_HAL_Driver/Src/stm32f4xx_hal_tim.c.obj:(.text.HAL_TIM_PeriodElapsedCallback)
 800132c  800132c        0     1                 $t
 800132d  800132d        2     1                 HAL_TIM_PeriodElapsedCallback
 8001330  8001330        2     4         cmake/stm32cubemx/CMakeFiles/STM32_Drivers.dir/__/__/Drivers/STM32F4xx_HAL_Driver/Src/stm32f4xx_hal_tim.c.obj:(.text.HAL_TIM_TriggerCallback)
 8001330  8001330        0     1                 $t
 8001331  8001331        2     1                 HAL_TIM_TriggerCallback
 8001334  8001334       be     4         cmake/stm32cubemx/CMakeFiles/STM32_Drivers.dir/__/__/Drivers/STM32F4xx_HAL_Driver/Src/stm32f4xx_hal_tim_ex.c.obj:(.text.HAL_TIMEx_MasterConfigSynchronization)
 8001334  8001334        0     1                 $t
 8001335  8001335       be     1                 HAL_TIMEx_MasterConfigSynchronization
 80013f4  80013f4        2     4         cmake/stm32cubemx/CMakeFiles/STM32_Drivers.dir/__/__/Drivers/STM32F4xx_HAL_Driver/Src/stm32f4xx_hal_tim_ex.c.obj:(.text.HAL_TIMEx_CommutCallback)
 80013f4  80013f4        0     1                 $t
 80013f5  80013f5        2     1                 HAL_TIMEx_CommutCallback
 80013f8  80013f8        2     4         cmake/stm32cubemx/CMakeFiles/STM32_Drivers.dir/__/__/Drivers/STM32F4xx_HAL_Driver/Src/stm32f4xx_hal_tim_ex.c.obj:(.text.HAL_TIMEx_BreakCallback)
 80013f8  80013f8        0     1                 $t
 80013f9  80013f9        2     1                 HAL_TIMEx_BreakCallback
 80013fc  80013fc       62     4         cmake/stm32cubemx/CMakeFiles/STM32_Drivers.dir/__/__/Drivers/STM32F4xx_HAL_Driver/Src/stm32f4xx_hal_uart.c.obj:(.text.HAL_UART_Init)
 80013fc  80013fc        0     1                 $t
 80013fd  80013fd       62     1                 HAL_UART_Init
 8001460  8001460       e0     4         cmake/stm32cubemx/CMakeFiles/STM32_Drivers.dir/__/__/Drivers/STM32F4xx_HAL_Driver/Src/stm32f4xx_hal_uart.c.obj:(.text.UART_SetConfig)
 8001460  8001460        0     1                 $t
 8001461  8001461       e0     1                 UART_SetConfig
 8001540  8001540      166     4         CMakeFiles/LCDBasic.dir/Core/Src/main.cpp.obj:(.text.main)
 8001540  8001540        0     1                 $t
 8001541  8001541      166     1                 main
 80016a8  80016a8       ae     4         CMakeFiles/LCDBasic.dir/Core/Src/main.cpp.obj:(.text._Z18SystemClock_Configv)
 80016a8  80016a8        0     1                 $t
 80016a9  80016a9       ae     1                 SystemClock_Config()
 8001758  8001758        6     4         CMakeFiles/LCDBasic.dir/Core/Src/main.cpp.obj:(.text.Error_Handler)
 8001758  8001758        0     1                 $t
 8001759  8001759        6     1                 Error_Handler
 8001760  8001760      502     4         CMakeFiles/LCDBasic.dir/Core/Src/lcd.cpp.obj:(.text._Z8LCD_Initv)
 8001760  8001760        0     1                 $t
 8001761  8001761      502     1                 LCD_Init()
 8001c64  8001c64       74     4         CMakeFiles/LCDBasic.dir/Core/Src/lcd.cpp.obj:(.text._ZL14LCD_Write4Bitsh)
 8001c64  8001c64        0     1                 $t
 8001c65  8001c65       74     1                 LCD_Write4Bits(unsigned char)
 8001cd8  8001cd8       44     4         CMakeFiles/LCDBasic.dir/Core/Src/lcd.cpp.obj:(.text._Z13LCD_SetCursorhh)
 8001cd8  8001cd8        0     1                 $t
 8001cd9  8001cd9       44     1                 LCD_SetCursor(unsigned char, unsigned char)
 8001d1c  8001d1c       4e     4         CMakeFiles/LCDBasic.dir/Core/Src/lcd.cpp.obj:(.text._Z9LCD_PrintNSt3__217basic_string_viewIcNS_11char_traitsIcEEEE)
 8001d1c  8001d1c        0     1                 $t
 8001d1d  8001d1d       4e     1                 LCD_Print(std::__2::basic_string_view<char, std::__2::char_traits<char>>)
 8001d6c  8001d6c       fc     4         CMakeFiles/LCDBasic.dir/Core/Src/gpio.c.obj:(.text.MX_GPIO_Init)
 8001d6c  8001d6c        0     1                 $t
 8001d6d  8001d6d       fc     1                 MX_GPIO_Init
 8001e68  8001e68       4e     4         CMakeFiles/LCDBasic.dir/Core/Src/spi.c.obj:(.text.MX_SPI2_Init)
 8001e68  8001e68        0     1                 $t
 8001e69  8001e69       4e     1                 MX_SPI2_Init
 8001eb8  8001eb8       c0     4         CMakeFiles/LCDBasic.dir/Core/Src/spi.c.obj:(.text.HAL_SPI_MspInit)
 8001eb8  8001eb8        0     1                 $t
 8001eb9  8001eb9       c0     1                 HAL_SPI_MspInit
 8001f78  8001f78       72     4         CMakeFiles/LCDBasic.dir/Core/Src/tim.c.obj:(.text.MX_TIM2_Init)
 8001f78  8001f78        0     1                 $t
 8001f79  8001f79       72     1                 MX_TIM2_Init
 8001fec  8001fec       7e     4         CMakeFiles/LCDBasic.dir/Core/Src/tim.c.obj:(.text.HAL_TIM_Encoder_MspInit)
 8001fec  8001fec        0     1                 $t
 8001fed  8001fed       7e     1                 HAL_TIM_Encoder_MspInit
 800206c  800206c       3e     4         CMakeFiles/LCDBasic.dir/Core/Src/usart.c.obj:(.text.MX_USART2_UART_Init)
 800206c  800206c        0     1                 $t
 800206d  800206d       3e     1                 MX_USART2_UART_Init
 80020ac  80020ac       74     4         CMakeFiles/LCDBasic.dir/Core/Src/usart.c.obj:(.text.HAL_UART_MspInit)
 80020ac  80020ac        0     1                 $t
 80020ad  80020ad       74     1                 HAL_UART_MspInit
 8002120  8002120        2     4         CMakeFiles/LCDBasic.dir/Core/Src/stm32f4xx_it.c.obj:(.text.NMI_Handler)
 8002120  8002120        0     1                 $t
 8002121  8002121        2     1                 NMI_Handler
 8002124  8002124        2     4         CMakeFiles/LCDBasic.dir/Core/Src/stm32f4xx_it.c.obj:(.text.HardFault_Handler)
 8002124  8002124        0     1                 $t
 8002125  8002125        2     1                 HardFault_Handler
 8002128  8002128        2     4         CMakeFiles/LCDBasic.dir/Core/Src/stm32f4xx_it.c.obj:(.text.MemManage_Handler)
 8002128  8002128        0     1                 $t
 8002129  8002129        2     1                 MemManage_Handler
 800212c  800212c        2     4         CMakeFiles/LCDBasic.dir/Core/Src/stm32f4xx_it.c.obj:(.text.BusFault_Handler)
 800212c  800212c        0     1                 $t
 800212d  800212d        2     1                 BusFault_Handler
 8002130  8002130        2     4         CMakeFiles/LCDBasic.dir/Core/Src/stm32f4xx_it.c.obj:(.text.UsageFault_Handler)
 8002130  8002130        0     1                 $t
 8002131  8002131        2     1                 UsageFault_Handler
 8002134  8002134        2     4         CMakeFiles/LCDBasic.dir/Core/Src/stm32f4xx_it.c.obj:(.text.SVC_Handler)
 8002134  8002134        0     1                 $t
 8002135  8002135        2     1                 SVC_Handler
 8002138  8002138        2     4         CMakeFiles/LCDBasic.dir/Core/Src/stm32f4xx_it.c.obj:(.text.DebugMon_Handler)
 8002138  8002138        0     1                 $t
 8002139  8002139        2     1                 DebugMon_Handler
 800213c  800213c        2     4         CMakeFiles/LCDBasic.dir/Core/Src/stm32f4xx_it.c.obj:(.text.PendSV_Handler)
 800213c  800213c        0     1                 $t
 800213d  800213d        2     1                 PendSV_Handler
 8002140  8002140        4     4         CMakeFiles/LCDBasic.dir/Core/Src/stm32f4xx_it.c.obj:(.text.SysTick_Handler)
 8002140  8002140        0     1                 $t
 8002141  8002141        4     1                 SysTick_Handler
 8002144  8002144        c     4         CMakeFiles/LCDBasic.dir/Core/Src/stm32f4xx_it.c.obj:(.text.TIM2_IRQHandler)
 8002144  8002144        0     1                 $t
 8002145  8002145        c     1                 TIM2_IRQHandler
 8002150  8002150       3c     4         CMakeFiles/LCDBasic.dir/Core/Src/stm32f4xx_hal_msp.c.obj:(.text.HAL_MspInit)
 8002150  8002150        0     1                 $t
 8002151  8002151       3c     1                 HAL_MspInit
 800218c  800218c       58     4         CMakeFiles/LCDBasic.dir/Core/Src/sysmem.c.obj:(.text._sbrk)
 800218c  800218c        0     1                 $t
 800218d  800218d       58     1                 _sbrk
 800218d  800218d       58     1                 sbrk
 80021e0  80021e0        0     1                 $d
 80021e4  80021e4       18     4         CMakeFiles/LCDBasic.dir/Core/Src/syscalls.c.obj:(.text._exit)
 80021e4  80021e4        0     1                 $t
 80021e5  80021e5       18     1                 _exit
 80021e5  80021e5       18     1                 exit
 80021f8  80021f8        0     1                 $d
 80021fc  80021fc        e     4         CMakeFiles/LCDBasic.dir/Core/Src/syscalls.c.obj:(.text.starm_putc)
 80021fc  80021fc        0     1                 $t
 80021fd  80021fd        e     1                 starm_putc
 800220c  800220c        c     4         CMakeFiles/LCDBasic.dir/Core/Src/syscalls.c.obj:(.text.starm_getc)
 800220c  800220c        0     1                 $t
 800220d  800220d        c     1                 starm_getc
 8002218  8002218       50     4         CMakeFiles/LCDBasic.dir/startup_stm32f446xx.s.obj:(.text.Reset_Handler)
 8002218  8002218        0     1                 $t
 8002219  8002219       38     1                 Reset_Handler
 800222a  800222a        0     1                 CopyDataInit
 8002230  8002230        0     1                 LoopCopyDataInit
 800223e  800223e        0     1                 FillZerobss
 8002242  8002242        0     1                 LoopFillZerobss
 8002250  8002250        0     1                 $d
 8002268  8002268        2     1         CMakeFiles/LCDBasic.dir/startup_stm32f446xx.s.obj:(.text.Default_Handler)
 8002268  8002268        0     1                 Infinite_Loop
 8002268  8002268        0     1                 $t
 8002268  8002268        2     1                 Default_Handler
 8002269  8002269        2     1                 WWDG_IRQHandler
 8002269  8002269        2     1                 PVD_IRQHandler
 8002269  8002269        2     1                 TAMP_STAMP_IRQHandler
 8002269  8002269        2     1                 RTC_WKUP_IRQHandler
 8002269  8002269        2     1                 FLASH_IRQHandler
 8002269  8002269        2     1                 RCC_IRQHandler
 8002269  8002269        2     1                 EXTI0_IRQHandler
 8002269  8002269        2     1                 EXTI1_IRQHandler
 8002269  8002269        2     1                 EXTI2_IRQHandler
 8002269  8002269        2     1                 EXTI3_IRQHandler
 8002269  8002269        2     1                 EXTI4_IRQHandler
 8002269  8002269        2     1                 DMA1_Stream0_IRQHandler
 8002269  8002269        2     1                 DMA1_Stream1_IRQHandler
 8002269  8002269        2     1                 DMA1_Stream2_IRQHandler
 8002269  8002269        2     1                 DMA1_Stream3_IRQHandler
 8002269  8002269        2     1                 DMA1_Stream4_IRQHandler
 8002269  8002269        2     1                 DMA1_Stream5_IRQHandler
 8002269  8002269        2     1                 DMA1_Stream6_IRQHandler
 8002269  8002269        2     1                 ADC_IRQHandler
 8002269  8002269        2     1                 CAN1_TX_IRQHandler
 8002269  8002269        2     1                 CAN1_RX0_IRQHandler
 8002269  8002269        2     1                 CAN1_RX1_IRQHandler
 8002269  8002269        2     1                 CAN1_SCE_IRQHandler
 8002269  8002269        2     1                 EXTI9_5_IRQHandler
 8002269  8002269        2     1                 TIM1_BRK_TIM9_IRQHandler
 8002269  8002269        2     1                 TIM1_UP_TIM10_IRQHandler
 8002269  8002269        2     1                 TIM1_TRG_COM_TIM11_IRQHandler
 8002269  8002269        2     1                 TIM1_CC_IRQHandler
 8002269  8002269        2     1                 TIM3_IRQHandler
 8002269  8002269        2     1                 TIM4_IRQHandler
 8002269  8002269        2     1                 I2C1_EV_IRQHandler
 8002269  8002269        2     1                 I2C1_ER_IRQHandler
 8002269  8002269        2     1                 I2C2_EV_IRQHandler
 8002269  8002269        2     1                 I2C2_ER_IRQHandler
 8002269  8002269        2     1                 SPI1_IRQHandler
 8002269  8002269        2     1                 SPI2_IRQHandler
 8002269  8002269        2     1                 USART1_IRQHandler
 8002269  8002269        2     1                 USART2_IRQHandler
 8002269  8002269        2     1                 USART3_IRQHandler
 8002269  8002269        2     1                 EXTI15_10_IRQHandler
 8002269  8002269        2     1                 RTC_Alarm_IRQHandler
 8002269  8002269        2     1                 OTG_FS_WKUP_IRQHandler
 8002269  8002269        2     1                 TIM8_BRK_TIM12_IRQHandler
 8002269  8002269        2     1                 TIM8_UP_TIM13_IRQHandler
 8002269  8002269        2     1                 TIM8_TRG_COM_TIM14_IRQHandler
 8002269  8002269        2     1                 TIM8_CC_IRQHandler
 8002269  8002269        2     1                 DMA1_Stream7_IRQHandler
 8002269  8002269        2     1                 FMC_IRQHandler
 8002269  8002269        2     1                 SDIO_IRQHandler
 8002269  8002269        2     1                 TIM5_IRQHandler
 8002269  8002269        2     1                 SPI3_IRQHandler
 8002269  8002269        2     1                 UART4_IRQHandler
 8002269  8002269        2     1                 UART5_IRQHandler
 8002269  8002269        2     1                 TIM6_DAC_IRQHandler
 8002269  8002269        2     1                 TIM7_IRQHandler
 8002269  8002269        2     1                 DMA2_Stream0_IRQHandler
 8002269  8002269        2     1                 DMA2_Stream1_IRQHandler
 8002269  8002269        2     1                 DMA2_Stream2_IRQHandler
 8002269  8002269        2     1                 DMA2_Stream3_IRQHandler
 8002269  8002269        2     1                 DMA2_Stream4_IRQHandler
 8002269  8002269        2     1                 CAN2_TX_IRQHandler
 8002269  8002269        2     1                 CAN2_RX0_IRQHandler
 8002269  8002269        2     1                 CAN2_RX1_IRQHandler
 8002269  8002269        2     1                 CAN2_SCE_IRQHandler
 8002269  8002269        2     1                 OTG_FS_IRQHandler
 8002269  8002269        2     1                 DMA2_Stream5_IRQHandler
 8002269  8002269        2     1                 DMA2_Stream6_IRQHandler
 8002269  8002269        2     1                 DMA2_Stream7_IRQHandler
 8002269  8002269        2     1                 USART6_IRQHandler
 8002269  8002269        2     1                 I2C3_EV_IRQHandler
 8002269  8002269        2     1                 I2C3_ER_IRQHandler
 8002269  8002269        2     1                 OTG_HS_EP1_OUT_IRQHandler
 8002269  8002269        2     1                 OTG_HS_EP1_IN_IRQHandler
 8002269  8002269        2     1                 OTG_HS_WKUP_IRQHandler
 8002269  8002269        2     1                 OTG_HS_IRQHandler
 8002269  8002269        2     1                 DCMI_IRQHandler
 8002269  8002269        2     1                 FPU_IRQHandler
 8002269  8002269        2     1                 SPI4_IRQHandler
 8002269  8002269        2     1                 SAI1_IRQHandler
 8002269  8002269        2     1                 SAI2_IRQHandler
 8002269  8002269        2     1                 QUADSPI_IRQHandler
 8002269  8002269        2     1                 CEC_IRQHandler
 8002269  8002269        2     1                 SPDIF_RX_IRQHandler
 8002269  8002269        2     1                 FMPI2C1_EV_IRQHandler
 8002269  8002269        2     1                 FMPI2C1_ER_IRQHandler
 800226a  800226a       10     2         C:/ST/STM32CubeCLT_1.20.0/st-arm-clang/bin/../lib/clang-runtimes/arm-none-eabi/armv7m_hard_fpv4_sp_d16/lib/libc++.a(string.cpp.obj):(.text._ZNKSt3__212basic_stringIcNS_11char_traitsIcEENS_9allocatorIcEEE20__throw_out_of_rangeB8nn190106Ev)
 800226a  800226a        0     1                 $t
 800226b  800226b       10     1                 std::__2::basic_string<char, std::__2::char_traits<char>, std::__2::allocator<char>>::__throw_out_of_range[abi:nn190106]() const
 800227a  800227a       d8     2         C:/ST/STM32CubeCLT_1.20.0/st-arm-clang/bin/../lib/clang-runtimes/arm-none-eabi/armv7m_hard_fpv4_sp_d16/lib/libc++.a(string.cpp.obj):(.text._ZNSt3__212basic_stringIcNS_11char_traitsIcEENS_9allocatorIcEEE21__grow_by_and_replaceEjjjjjjPKc)
 800227a  800227a        0     1                 $t
 800227b  800227b       d8     1                 std::__2::basic_string<char, std::__2::char_traits<char>, std::__2::allocator<char>>::__grow_by_and_replace(unsigned int, unsigned int, unsigned int, unsigned int, unsigned int, unsigned int, char const*)
 8002352  8002352       10     2         C:/ST/STM32CubeCLT_1.20.0/st-arm-clang/bin/../lib/clang-runtimes/arm-none-eabi/armv7m_hard_fpv4_sp_d16/lib/libc++.a(string.cpp.obj):(.text._ZNKSt3__212basic_stringIcNS_11char_traitsIcEENS_9allocatorIcEEE20__throw_length_errorB8nn190106Ev)
 8002352  8002352        0     1                 $t
 8002353  8002353       10     1                 std::__2::basic_string<char, std::__2::char_traits<char>, std::__2::allocator<char>>::__throw_length_error[abi:nn190106]() const
 8002362  8002362       b8     2         C:/ST/STM32CubeCLT_1.20.0/st-arm-clang/bin/../lib/clang-runtimes/arm-none-eabi/armv7m_hard_fpv4_sp_d16/lib/libc++.a(string.cpp.obj):(.text._ZNSt3__212basic_stringIcNS_11char_traitsIcEENS_9allocatorIcEEE6insertEjPKcj)
 8002362  8002362        0     1                 $t
 8002363  8002363       b8     1                 std::__2::basic_string<char, std::__2::char_traits<char>, std::__2::allocator<char>>::insert(unsigned int, char const*, unsigned int)
 800241a  800241a       28     2         C:/ST/STM32CubeCLT_1.20.0/st-arm-clang/bin/../lib/clang-runtimes/arm-none-eabi/armv7m_hard_fpv4_sp_d16/lib/libc++.a(string.cpp.obj):(.text._ZNSt3__212basic_stringIcNS_11char_traitsIcEENS_9allocatorIcEEE6insertEjPKc)
 800241a  800241a        0     1                 $t
 800241b  800241b       28     1                 std::__2::basic_string<char, std::__2::char_traits<char>, std::__2::allocator<char>>::insert(unsigned int, char const*)
 8002442  8002442       7c     2         C:/ST/STM32CubeCLT_1.20.0/st-arm-clang/bin/../lib/clang-runtimes/arm-none-eabi/armv7m_hard_fpv4_sp_d16/lib/libc++.a(string.cpp.obj):(.text._ZNSt3__29to_stringEi)
 8002442  8002442        0     1                 $t
 8002443  8002443       7c     1                 std::__2::to_string(int)
 80024be  80024be       12     2         C:/ST/STM32CubeCLT_1.20.0/st-arm-clang/bin/../lib/clang-runtimes/arm-none-eabi/armv7m_hard_fpv4_sp_d16/lib/libc++.a(string.cpp.obj):(.text._ZNSt3__220__throw_out_of_rangeB8nn190106EPKc)
 80024be  80024be        0     1                 $t
 80024bf  80024bf       12     1                 std::__2::__throw_out_of_range[abi:nn190106](char const*)
 80024d0  80024d0       12     2         C:/ST/STM32CubeCLT_1.20.0/st-arm-clang/bin/../lib/clang-runtimes/arm-none-eabi/armv7m_hard_fpv4_sp_d16/lib/libc++.a(string.cpp.obj):(.text._ZNSt3__220__throw_length_errorB8nn190106EPKc)
 80024d0  80024d0        0     1                 $t
 80024d1  80024d1       12     1                 std::__2::__throw_length_error[abi:nn190106](char const*)
 80024e2  80024e2      29e     2         C:/ST/STM32CubeCLT_1.20.0/st-arm-clang/bin/../lib/clang-runtimes/arm-none-eabi/armv7m_hard_fpv4_sp_d16/lib/libc++.a(string.cpp.obj):(.text._ZNSt3__26__itoa13__base_10_u32B8nn190106EPcj)
 80024e2  80024e2        0     1                 $t
 80024e3  80024e3      29e     1                 std::__2::__itoa::__base_10_u32[abi:nn190106](char*, unsigned int)
 8002780  8002780       94     2         C:/ST/STM32CubeCLT_1.20.0/st-arm-clang/bin/../lib/clang-runtimes/arm-none-eabi/armv7m_hard_fpv4_sp_d16/lib/libc++.a(string.cpp.obj):(.text._ZNSt3__26__itoa10__append10B8nn190106IjEEPcS2_T_)
 8002780  8002780        0     1                 $t
 8002781  8002781       94     1                 char* std::__2::__itoa::__append10[abi:nn190106]<unsigned int>(char*, unsigned int)
 8002814  8002814       5c     2         C:/ST/STM32CubeCLT_1.20.0/st-arm-clang/bin/../lib/clang-runtimes/arm-none-eabi/armv7m_hard_fpv4_sp_d16/lib/libc++.a(string.cpp.obj):(.text._ZNSt3__212basic_stringIcNS_11char_traitsIcEENS_9allocatorIcEEE16__init_with_sizeB8nn190106IPcS7_EEvT_T0_j)
 8002814  8002814        0     1                 $t
 8002815  8002815       5c     1                 void std::__2::basic_string<char, std::__2::char_traits<char>, std::__2::allocator<char>>::__init_with_size[abi:nn190106]<char*, char*>(char*, char*, unsigned int)
 8002870  8002870       2a     2         C:/ST/STM32CubeCLT_1.20.0/st-arm-clang/bin/../lib/clang-runtimes/arm-none-eabi/armv7m_hard_fpv4_sp_d16/lib/libc++.a(verbose_abort.cpp.obj):(.text._ZNSt3__222__libcpp_verbose_abortEPKcz)
 8002870  8002870        0     1                 $t
 8002871  8002871       2a     1                 std::__2::__libcpp_verbose_abort(char const*, ...)
 800289c  800289c       26     4         C:/ST/STM32CubeCLT_1.20.0/st-arm-clang/bin/../lib/clang-runtimes/arm-none-eabi/armv7m_hard_fpv4_sp_d16/lib/libc++abi.a(stdlib_new_delete.cpp.obj):(.text._ZL17operator_new_implj)
 800289c  800289c        0     1                 $t
 800289d  800289d       26     1                 operator_new_impl(unsigned int)
 80028c2  80028c2        4     2         C:/ST/STM32CubeCLT_1.20.0/st-arm-clang/bin/../lib/clang-runtimes/arm-none-eabi/armv7m_hard_fpv4_sp_d16/lib/libc++abi.a(stdlib_new_delete.cpp.obj):(.text._ZdlPv)
 80028c2  80028c2        0     1                 $t
 80028c3  80028c3        4     1                 operator delete(void*)
 80028c6  80028c6        4     2         C:/ST/STM32CubeCLT_1.20.0/st-arm-clang/bin/../lib/clang-runtimes/arm-none-eabi/armv7m_hard_fpv4_sp_d16/lib/libc++abi.a(stdlib_new_delete.cpp.obj):(.text._ZdlPvj)
 80028c6  80028c6        0     1                 $t
 80028c7  80028c7        4     1                 operator delete(void*, unsigned int)
 80028cc  80028cc       40     4         C:/ST/STM32CubeCLT_1.20.0/st-arm-clang/bin/../lib/clang-runtimes/arm-none-eabi/armv7m_hard_fpv4_sp_d16/lib/libc++abi.a(stdlib_new_delete.cpp.obj):(.text._ZL25operator_new_aligned_impljSt11align_val_t)
 80028cc  80028cc        0     1                 $t
 80028cd  80028cd       40     1                 operator_new_aligned_impl(unsigned int, std::align_val_t)
 800290c  800290c        8     2         C:/ST/STM32CubeCLT_1.20.0/st-arm-clang/bin/../lib/clang-runtimes/arm-none-eabi/armv7m_hard_fpv4_sp_d16/lib/libc++abi.a(abort_message.cpp.obj):(.text.abort_message)
 800290c  800290c        0     1                 $t
 800290d  800290d        8     1                 abort_message
 8002914  8002914        c     2         C:/ST/STM32CubeCLT_1.20.0/st-arm-clang/bin/../lib/clang-runtimes/arm-none-eabi/armv7m_hard_fpv4_sp_d16/lib/libc++abi.a(cxa_handlers.cpp.obj):(.text._ZSt15get_new_handlerv)
 8002914  8002914        0     1                 $t
 8002915  8002915        c     1                 std::get_new_handler()
 8002920  8002920        8     2         C:/ST/STM32CubeCLT_1.20.0/st-arm-clang/bin/../lib/clang-runtimes/arm-none-eabi/armv7m_hard_fpv4_sp_d16/lib/libc.a(bzero.c.o):(.text.bzero)
 8002920  8002920        0     1                 $t
 8002921  8002921        8     1                 bzero
 8002921  8002921        8     1                 __aeabi_memclr4
 8002921  8002921        8     1                 __aeabi_memclr8
 8002921  8002921        8     1                 __aeabi_memclr
 8002928  8002928       14     2         C:/ST/STM32CubeCLT_1.20.0/st-arm-clang/bin/../lib/clang-runtimes/arm-none-eabi/armv7m_hard_fpv4_sp_d16/lib/libc.a(memcpy.c.o):(.text.memcpy)
 8002928  8002928        0     1                 $t
 8002929  8002929       14     1                 memcpy
 8002929  8002929       14     1                 __aeabi_memcpy4
 8002929  8002929       14     1                 __aeabi_memcpy8
 8002929  8002929       14     1                 __aeabi_memcpy
 800293c  800293c       2e     2         C:/ST/STM32CubeCLT_1.20.0/st-arm-clang/bin/../lib/clang-runtimes/arm-none-eabi/armv7m_hard_fpv4_sp_d16/lib/libc.a(memmove.c.o):(.text.memmove)
 800293c  800293c        0     1                 $t
 800293d  800293d       2e     1                 memmove
 800293d  800293d       2e     1                 __aeabi_memmove4
 800293d  800293d       2e     1                 __aeabi_memmove8
 800293d  800293d       2e     1                 __aeabi_memmove
 800296a  800296a        e     2         C:/ST/STM32CubeCLT_1.20.0/st-arm-clang/bin/../lib/clang-runtimes/arm-none-eabi/armv7m_hard_fpv4_sp_d16/lib/libc.a(memset.c.o):(.text.memset)
 800296a  800296a        0     1                 $t
 800296b  800296b        e     1                 memset
 8002978  8002978       7c     4         C:/ST/STM32CubeCLT_1.20.0/st-arm-clang/bin/../lib/clang-runtimes/arm-none-eabi/armv7m_hard_fpv4_sp_d16/lib/libc.a(nano-free.c.o):(.text.free)
 8002978  8002978        0     1                 $t
 8002979  8002979       7c     1                 free
 8002979  8002979       7c     1                 __malloc_free
 8002979  8002979       7c     1                 cfree
 80029e8  80029e8        0     1                 $d
 80029f4  80029f4       4c     4         C:/ST/STM32CubeCLT_1.20.0/st-arm-clang/bin/../lib/clang-runtimes/arm-none-eabi/armv7m_hard_fpv4_sp_d16/lib/libc.a(nano-malloc.c.o):(.text.__malloc_grow_chunk)
 80029f4  80029f4        0     1                 $t
 80029f5  80029f5       4c     1                 __malloc_grow_chunk
 8002a3c  8002a3c        0     1                 $d
 8002a40  8002a40       60     4         C:/ST/STM32CubeCLT_1.20.0/st-arm-clang/bin/../lib/clang-runtimes/arm-none-eabi/armv7m_hard_fpv4_sp_d16/lib/libc.a(nano-malloc.c.o):(.text.__malloc_sbrk_aligned)
 8002a40  8002a40        0     1                 $t
 8002a41  8002a41       60     1                 __malloc_sbrk_aligned
 8002a9c  8002a9c        0     1                 $d
 8002aa0  8002aa0       b4     4         C:/ST/STM32CubeCLT_1.20.0/st-arm-clang/bin/../lib/clang-runtimes/arm-none-eabi/armv7m_hard_fpv4_sp_d16/lib/libc.a(nano-malloc.c.o):(.text.malloc)
 8002aa0  8002aa0        0     1                 $t
 8002aa1  8002aa1       b4     1                 malloc
 8002aa1  8002aa1       b4     1                 __malloc_malloc
 8002b48  8002b48        0     1                 $d
 8002b54  8002b54       a0     4         C:/ST/STM32CubeCLT_1.20.0/st-arm-clang/bin/../lib/clang-runtimes/arm-none-eabi/armv7m_hard_fpv4_sp_d16/lib/libc.a(nano-memalign.c.o):(.text.memalign)
 8002b54  8002b54        0     1                 $t
 8002b55  8002b55       a0     1                 memalign
 8002b55  8002b55       a0     1                 aligned_alloc
 8002bf0  8002bf0        0     1                 $d
 8002bf4  8002bf4       48     4         C:/ST/STM32CubeCLT_1.20.0/st-arm-clang/bin/../lib/clang-runtimes/arm-none-eabi/armv7m_hard_fpv4_sp_d16/lib/libc.a(libc_misc_init.c.o):(.text.__libc_init_array)
 8002bf4  8002bf4        0     1                 $t
 8002bf5  8002bf5       48     1                 __libc_init_array
 8002c28  8002c28        0     1                 $d
 8002c3c  8002c3c        2     2         C:/ST/STM32CubeCLT_1.20.0/st-arm-clang/bin/../lib/clang-runtimes/arm-none-eabi/armv7m_hard_fpv4_sp_d16/lib/libc.a(libc_misc_lock.c.o):(.text.__retarget_lock_acquire_recursive)
 8002c3c  8002c3c        0     1                 $t
 8002c3d  8002c3d        2     1                 __retarget_lock_acquire_recursive
 8002c3e  8002c3e        2     2         C:/ST/STM32CubeCLT_1.20.0/st-arm-clang/bin/../lib/clang-runtimes/arm-none-eabi/armv7m_hard_fpv4_sp_d16/lib/libc.a(libc_misc_lock.c.o):(.text.__retarget_lock_release_recursive)
 8002c3e  8002c3e        0     1                 $t
 8002c3f  8002c3f        2     1                 __retarget_lock_release_recursive
 8002c40  8002c40       10     2         C:/ST/STM32CubeCLT_1.20.0/st-arm-clang/bin/../lib/clang-runtimes/arm-none-eabi/armv7m_hard_fpv4_sp_d16/lib/libc.a(libc_stdlib_abort.c.o):(.text.abort)
 8002c40  8002c40        0     1                 $t
 8002c41  8002c41       10     1                 abort
 8002c50  8002c50       6c     4         C:/ST/STM32CubeCLT_1.20.0/st-arm-clang/bin/../lib/clang-runtimes/arm-none-eabi/armv7m_hard_fpv4_sp_d16/lib/libc.a(libc_signal_signal.c.o):(.text.raise)
 8002c50  8002c50        0     1                 $t
 8002c51  8002c51       6c     1                 raise
 8002cb4  8002cb4        0     1                 $d
 8002cc0  8002cc0        c    16         C:/ST/STM32CubeCLT_1.20.0/st-arm-clang/bin/../lib/clang-runtimes/arm-none-eabi/armv7m_hard_fpv4_sp_d16/lib/libc.a(libc_picolib_machine_arm_read_tp.S.o):(.text.__aeabi_read_tp)
 8002cc0  8002cc0        0     1                 $t
 8002cc1  8002cc1        6     1                 __aeabi_read_tp
 8002cc8  8002cc8        0     1                 $d
 8002ccc  8002ccc       10     4         C:/ST/STM32CubeCLT_1.20.0/st-arm-clang/bin/../lib/clang-runtimes/arm-none-eabi/armv7m_hard_fpv4_sp_d16/lib/libc.a(libc_picolib_machine_arm_read_tp.S.o):(.text._initial_set_tls)
 8002ccc  8002ccc        0     1                 $t
 8002ccd  8002ccd        6     1                 _initial_set_tls
 8002cd4  8002cd4        0     1                 $d
 8002cdc  8002cdc       14     4         C:/ST/STM32CubeCLT_1.20.0/st-arm-clang/bin/../lib/clang-runtimes/arm-none-eabi/armv7m_hard_fpv4_sp_d16/lib/libc.a(libc_picolib_machine_arm_tls.c.o):(.text._set_tls)
 8002cdc  8002cdc        0     1                 $t
 8002cdd  8002cdd       14     1                 _set_tls
 8002ce8  8002ce8        0     1                 $d
 8002cf0  8002cf0      968     4         C:/ST/STM32CubeCLT_1.20.0/st-arm-clang/bin/../lib/clang-runtimes/arm-none-eabi/armv7m_hard_fpv4_sp_d16/lib/libc.a(libc_tinystdio_vfprintf.c.o):(.text.vfprintf)
 8002cf0  8002cf0        0     1                 $t
 8002cf1  8002cf1      968     1                 vfprintf
 8002cf1  8002cf1      968     1                 __d_vfprintf
 8002d70  8002d70        0     1                 $d
 8002d7a  8002d7a        0     1                 $t
 8002f86  8002f86        0     1                 $d
 8002f94  8002f94        0     1                 $t
 800364c  800364c        0     1                 $d
 8003658  8003658      164     4         C:/ST/STM32CubeCLT_1.20.0/st-arm-clang/bin/../lib/clang-runtimes/arm-none-eabi/armv7m_hard_fpv4_sp_d16/lib/libc.a(libc_tinystdio_vfprintf.c.o):(.text.skip_to_arg)
 8003658  8003658        0     1                 $t
 8003659  8003659      164     1                 skip_to_arg
 80037b8  80037b8        0     1                 $d
 80037bc  80037bc       4c     2         C:/ST/STM32CubeCLT_1.20.0/st-arm-clang/bin/../lib/clang-runtimes/arm-none-eabi/armv7m_hard_fpv4_sp_d16/lib/libc.a(libc_tinystdio_vfprintf.c.o):(.text.__ultoa_invert)
 80037bc  80037bc        0     1                 $t
 80037bd  80037bd       4c     1                 __ultoa_invert
 8003808  8003808        8     2         C:/ST/STM32CubeCLT_1.20.0/st-arm-clang/bin/../lib/clang-runtimes/arm-none-eabi/armv7m_hard_fpv4_sp_d16/lib/libc.a(libc_tinystdio_vfprintf.c.o):(.text.OUTLINED_FUNCTION_0)
 8003808  8003808        0     1                 $t
 8003809  8003809        8     1                 OUTLINED_FUNCTION_0
 8003810  8003810       12     2         C:/ST/STM32CubeCLT_1.20.0/st-arm-clang/bin/../lib/clang-runtimes/arm-none-eabi/armv7m_hard_fpv4_sp_d16/lib/libc.a(libc_tinystdio_vfprintf.c.o):(.text.OUTLINED_FUNCTION_1)
 8003810  8003810        0     1                 $t
 8003811  8003811       12     1                 OUTLINED_FUNCTION_1
 8003822  8003822        8     2         C:/ST/STM32CubeCLT_1.20.0/st-arm-clang/bin/../lib/clang-runtimes/arm-none-eabi/armv7m_hard_fpv4_sp_d16/lib/libc.a(libc_tinystdio_vfprintf.c.o):(.text.OUTLINED_FUNCTION_2)
 8003822  8003822        0     1                 $t
 8003823  8003823        8     1                 OUTLINED_FUNCTION_2
 800382a  800382a        8     2         C:/ST/STM32CubeCLT_1.20.0/st-arm-clang/bin/../lib/clang-runtimes/arm-none-eabi/armv7m_hard_fpv4_sp_d16/lib/libc.a(libc_tinystdio_vfprintf.c.o):(.text.OUTLINED_FUNCTION_3)
 800382a  800382a        0     1                 $t
 800382b  800382b        8     1                 OUTLINED_FUNCTION_3
 8003832  8003832        6     2         C:/ST/STM32CubeCLT_1.20.0/st-arm-clang/bin/../lib/clang-runtimes/arm-none-eabi/armv7m_hard_fpv4_sp_d16/lib/libc.a(libc_tinystdio_vfprintf.c.o):(.text.OUTLINED_FUNCTION_4)
 8003832  8003832        0     1                 $t
 8003833  8003833        6     1                 OUTLINED_FUNCTION_4
 8003838  8003838        8     2         C:/ST/STM32CubeCLT_1.20.0/st-arm-clang/bin/../lib/clang-runtimes/arm-none-eabi/armv7m_hard_fpv4_sp_d16/lib/libc.a(libc_tinystdio_vfprintf.c.o):(.text.OUTLINED_FUNCTION_5)
 8003838  8003838        0     1                 $t
 8003839  8003839        8     1                 OUTLINED_FUNCTION_5
 8003840  8003840      118     4         C:/ST/STM32CubeCLT_1.20.0/st-arm-clang/bin/../lib/clang-runtimes/arm-none-eabi/armv7m_hard_fpv4_sp_d16/lib/libc.a(libc_tinystdio_dtox_engine.c.o):(.text.__dtox_engine)
 8003840  8003840        0     1                 $t
 8003841  8003841      118     1                 __dtox_engine
 8003954  8003954        0     1                 $d
 8003958  8003958       1a     2         C:/ST/STM32CubeCLT_1.20.0/st-arm-clang/bin/../lib/clang-runtimes/arm-none-eabi/armv7m_hard_fpv4_sp_d16/lib/libc.a(libc_string_strnlen.c.o):(.text.strnlen)
 8003958  8003958        0     1                 $t
 8003959  8003959       1a     1                 strnlen
 8003972  8003972      462     2         C:/ST/STM32CubeCLT_1.20.0/st-arm-clang/bin/../lib/clang-runtimes/arm-none-eabi/armv7m_hard_fpv4_sp_d16/lib/libc.a(libc_tinystdio_dtoa_ryu.c.o):(.text.__dtoa_engine)
 8003972  8003972        0     1                 $t
 8003973  8003973      462     1                 __dtoa_engine
 8003dd4  8003dd4       12     2         C:/ST/STM32CubeCLT_1.20.0/st-arm-clang/bin/../lib/clang-runtimes/arm-none-eabi/armv7m_hard_fpv4_sp_d16/lib/libc.a(libc_tinystdio_dtoa_ryu.c.o):(.text.div10)
 8003dd4  8003dd4        0     1                 $t
 8003dd5  8003dd5       12     1                 div10
 8003de8  8003de8       20     4         C:/ST/STM32CubeCLT_1.20.0/st-arm-clang/bin/../lib/clang-runtimes/arm-none-eabi/armv7m_hard_fpv4_sp_d16/lib/libc.a(libc_tinystdio_dtoa_ryu.c.o):(.text.umulh)
 8003de8  8003de8        0     1                 $t
 8003de9  8003de9       20     1                 umulh
 8003e04  8003e04        0     1                 $d
 8003e08  8003e08      1d8     2         C:/ST/STM32CubeCLT_1.20.0/st-arm-clang/bin/../lib/clang-runtimes/arm-none-eabi/armv7m_hard_fpv4_sp_d16/lib/libc.a(libc_tinystdio_dtoa_ryu.c.o):(.text.mulShiftAll64)
 8003e08  8003e08        0     1                 $t
 8003e09  8003e09      1d8     1                 mulShiftAll64
 8003fe0  8003fe0       30     2         C:/ST/STM32CubeCLT_1.20.0/st-arm-clang/bin/../lib/clang-runtimes/arm-none-eabi/armv7m_hard_fpv4_sp_d16/lib/libc.a(libc_tinystdio_dtoa_ryu.c.o):(.text.decimalLength17)
 8003fe0  8003fe0        0     1                 $t
 8003fe1  8003fe1       30     1                 decimalLength17
 8004010  8004010       10     2         C:/ST/STM32CubeCLT_1.20.0/st-arm-clang/bin/../lib/clang-runtimes/arm-none-eabi/armv7m_hard_fpv4_sp_d16/lib/libc.a(libc_tinystdio_dtoa_ryu.c.o):(.text.OUTLINED_FUNCTION_0)
 8004010  8004010        0     1                 $t
 8004011  8004011       10     1                 OUTLINED_FUNCTION_0
 8004020  8004020        c     4         C:/ST/STM32CubeCLT_1.20.0/st-arm-clang/bin/../lib/clang-runtimes/arm-none-eabi/armv7m_hard_fpv4_sp_d16/lib/libc.a(libc_tinystdio_ryu_log10.c.o):(.text.__log10Pow2)
 8004020  8004020        0     1                 $t
 8004021  8004021        c     1                 __log10Pow2
 8004028  8004028        0     1                 $d
 800402c  800402c        c     4         C:/ST/STM32CubeCLT_1.20.0/st-arm-clang/bin/../lib/clang-runtimes/arm-none-eabi/armv7m_hard_fpv4_sp_d16/lib/libc.a(libc_tinystdio_ryu_log10.c.o):(.text.__log10Pow5)
 800402c  800402c        0     1                 $t
 800402d  800402d        c     1                 __log10Pow5
 8004034  8004034        0     1                 $d
 8004038  8004038       10     4         C:/ST/STM32CubeCLT_1.20.0/st-arm-clang/bin/../lib/clang-runtimes/arm-none-eabi/armv7m_hard_fpv4_sp_d16/lib/libc.a(libc_tinystdio_ryu_pow5bits.c.o):(.text.__pow5bits)
 8004038  8004038        0     1                 $t
 8004039  8004039       10     1                 __pow5bits
 8004044  8004044        0     1                 $d
 8004048  8004048       3c     4         C:/ST/STM32CubeCLT_1.20.0/st-arm-clang/bin/../lib/clang-runtimes/arm-none-eabi/armv7m_hard_fpv4_sp_d16/lib/libc.a(libc_tinystdio_ryu_table.c.o):(.text.__pow5Factor)
 8004048  8004048        0     1                 $t
 8004049  8004049       3c     1                 __pow5Factor
 800407c  800407c        0     1                 $d
 8004084  8004084       dc     4         C:/ST/STM32CubeCLT_1.20.0/st-arm-clang/bin/../lib/clang-runtimes/arm-none-eabi/armv7m_hard_fpv4_sp_d16/lib/libc.a(libc_tinystdio_ryu_table.c.o):(.text.__double_computePow5)
 8004084  8004084        0     1                 $t
 8004085  8004085       dc     1                 __double_computePow5
 8004154  8004154        0     1                 $d
 8004160  8004160       e8     4         C:/ST/STM32CubeCLT_1.20.0/st-arm-clang/bin/../lib/clang-runtimes/arm-none-eabi/armv7m_hard_fpv4_sp_d16/lib/libc.a(libc_tinystdio_ryu_table.c.o):(.text.__double_computeInvPow5)
 8004160  8004160        0     1                 $t
 8004161  8004161       e8     1                 __double_computeInvPow5
 800423c  800423c        0     1                 $d
 8004248  8004248       14     2         C:/ST/STM32CubeCLT_1.20.0/st-arm-clang/bin/../lib/clang-runtimes/arm-none-eabi/armv7m_hard_fpv4_sp_d16/lib/libc.a(libc_tinystdio_ryu_table.c.o):(.text.OUTLINED_FUNCTION_0)
 8004248  8004248        0     1                 $t
 8004249  8004249       14     1                 OUTLINED_FUNCTION_0
 800425c  800425c       10     2         C:/ST/STM32CubeCLT_1.20.0/st-arm-clang/bin/../lib/clang-runtimes/arm-none-eabi/armv7m_hard_fpv4_sp_d16/lib/libc.a(libc_tinystdio_ryu_table.c.o):(.text.OUTLINED_FUNCTION_1)
 800425c  800425c        0     1                 $t
 800425d  800425d       10     1                 OUTLINED_FUNCTION_1
 800426c  800426c       10     2         C:/ST/STM32CubeCLT_1.20.0/st-arm-clang/bin/../lib/clang-runtimes/arm-none-eabi/armv7m_hard_fpv4_sp_d16/lib/libc.a(libc_tinystdio_ryu_table.c.o):(.text.OUTLINED_FUNCTION_2)
 800426c  800426c        0     1                 $t
 800426d  800426d       10     1                 OUTLINED_FUNCTION_2
 800427c  800427c       42     2         C:/ST/STM32CubeCLT_1.20.0/st-arm-clang/bin/../lib/clang-runtimes/arm-none-eabi/armv7m_hard_fpv4_sp_d16/lib/libc.a(libc_tinystdio_ryu_umul128.c.o):(.text.__umul128)
 800427c  800427c        0     1                 $t
 800427d  800427d       42     1                 __umul128
 80042be  80042be       36     2         C:/ST/STM32CubeCLT_1.20.0/st-arm-clang/bin/../lib/clang-runtimes/arm-none-eabi/armv7m_hard_fpv4_sp_d16/lib/libc.a(libc_tinystdio_ryu_umul128.c.o):(.text.__shiftright128)
 80042be  80042be        0     1                 $t
 80042bf  80042bf       36     1                 __shiftright128
 80042f4  80042f4       28     4         C:/ST/STM32CubeCLT_1.20.0/st-arm-clang/bin/../lib/clang-runtimes/arm-none-eabi/armv7m_hard_fpv4_sp_d16/lib/libclang_rt.builtins.a(ashldi3.c.obj):(.text.__ashldi3)
 80042f4  80042f4        0     1                 $t
 80042f5  80042f5       28     1                 __ashldi3
 80042f5  80042f5       28     1                 __aeabi_llsl
 800431c  800431c       28     4         C:/ST/STM32CubeCLT_1.20.0/st-arm-clang/bin/../lib/clang-runtimes/arm-none-eabi/armv7m_hard_fpv4_sp_d16/lib/libclang_rt.builtins.a(lshrdi3.c.obj):(.text.__lshrdi3)
 800431c  800431c        0     1                 $t
 800431d  800431d       28     1                 __lshrdi3
 800431d  800431d       28     1                 __aeabi_llsr
 8004344  8004344      26e     4         C:/ST/STM32CubeCLT_1.20.0/st-arm-clang/bin/../lib/clang-runtimes/arm-none-eabi/armv7m_hard_fpv4_sp_d16/lib/libclang_rt.builtins.a(udivmoddi4.c.obj):(.text.__udivmoddi4)
 8004344  8004344        0     1                 $t
 8004345  8004345      26e     1                 __udivmoddi4
 80045b2  80045b2        2     1         . = ALIGN ( 4 )
 80045b4  80045b4        0     1         _etext = .
 80045b4  80045b4       38     2 __lcxx_override
 80045b4  80045b4       38     2         C:/ST/STM32CubeCLT_1.20.0/st-arm-clang/bin/../lib/clang-runtimes/arm-none-eabi/armv7m_hard_fpv4_sp_d16/lib/libc++abi.a(stdlib_new_delete.cpp.obj):(__lcxx_override)
 80045b4  80045b4        0     1                 $t
 80045b5  80045b5       18     1                 operator new(unsigned int)
 80045cd  80045cd        4     1                 operator new[](unsigned int)
 80045d1  80045d1       18     1                 operator new(unsigned int, std::align_val_t)
 80045e9  80045e9        4     1                 operator new[](unsigned int, std::align_val_t)
 80045f0  80045f0      530     8 .rodata
 80045f0  80045f0        0     1         . = ALIGN ( 4 )
 80045f0  80045f0      33c     8         C:/ST/STM32CubeCLT_1.20.0/st-arm-clang/bin/../lib/clang-runtimes/arm-none-eabi/armv7m_hard_fpv4_sp_d16/lib/libc.a(libc_tinystdio_ryu_table.c.o):(.rodata)
 80045f0  80045f0       d0     1                 DOUBLE_POW5_SPLIT2
 80046c0  80046c0       d0     1                 DOUBLE_POW5_TABLE
 8004790  8004790       54     1                 POW5_OFFSETS
 80047e8  80047e8       f0     1                 DOUBLE_POW5_INV_SPLIT2
 80048d8  80048d8       54     1                 POW5_INV_OFFSETS
 800492c  800492c       10     1         cmake/stm32cubemx/CMakeFiles/STM32_Drivers.dir/__/__/Core/Src/system_stm32f4xx.c.obj:(.rodata.AHBPrescTable)
 800492c  800492c       10     1                 AHBPrescTable
 800493c  800493c        8     1         cmake/stm32cubemx/CMakeFiles/STM32_Drivers.dir/__/__/Core/Src/system_stm32f4xx.c.obj:(.rodata.APBPrescTable)
 800493c  800493c        8     1                 APBPrescTable
 8004944  8004944       e5     1         <internal>:(.rodata.str1.1)
 8004a29  8004a29        2     1         CMakeFiles/LCDBasic.dir/Core/Src/lcd.cpp.obj:(.rodata._ZZ13LCD_SetCursorhhE11row_offsets)
 8004a29  8004a29        2     1                 LCD_SetCursor(unsigned char, unsigned char)::row_offsets
 8004a2c  8004a2c        4     4         CMakeFiles/LCDBasic.dir/Core/Src/syscalls.c.obj:(.rodata.stdin)
 8004a2c  8004a2c        4     1                 stdin
 8004a2c  8004a2c        4     1                 stdout
 8004a2c  8004a2c        4     1                 stderr
 8004a30  8004a30       28     4         C:/ST/STM32CubeCLT_1.20.0/st-arm-clang/bin/../lib/clang-runtimes/arm-none-eabi/armv7m_hard_fpv4_sp_d16/lib/libc++.a(string.cpp.obj):(.rodata._ZNSt3__26__itoa10__pow10_32E)
 8004a30  8004a30       28     1                 std::__2::__itoa::__pow10_32
 8004a58  8004a58       c8     1         C:/ST/STM32CubeCLT_1.20.0/st-arm-clang/bin/../lib/clang-runtimes/arm-none-eabi/armv7m_hard_fpv4_sp_d16/lib/libc++.a(string.cpp.obj):(.rodata._ZNSt3__26__itoa16__digits_base_10E)
 8004a58  8004a58       c8     1                 std::__2::__itoa::__digits_base_10
 8004b20  8004b20        0     1         . = ALIGN ( 4 )
 8004b20  8004b20        0     1 .ARM.extab
 8004b20  8004b20        0     1         . = ALIGN ( 4 )
 8004b20  8004b20        0     1         . = ALIGN ( 4 )
 8004b20  8004b20       10     4 .ARM
 8004b20  8004b20        0     1         . = ALIGN ( 4 )
 8004b20  8004b20        0     1         __exidx_start = .
 8004b20  8004b20       10     4         <internal>:(.ARM.exidx)
 8004b30  8004b30        0     1         __exidx_end = .
 8004b30  8004b30        0     1         . = ALIGN ( 4 )
 8004b30  8004b30        4     4 .preinit_array
 8004b30  8004b30        0     1         . = ALIGN ( 4 )
 8004b30  8004b30        0     1         PROVIDE_HIDDEN ( __preinit_array_start = . )
 8004b30  8004b30        4     4         C:/ST/STM32CubeCLT_1.20.0/st-arm-clang/bin/../lib/clang-runtimes/arm-none-eabi/armv7m_hard_fpv4_sp_d16/lib/libc.a(libc_picolib_machine_arm_read_tp.S.o):(.preinit_array)
 8004b34  8004b34        0     1         PROVIDE_HIDDEN ( __preinit_array_end = . )
 8004b34  8004b34        0     1         . = ALIGN ( 4 )
 8004b34  8004b34        0     1 .init_array
 8004b34  8004b34        0     1         . = ALIGN ( 4 )
 8004b34  8004b34        0     1         PROVIDE_HIDDEN ( __init_array_start = . )
 8004b34  8004b34        0     1         PROVIDE_HIDDEN ( __init_array_end = . )
 8004b34  8004b34        0     1         . = ALIGN ( 4 )
 8004b34  8004b34        0     1 .fini_array
 8004b34  8004b34        0     1         . = ALIGN ( 4 )
 8004b34  8004b34        0     1         . = ALIGN ( 4 )
 8004b34  8004b34        0     1 _sidata = LOADADDR ( .data )
20000000  8004b34       1c     4 .data
20000000  8004b34        0     1         . = ALIGN ( 4 )
20000000  8004b34        0     1         _sdata = .
20000000  8004b34        4     4         cmake/stm32cubemx/CMakeFiles/STM32_Drivers.dir/__/__/Core/Src/system_stm32f4xx.c.obj:(.data.SystemCoreClock)
20000000  8004b34        4     1                 SystemCoreClock
20000004  8004b38        4     4         cmake/stm32cubemx/CMakeFiles/STM32_Drivers.dir/__/__/Drivers/STM32F4xx_HAL_Driver/Src/stm32f4xx_hal.c.obj:(.data.uwTickPrio)
20000004  8004b38        4     1                 uwTickPrio
20000008  8004b3c        1     1         cmake/stm32cubemx/CMakeFiles/STM32_Drivers.dir/__/__/Drivers/STM32F4xx_HAL_Driver/Src/stm32f4xx_hal.c.obj:(.data.uwTickFreq)
20000008  8004b3c        1     1                 uwTickFreq
2000000c  8004b40       10     4         CMakeFiles/LCDBasic.dir/Core/Src/syscalls.c.obj:(.data.__stdio)
2000000c  8004b40       10     1                 __stdio
2000001c  8004b50        0     1         . = ALIGN ( 4 )
2000001c 2000001c        4     4 .got
2000001c 2000001c        4     4         <internal>:(.got)
20000020 20000020        0     4 .tdata
20000020 20000020        0     1         . = ALIGN ( 4 )
20000020 20000020        0     1         _edata = .
20000020 20000020        0     1 PROVIDE ( __tdata_start = ADDR ( .tdata ) )
20000020 20000020        4     4 .tbss
20000020 20000020        0     1         _sbss = .
20000020 20000020        0     1         __bss_start__ = _sbss
20000020 20000020        4     4         C:/ST/STM32CubeCLT_1.20.0/st-arm-clang/bin/../lib/clang-runtimes/arm-none-eabi/armv7m_hard_fpv4_sp_d16/lib/libc.a(libc_errno_errno.c.o):(.tbss)
       0        0        4     1                 errno
20000024 20000024        0     1         . = ALIGN ( 4 )
20000020 20000020        0     1 PROVIDE ( __tls_base = __tdata_start )
20000020 20000020        0     1 PROVIDE ( __tls_align = MAX ( ALIGNOF ( .tdata ) , ALIGNOF ( .tbss ) ) )
20000020 20000020        0     1 PROVIDE ( __arm32_tls_tcb_offset = MAX ( 8 , __tls_align ) )
20000030 20000030      18c    16 .bss
20000030 20000030        c     4         C:/ST/STM32CubeCLT_1.20.0/st-arm-clang/bin/../lib/clang-runtimes/arm-none-eabi/armv7m_hard_fpv4_sp_d16/lib/libc.a(nano-malloc.c.o):(.bss)
20000030 20000030        4     1                 __malloc_free_list
20000034 20000034        4     1                 __malloc_sbrk_top
20000038 20000038        4     1                 __malloc_sbrk_start
2000003c 2000003c        1     1         C:/ST/STM32CubeCLT_1.20.0/st-arm-clang/bin/../lib/clang-runtimes/arm-none-eabi/armv7m_hard_fpv4_sp_d16/lib/libc.a(libc_misc_lock.c.o):(.bss)
2000003c 2000003c        1     1                 __lock___libc_recursive_mutex
20000040 20000040       80     4         C:/ST/STM32CubeCLT_1.20.0/st-arm-clang/bin/../lib/clang-runtimes/arm-none-eabi/armv7m_hard_fpv4_sp_d16/lib/libc.a(libc_signal_signal.c.o):(.bss)
20000040 20000040       80     1                 _sig_func
200000c0 200000c0        4    16         C:/ST/STM32CubeCLT_1.20.0/st-arm-clang/bin/../lib/clang-runtimes/arm-none-eabi/armv7m_hard_fpv4_sp_d16/lib/libc.a(libc_picolib_machine_arm_read_tp.S.o):(.bss)
200000c0 200000c0        4     1                 __tls
200000c4 200000c4        4     4         cmake/stm32cubemx/CMakeFiles/STM32_Drivers.dir/__/__/Drivers/STM32F4xx_HAL_Driver/Src/stm32f4xx_hal.c.obj:(.bss.uwTick)
200000c4 200000c4        4     1                 uwTick
200000c8 200000c8        2     2         CMakeFiles/LCDBasic.dir/Core/Src/main.cpp.obj:(.bss.EncoderVal)
200000c8 200000c8        2     1                 EncoderVal
200000cc 200000cc       58     4         CMakeFiles/LCDBasic.dir/Core/Src/spi.c.obj:(.bss.hspi2)
200000cc 200000cc       58     1                 hspi2
20000124 20000124       48     4         CMakeFiles/LCDBasic.dir/Core/Src/tim.c.obj:(.bss.htim2)
20000124 20000124       48     1                 htim2
2000016c 2000016c       48     4         CMakeFiles/LCDBasic.dir/Core/Src/usart.c.obj:(.bss.huart2)
2000016c 2000016c       48     1                 huart2
200001b4 200001b4        4     4         CMakeFiles/LCDBasic.dir/Core/Src/sysmem.c.obj:(.bss.__sbrk_heap_end)
200001b4 200001b4        4     1                 __sbrk_heap_end
200001b8 200001b8        4     4         C:/ST/STM32CubeCLT_1.20.0/st-arm-clang/bin/../lib/clang-runtimes/arm-none-eabi/armv7m_hard_fpv4_sp_d16/lib/libc++abi.a(cxa_default_handlers.cpp.obj):(.bss.__cxa_new_handler)
200001b8 200001b8        4     1                 __cxa_new_handler
200001bc 200001bc        0     1         . = ALIGN ( 4 )
200001bc 200001bc        0     1         _ebss = .
200001bc 200001bc        0     1         __bss_end__ = _ebss
200001bc 200001bc      604     1 ._user_heap_stack
200001bc 200001bc        4     1         . = ALIGN ( 8 )
200001c0 200001c0        0     1         PROVIDE ( _end = . )
200001c0 200001c0      200     1         . = . + _Min_Heap_Size
200003c0 200003c0      400     1         . = . + _Min_Stack_Size
200007c0 200007c0        0     1         . = ALIGN ( 8 )
       0        0    10404     1 .debug_loclists
       0        0       58     1         cmake/stm32cubemx/CMakeFiles/STM32_Drivers.dir/__/__/Core/Src/system_stm32f4xx.c.obj:(.debug_loclists)
      58       58      c52     1         cmake/stm32cubemx/CMakeFiles/STM32_Drivers.dir/__/__/Drivers/STM32F4xx_HAL_Driver/Src/stm32f4xx_hal_spi.c.obj:(.debug_loclists)
     caa      caa      1bd     1         cmake/stm32cubemx/CMakeFiles/STM32_Drivers.dir/__/__/Drivers/STM32F4xx_HAL_Driver/Src/stm32f4xx_hal_rcc.c.obj:(.debug_loclists)
     e67      e67      614     1         cmake/stm32cubemx/CMakeFiles/STM32_Drivers.dir/__/__/Drivers/STM32F4xx_HAL_Driver/Src/stm32f4xx_hal_rcc_ex.c.obj:(.debug_loclists)
    147b     147b      17e     1         cmake/stm32cubemx/CMakeFiles/STM32_Drivers.dir/__/__/Drivers/STM32F4xx_HAL_Driver/Src/stm32f4xx_hal_flash.c.obj:(.debug_loclists)
    15f9     15f9      29a     1         cmake/stm32cubemx/CMakeFiles/STM32_Drivers.dir/__/__/Drivers/STM32F4xx_HAL_Driver/Src/stm32f4xx_hal_flash_ex.c.obj:(.debug_loclists)
    1893     1893      18f     1         cmake/stm32cubemx/CMakeFiles/STM32_Drivers.dir/__/__/Drivers/STM32F4xx_HAL_Driver/Src/stm32f4xx_hal_gpio.c.obj:(.debug_loclists)
    1a22     1a22      1bb     1         cmake/stm32cubemx/CMakeFiles/STM32_Drivers.dir/__/__/Drivers/STM32F4xx_HAL_Driver/Src/stm32f4xx_hal_dma_ex.c.obj:(.debug_loclists)
    1bdd     1bdd      4f2     1         cmake/stm32cubemx/CMakeFiles/STM32_Drivers.dir/__/__/Drivers/STM32F4xx_HAL_Driver/Src/stm32f4xx_hal_dma.c.obj:(.debug_loclists)
    20cf     20cf       71     1         cmake/stm32cubemx/CMakeFiles/STM32_Drivers.dir/__/__/Drivers/STM32F4xx_HAL_Driver/Src/stm32f4xx_hal_pwr.c.obj:(.debug_loclists)
    2140     2140       cb     1         cmake/stm32cubemx/CMakeFiles/STM32_Drivers.dir/__/__/Drivers/STM32F4xx_HAL_Driver/Src/stm32f4xx_hal_pwr_ex.c.obj:(.debug_loclists)
    220b     220b      279     1         cmake/stm32cubemx/CMakeFiles/STM32_Drivers.dir/__/__/Drivers/STM32F4xx_HAL_Driver/Src/stm32f4xx_hal_cortex.c.obj:(.debug_loclists)
    2484     2484       85     1         cmake/stm32cubemx/CMakeFiles/STM32_Drivers.dir/__/__/Drivers/STM32F4xx_HAL_Driver/Src/stm32f4xx_hal.c.obj:(.debug_loclists)
    2509     2509      1e6     1         cmake/stm32cubemx/CMakeFiles/STM32_Drivers.dir/__/__/Drivers/STM32F4xx_HAL_Driver/Src/stm32f4xx_hal_exti.c.obj:(.debug_loclists)
    26ef     26ef     2c9a     1         cmake/stm32cubemx/CMakeFiles/STM32_Drivers.dir/__/__/Drivers/STM32F4xx_HAL_Driver/Src/stm32f4xx_hal_tim.c.obj:(.debug_loclists)
    5389     5389      cdc     1         cmake/stm32cubemx/CMakeFiles/STM32_Drivers.dir/__/__/Drivers/STM32F4xx_HAL_Driver/Src/stm32f4xx_hal_tim_ex.c.obj:(.debug_loclists)
    6065     6065      ec3     1         cmake/stm32cubemx/CMakeFiles/STM32_Drivers.dir/__/__/Drivers/STM32F4xx_HAL_Driver/Src/stm32f4xx_hal_uart.c.obj:(.debug_loclists)
    6f28     6f28      1e9     1         CMakeFiles/LCDBasic.dir/Core/Src/main.cpp.obj:(.debug_loclists)
    7111     7111       b9     1         CMakeFiles/LCDBasic.dir/Core/Src/lcd.cpp.obj:(.debug_loclists)
    71ca     71ca       35     1         CMakeFiles/LCDBasic.dir/Core/Src/spi.c.obj:(.debug_loclists)
    71ff     71ff       34     1         CMakeFiles/LCDBasic.dir/Core/Src/tim.c.obj:(.debug_loclists)
    7233     7233       34     1         CMakeFiles/LCDBasic.dir/Core/Src/usart.c.obj:(.debug_loclists)
    7267     7267       25     1         CMakeFiles/LCDBasic.dir/Core/Src/sysmem.c.obj:(.debug_loclists)
    728c     728c       dd     1         CMakeFiles/LCDBasic.dir/Core/Src/syscalls.c.obj:(.debug_loclists)
    7369     7369       2f     1         C:/ST/STM32CubeCLT_1.20.0/st-arm-clang/bin/../lib/clang-runtimes/arm-none-eabi/armv7m_hard_fpv4_sp_d16/lib/libc.a(aeabi_memset.c.o):(.debug_loclists)
    7398     7398       1b     1         C:/ST/STM32CubeCLT_1.20.0/st-arm-clang/bin/../lib/clang-runtimes/arm-none-eabi/armv7m_hard_fpv4_sp_d16/lib/libc.a(bzero.c.o):(.debug_loclists)
    73b3     73b3       44     1         C:/ST/STM32CubeCLT_1.20.0/st-arm-clang/bin/../lib/clang-runtimes/arm-none-eabi/armv7m_hard_fpv4_sp_d16/lib/libc.a(memchr.c.o):(.debug_loclists)
    73f7     73f7       5f     1         C:/ST/STM32CubeCLT_1.20.0/st-arm-clang/bin/../lib/clang-runtimes/arm-none-eabi/armv7m_hard_fpv4_sp_d16/lib/libc.a(memcpy.c.o):(.debug_loclists)
    7456     7456       81     1         C:/ST/STM32CubeCLT_1.20.0/st-arm-clang/bin/../lib/clang-runtimes/arm-none-eabi/armv7m_hard_fpv4_sp_d16/lib/libc.a(memmove.c.o):(.debug_loclists)
    74d7     74d7       3e     1         C:/ST/STM32CubeCLT_1.20.0/st-arm-clang/bin/../lib/clang-runtimes/arm-none-eabi/armv7m_hard_fpv4_sp_d16/lib/libc.a(memset.c.o):(.debug_loclists)
    7515     7515       87     1         C:/ST/STM32CubeCLT_1.20.0/st-arm-clang/bin/../lib/clang-runtimes/arm-none-eabi/armv7m_hard_fpv4_sp_d16/lib/libc.a(nano-free.c.o):(.debug_loclists)
    759c     759c      1c6     1         C:/ST/STM32CubeCLT_1.20.0/st-arm-clang/bin/../lib/clang-runtimes/arm-none-eabi/armv7m_hard_fpv4_sp_d16/lib/libc.a(nano-malloc.c.o):(.debug_loclists)
    7762     7762      10a     1         C:/ST/STM32CubeCLT_1.20.0/st-arm-clang/bin/../lib/clang-runtimes/arm-none-eabi/armv7m_hard_fpv4_sp_d16/lib/libc.a(nano-memalign.c.o):(.debug_loclists)
    786c     786c       82     1         C:/ST/STM32CubeCLT_1.20.0/st-arm-clang/bin/../lib/clang-runtimes/arm-none-eabi/armv7m_hard_fpv4_sp_d16/lib/libc.a(libc_signal_signal.c.o):(.debug_loclists)
    78ee     78ee       47     1         C:/ST/STM32CubeCLT_1.20.0/st-arm-clang/bin/../lib/clang-runtimes/arm-none-eabi/armv7m_hard_fpv4_sp_d16/lib/libc.a(libc_string_memcmp.c.o):(.debug_loclists)
    7935     7935       4b     1         C:/ST/STM32CubeCLT_1.20.0/st-arm-clang/bin/../lib/clang-runtimes/arm-none-eabi/armv7m_hard_fpv4_sp_d16/lib/libc.a(libc_tinystdio_snprintf.c.o):(.debug_loclists)
    7980     7980      779     1         C:/ST/STM32CubeCLT_1.20.0/st-arm-clang/bin/../lib/clang-runtimes/arm-none-eabi/armv7m_hard_fpv4_sp_d16/lib/libc.a(libc_tinystdio_strtod.c.o):(.debug_loclists)
    80f9     80f9      501     1         C:/ST/STM32CubeCLT_1.20.0/st-arm-clang/bin/../lib/clang-runtimes/arm-none-eabi/armv7m_hard_fpv4_sp_d16/lib/libc.a(libc_tinystdio_strtof.c.o):(.debug_loclists)
    85fa     85fa      181     1         C:/ST/STM32CubeCLT_1.20.0/st-arm-clang/bin/../lib/clang-runtimes/arm-none-eabi/armv7m_hard_fpv4_sp_d16/lib/libc.a(libc_tinystdio_strtol.c.o):(.debug_loclists)
    877b     877b      226     1         C:/ST/STM32CubeCLT_1.20.0/st-arm-clang/bin/../lib/clang-runtimes/arm-none-eabi/armv7m_hard_fpv4_sp_d16/lib/libc.a(libc_tinystdio_strtoll.c.o):(.debug_loclists)
    89a1     89a1      135     1         C:/ST/STM32CubeCLT_1.20.0/st-arm-clang/bin/../lib/clang-runtimes/arm-none-eabi/armv7m_hard_fpv4_sp_d16/lib/libc.a(libc_tinystdio_strtoul.c.o):(.debug_loclists)
    8ad6     8ad6      189     1         C:/ST/STM32CubeCLT_1.20.0/st-arm-clang/bin/../lib/clang-runtimes/arm-none-eabi/armv7m_hard_fpv4_sp_d16/lib/libc.a(libc_tinystdio_strtoull.c.o):(.debug_loclists)
    8c5f     8c5f      bb5     1         C:/ST/STM32CubeCLT_1.20.0/st-arm-clang/bin/../lib/clang-runtimes/arm-none-eabi/armv7m_hard_fpv4_sp_d16/lib/libc.a(libc_tinystdio_vfprintf.c.o):(.debug_loclists)
    9814     9814      1aa     1         C:/ST/STM32CubeCLT_1.20.0/st-arm-clang/bin/../lib/clang-runtimes/arm-none-eabi/armv7m_hard_fpv4_sp_d16/lib/libc.a(libc_tinystdio_dtox_engine.c.o):(.debug_loclists)
    99be     99be       25     1         C:/ST/STM32CubeCLT_1.20.0/st-arm-clang/bin/../lib/clang-runtimes/arm-none-eabi/armv7m_hard_fpv4_sp_d16/lib/libc.a(libc_string_strnlen.c.o):(.debug_loclists)
    99e3     99e3      307     1         C:/ST/STM32CubeCLT_1.20.0/st-arm-clang/bin/../lib/clang-runtimes/arm-none-eabi/armv7m_hard_fpv4_sp_d16/lib/libc.a(libc_tinystdio_atod_ryu.c.o):(.debug_loclists)
    9cea     9cea      1a2     1         C:/ST/STM32CubeCLT_1.20.0/st-arm-clang/bin/../lib/clang-runtimes/arm-none-eabi/armv7m_hard_fpv4_sp_d16/lib/libc.a(libc_tinystdio_atof_ryu.c.o):(.debug_loclists)
    9e8c     9e8c      ce3     1         C:/ST/STM32CubeCLT_1.20.0/st-arm-clang/bin/../lib/clang-runtimes/arm-none-eabi/armv7m_hard_fpv4_sp_d16/lib/libc.a(libc_tinystdio_dtoa_ryu.c.o):(.debug_loclists)
    ab6f     ab6f      182     1         C:/ST/STM32CubeCLT_1.20.0/st-arm-clang/bin/../lib/clang-runtimes/arm-none-eabi/armv7m_hard_fpv4_sp_d16/lib/libc.a(libc_tinystdio_ryu_divpow2.c.o):(.debug_loclists)
    acf1     acf1       34     1         C:/ST/STM32CubeCLT_1.20.0/st-arm-clang/bin/../lib/clang-runtimes/arm-none-eabi/armv7m_hard_fpv4_sp_d16/lib/libc.a(libc_tinystdio_ryu_log10.c.o):(.debug_loclists)
    ad25     ad25       3e     1         C:/ST/STM32CubeCLT_1.20.0/st-arm-clang/bin/../lib/clang-runtimes/arm-none-eabi/armv7m_hard_fpv4_sp_d16/lib/libc.a(libc_tinystdio_ryu_log2pow5.c.o):(.debug_loclists)
    ad63     ad63       1e     1         C:/ST/STM32CubeCLT_1.20.0/st-arm-clang/bin/../lib/clang-runtimes/arm-none-eabi/armv7m_hard_fpv4_sp_d16/lib/libc.a(libc_tinystdio_ryu_pow5bits.c.o):(.debug_loclists)
    ad81     ad81      214     1         C:/ST/STM32CubeCLT_1.20.0/st-arm-clang/bin/../lib/clang-runtimes/arm-none-eabi/armv7m_hard_fpv4_sp_d16/lib/libc.a(libc_tinystdio_ryu_table.c.o):(.debug_loclists)
    af95     af95      24f     1         C:/ST/STM32CubeCLT_1.20.0/st-arm-clang/bin/../lib/clang-runtimes/arm-none-eabi/armv7m_hard_fpv4_sp_d16/lib/libc.a(libc_tinystdio_ryu_umul128.c.o):(.debug_loclists)
    b1e4     b1e4       20     1         C:/ST/STM32CubeCLT_1.20.0/st-arm-clang/bin/../lib/clang-runtimes/arm-none-eabi/armv7m_hard_fpv4_sp_d16/lib/libc.a(libm_common_s_fpclassify.c.o):(.debug_loclists)
    b204     b204       16     1         C:/ST/STM32CubeCLT_1.20.0/st-arm-clang/bin/../lib/clang-runtimes/arm-none-eabi/armv7m_hard_fpv4_sp_d16/lib/libc.a(libm_common_sf_fpclassify.c.o):(.debug_loclists)
    b21a     b21a      bee     1         C:/ST/STM32CubeCLT_1.20.0/st-arm-clang/bin/../lib/clang-runtimes/arm-none-eabi/armv7m_hard_fpv4_sp_d16/lib/libc.a(libc_tinystdio_vffprintf.c.o):(.debug_loclists)
    be08     be08      11a     1         C:/ST/STM32CubeCLT_1.20.0/st-arm-clang/bin/../lib/clang-runtimes/arm-none-eabi/armv7m_hard_fpv4_sp_d16/lib/libc.a(libc_tinystdio_ftox_engine.c.o):(.debug_loclists)
    bf22     bf22      93e     1         C:/ST/STM32CubeCLT_1.20.0/st-arm-clang/bin/../lib/clang-runtimes/arm-none-eabi/armv7m_hard_fpv4_sp_d16/lib/libc.a(libc_tinystdio_ftoa_ryu.c.o):(.debug_loclists)
    c860     c860      6af     1         C:/ST/STM32CubeCLT_1.20.0/st-arm-clang/bin/../lib/clang-runtimes/arm-none-eabi/armv7m_hard_fpv4_sp_d16/lib/libc.a(libc_tinystdio_vflprintf.c.o):(.debug_loclists)
    cf0f     cf0f      5b4     1         C:/ST/STM32CubeCLT_1.20.0/st-arm-clang/bin/../lib/clang-runtimes/arm-none-eabi/armv7m_hard_fpv4_sp_d16/lib/libc.a(libc_tinystdio_vfiprintf.c.o):(.debug_loclists)
    d4c3     d4c3      36f     1         C:/ST/STM32CubeCLT_1.20.0/st-arm-clang/bin/../lib/clang-runtimes/arm-none-eabi/armv7m_hard_fpv4_sp_d16/lib/libc.a(libc_tinystdio_vfmprintf.c.o):(.debug_loclists)
    d832     d832      eae     1         C:/ST/STM32CubeCLT_1.20.0/st-arm-clang/bin/../lib/clang-runtimes/arm-none-eabi/armv7m_hard_fpv4_sp_d16/lib/libc.a(libc_tinystdio_vfscanf.c.o):(.debug_loclists)
    e6e0     e6e0       51     1         C:/ST/STM32CubeCLT_1.20.0/st-arm-clang/bin/../lib/clang-runtimes/arm-none-eabi/armv7m_hard_fpv4_sp_d16/lib/libc.a(libc_tinystdio_fgetc.c.o):(.debug_loclists)
    e731     e731       2d     1         C:/ST/STM32CubeCLT_1.20.0/st-arm-clang/bin/../lib/clang-runtimes/arm-none-eabi/armv7m_hard_fpv4_sp_d16/lib/libc.a(libc_tinystdio_ungetc.c.o):(.debug_loclists)
    e75e     e75e      c40     1         C:/ST/STM32CubeCLT_1.20.0/st-arm-clang/bin/../lib/clang-runtimes/arm-none-eabi/armv7m_hard_fpv4_sp_d16/lib/libc.a(libc_tinystdio_vffscanf.c.o):(.debug_loclists)
    f39e     f39e      61a     1         C:/ST/STM32CubeCLT_1.20.0/st-arm-clang/bin/../lib/clang-runtimes/arm-none-eabi/armv7m_hard_fpv4_sp_d16/lib/libc.a(libc_tinystdio_vflscanf.c.o):(.debug_loclists)
    f9b8     f9b8      5f5     1         C:/ST/STM32CubeCLT_1.20.0/st-arm-clang/bin/../lib/clang-runtimes/arm-none-eabi/armv7m_hard_fpv4_sp_d16/lib/libc.a(libc_tinystdio_vfiscanf.c.o):(.debug_loclists)
    ffad     ffad      457     1         C:/ST/STM32CubeCLT_1.20.0/st-arm-clang/bin/../lib/clang-runtimes/arm-none-eabi/armv7m_hard_fpv4_sp_d16/lib/libc.a(libc_tinystdio_vfmscanf.c.o):(.debug_loclists)
       0        0     6f30     1 .debug_abbrev
       0        0       da     1         cmake/stm32cubemx/CMakeFiles/STM32_Drivers.dir/__/__/Core/Src/system_stm32f4xx.c.obj:(.debug_abbrev)
      da       da      210     1         cmake/stm32cubemx/CMakeFiles/STM32_Drivers.dir/__/__/Drivers/STM32F4xx_HAL_Driver/Src/stm32f4xx_hal_spi.c.obj:(.debug_abbrev)
     2ea      2ea      1d8     1         cmake/stm32cubemx/CMakeFiles/STM32_Drivers.dir/__/__/Drivers/STM32F4xx_HAL_Driver/Src/stm32f4xx_hal_rcc.c.obj:(.debug_abbrev)
     4c2      4c2      183     1         cmake/stm32cubemx/CMakeFiles/STM32_Drivers.dir/__/__/Drivers/STM32F4xx_HAL_Driver/Src/stm32f4xx_hal_rcc_ex.c.obj:(.debug_abbrev)
     645      645      1f3     1         cmake/stm32cubemx/CMakeFiles/STM32_Drivers.dir/__/__/Drivers/STM32F4xx_HAL_Driver/Src/stm32f4xx_hal_flash.c.obj:(.debug_abbrev)
     838      838      25c     1         cmake/stm32cubemx/CMakeFiles/STM32_Drivers.dir/__/__/Drivers/STM32F4xx_HAL_Driver/Src/stm32f4xx_hal_flash_ex.c.obj:(.debug_abbrev)
     a94      a94       c7     1         cmake/stm32cubemx/CMakeFiles/STM32_Drivers.dir/__/__/Drivers/STM32F4xx_HAL_Driver/Src/stm32f4xx_hal_flash_ramfunc.c.obj:(.debug_abbrev)
     b5b      b5b      188     1         cmake/stm32cubemx/CMakeFiles/STM32_Drivers.dir/__/__/Drivers/STM32F4xx_HAL_Driver/Src/stm32f4xx_hal_gpio.c.obj:(.debug_abbrev)
     ce3      ce3      140     1         cmake/stm32cubemx/CMakeFiles/STM32_Drivers.dir/__/__/Drivers/STM32F4xx_HAL_Driver/Src/stm32f4xx_hal_dma_ex.c.obj:(.debug_abbrev)
     e23      e23      227     1         cmake/stm32cubemx/CMakeFiles/STM32_Drivers.dir/__/__/Drivers/STM32F4xx_HAL_Driver/Src/stm32f4xx_hal_dma.c.obj:(.debug_abbrev)
    104a     104a      145     1         cmake/stm32cubemx/CMakeFiles/STM32_Drivers.dir/__/__/Drivers/STM32F4xx_HAL_Driver/Src/stm32f4xx_hal_pwr.c.obj:(.debug_abbrev)
    118f     118f      149     1         cmake/stm32cubemx/CMakeFiles/STM32_Drivers.dir/__/__/Drivers/STM32F4xx_HAL_Driver/Src/stm32f4xx_hal_pwr_ex.c.obj:(.debug_abbrev)
    12d8     12d8      2ca     1         cmake/stm32cubemx/CMakeFiles/STM32_Drivers.dir/__/__/Drivers/STM32F4xx_HAL_Driver/Src/stm32f4xx_hal_cortex.c.obj:(.debug_abbrev)
    15a2     15a2      192     1         cmake/stm32cubemx/CMakeFiles/STM32_Drivers.dir/__/__/Drivers/STM32F4xx_HAL_Driver/Src/stm32f4xx_hal.c.obj:(.debug_abbrev)
    1734     1734      17f     1         cmake/stm32cubemx/CMakeFiles/STM32_Drivers.dir/__/__/Drivers/STM32F4xx_HAL_Driver/Src/stm32f4xx_hal_exti.c.obj:(.debug_abbrev)
    18b3     18b3      2cf     1         cmake/stm32cubemx/CMakeFiles/STM32_Drivers.dir/__/__/Drivers/STM32F4xx_HAL_Driver/Src/stm32f4xx_hal_tim.c.obj:(.debug_abbrev)
    1b82     1b82      20d     1         cmake/stm32cubemx/CMakeFiles/STM32_Drivers.dir/__/__/Drivers/STM32F4xx_HAL_Driver/Src/stm32f4xx_hal_tim_ex.c.obj:(.debug_abbrev)
    1d8f     1d8f      22e     1         cmake/stm32cubemx/CMakeFiles/STM32_Drivers.dir/__/__/Drivers/STM32F4xx_HAL_Driver/Src/stm32f4xx_hal_uart.c.obj:(.debug_abbrev)
    1fbd     1fbd      7d8     1         CMakeFiles/LCDBasic.dir/Core/Src/main.cpp.obj:(.debug_abbrev)
    2795     2795      4a3     1         CMakeFiles/LCDBasic.dir/Core/Src/lcd.cpp.obj:(.debug_abbrev)
    2c38     2c38       e8     1         CMakeFiles/LCDBasic.dir/Core/Src/gpio.c.obj:(.debug_abbrev)
    2d20     2d20      161     1         CMakeFiles/LCDBasic.dir/Core/Src/spi.c.obj:(.debug_abbrev)
    2e81     2e81      181     1         CMakeFiles/LCDBasic.dir/Core/Src/tim.c.obj:(.debug_abbrev)
    3002     3002      15a     1         CMakeFiles/LCDBasic.dir/Core/Src/usart.c.obj:(.debug_abbrev)
    315c     315c      13c     1         CMakeFiles/LCDBasic.dir/Core/Src/stm32f4xx_it.c.obj:(.debug_abbrev)
    3298     3298       d4     1         CMakeFiles/LCDBasic.dir/Core/Src/stm32f4xx_hal_msp.c.obj:(.debug_abbrev)
    336c     336c       99     1         CMakeFiles/LCDBasic.dir/Core/Src/sysmem.c.obj:(.debug_abbrev)
    3405     3405      1c4     1         CMakeFiles/LCDBasic.dir/Core/Src/syscalls.c.obj:(.debug_abbrev)
    35c9     35c9       1f     1         CMakeFiles/LCDBasic.dir/startup_stm32f446xx.s.obj:(.debug_abbrev)
    35e8     35e8       94     1         C:/ST/STM32CubeCLT_1.20.0/st-arm-clang/bin/../lib/clang-runtimes/arm-none-eabi/armv7m_hard_fpv4_sp_d16/lib/libc.a(aeabi_memset.c.o):(.debug_abbrev)
    367c     367c       94     1         C:/ST/STM32CubeCLT_1.20.0/st-arm-clang/bin/../lib/clang-runtimes/arm-none-eabi/armv7m_hard_fpv4_sp_d16/lib/libc.a(bzero.c.o):(.debug_abbrev)
    3710     3710       91     1         C:/ST/STM32CubeCLT_1.20.0/st-arm-clang/bin/../lib/clang-runtimes/arm-none-eabi/armv7m_hard_fpv4_sp_d16/lib/libc.a(memchr.c.o):(.debug_abbrev)
    37a1     37a1       a0     1         C:/ST/STM32CubeCLT_1.20.0/st-arm-clang/bin/../lib/clang-runtimes/arm-none-eabi/armv7m_hard_fpv4_sp_d16/lib/libc.a(memcpy.c.o):(.debug_abbrev)
    3841     3841       91     1         C:/ST/STM32CubeCLT_1.20.0/st-arm-clang/bin/../lib/clang-runtimes/arm-none-eabi/armv7m_hard_fpv4_sp_d16/lib/libc.a(memmove.c.o):(.debug_abbrev)
    38d2     38d2       85     1         C:/ST/STM32CubeCLT_1.20.0/st-arm-clang/bin/../lib/clang-runtimes/arm-none-eabi/armv7m_hard_fpv4_sp_d16/lib/libc.a(memset.c.o):(.debug_abbrev)
    3957     3957       21     1         C:/ST/STM32CubeCLT_1.20.0/st-arm-clang/bin/../lib/clang-runtimes/arm-none-eabi/armv7m_hard_fpv4_sp_d16/lib/libc.a(strlen.S.o):(.debug_abbrev)
    3978     3978      11e     1         C:/ST/STM32CubeCLT_1.20.0/st-arm-clang/bin/../lib/clang-runtimes/arm-none-eabi/armv7m_hard_fpv4_sp_d16/lib/libc.a(nano-free.c.o):(.debug_abbrev)
    3a96     3a96      143     1         C:/ST/STM32CubeCLT_1.20.0/st-arm-clang/bin/../lib/clang-runtimes/arm-none-eabi/armv7m_hard_fpv4_sp_d16/lib/libc.a(nano-malloc.c.o):(.debug_abbrev)
    3bd9     3bd9       fe     1         C:/ST/STM32CubeCLT_1.20.0/st-arm-clang/bin/../lib/clang-runtimes/arm-none-eabi/armv7m_hard_fpv4_sp_d16/lib/libc.a(nano-memalign.c.o):(.debug_abbrev)
    3cd7     3cd7       2e     1         C:/ST/STM32CubeCLT_1.20.0/st-arm-clang/bin/../lib/clang-runtimes/arm-none-eabi/armv7m_hard_fpv4_sp_d16/lib/libc.a(libc_errno_errno.c.o):(.debug_abbrev)
    3d05     3d05       54     1         C:/ST/STM32CubeCLT_1.20.0/st-arm-clang/bin/../lib/clang-runtimes/arm-none-eabi/armv7m_hard_fpv4_sp_d16/lib/libc.a(libc_misc_init.c.o):(.debug_abbrev)
    3d59     3d59       8c     1         C:/ST/STM32CubeCLT_1.20.0/st-arm-clang/bin/../lib/clang-runtimes/arm-none-eabi/armv7m_hard_fpv4_sp_d16/lib/libc.a(libc_misc_lock.c.o):(.debug_abbrev)
    3de5     3de5       32     1         C:/ST/STM32CubeCLT_1.20.0/st-arm-clang/bin/../lib/clang-runtimes/arm-none-eabi/armv7m_hard_fpv4_sp_d16/lib/libc.a(libc_stdlib_abort.c.o):(.debug_abbrev)
    3e17     3e17       b9     1         C:/ST/STM32CubeCLT_1.20.0/st-arm-clang/bin/../lib/clang-runtimes/arm-none-eabi/armv7m_hard_fpv4_sp_d16/lib/libc.a(libc_signal_signal.c.o):(.debug_abbrev)
[...]
    368c     368c       64     4         C:/ST/STM32CubeCLT_1.20.0/st-arm-clang/bin/../lib/clang-runtimes/arm-none-eabi/armv7m_hard_fpv4_sp_d16/lib/libc.a(libc_tinystdio_ryu_divpow2.c.o):(.debug_frame)
    36f0     36f0       34     4         C:/ST/STM32CubeCLT_1.20.0/st-arm-clang/bin/../lib/clang-runtimes/arm-none-eabi/armv7m_hard_fpv4_sp_d16/lib/libc.a(libc_tinystdio_ryu_log10.c.o):(.debug_frame)
    3724     3724       34     4         C:/ST/STM32CubeCLT_1.20.0/st-arm-clang/bin/../lib/clang-runtimes/arm-none-eabi/armv7m_hard_fpv4_sp_d16/lib/libc.a(libc_tinystdio_ryu_log2pow5.c.o):(.debug_frame)
    3758     3758       24     4         C:/ST/STM32CubeCLT_1.20.0/st-arm-clang/bin/../lib/clang-runtimes/arm-none-eabi/armv7m_hard_fpv4_sp_d16/lib/libc.a(libc_tinystdio_ryu_pow5bits.c.o):(.debug_frame)
    377c     377c       c0     4         C:/ST/STM32CubeCLT_1.20.0/st-arm-clang/bin/../lib/clang-runtimes/arm-none-eabi/armv7m_hard_fpv4_sp_d16/lib/libc.a(libc_tinystdio_ryu_table.c.o):(.debug_frame)
    383c     383c       60     4         C:/ST/STM32CubeCLT_1.20.0/st-arm-clang/bin/../lib/clang-runtimes/arm-none-eabi/armv7m_hard_fpv4_sp_d16/lib/libc.a(libc_tinystdio_ryu_umul128.c.o):(.debug_frame)
    389c     389c       24     4         C:/ST/STM32CubeCLT_1.20.0/st-arm-clang/bin/../lib/clang-runtimes/arm-none-eabi/armv7m_hard_fpv4_sp_d16/lib/libc.a(libm_common_s_fpclassify.c.o):(.debug_frame)
    38c0     38c0       24     4         C:/ST/STM32CubeCLT_1.20.0/st-arm-clang/bin/../lib/clang-runtimes/arm-none-eabi/armv7m_hard_fpv4_sp_d16/lib/libc.a(libm_common_sf_fpclassify.c.o):(.debug_frame)
    38e4     38e4       dc     4         C:/ST/STM32CubeCLT_1.20.0/st-arm-clang/bin/../lib/clang-runtimes/arm-none-eabi/armv7m_hard_fpv4_sp_d16/lib/libc.a(libc_tinystdio_vffprintf.c.o):(.debug_frame)
    39c0     39c0       38     4         C:/ST/STM32CubeCLT_1.20.0/st-arm-clang/bin/../lib/clang-runtimes/arm-none-eabi/armv7m_hard_fpv4_sp_d16/lib/libc.a(libc_tinystdio_ftox_engine.c.o):(.debug_frame)
    39f8     39f8       70     4         C:/ST/STM32CubeCLT_1.20.0/st-arm-clang/bin/../lib/clang-runtimes/arm-none-eabi/armv7m_hard_fpv4_sp_d16/lib/libc.a(libc_tinystdio_ftoa_ryu.c.o):(.debug_frame)
    3a68     3a68       64     4         C:/ST/STM32CubeCLT_1.20.0/st-arm-clang/bin/../lib/clang-runtimes/arm-none-eabi/armv7m_hard_fpv4_sp_d16/lib/libc.a(libc_tinystdio_vflprintf.c.o):(.debug_frame)
    3acc     3acc       64     4         C:/ST/STM32CubeCLT_1.20.0/st-arm-clang/bin/../lib/clang-runtimes/arm-none-eabi/armv7m_hard_fpv4_sp_d16/lib/libc.a(libc_tinystdio_vfiprintf.c.o):(.debug_frame)
    3b30     3b30       64     4         C:/ST/STM32CubeCLT_1.20.0/st-arm-clang/bin/../lib/clang-runtimes/arm-none-eabi/armv7m_hard_fpv4_sp_d16/lib/libc.a(libc_tinystdio_vfmprintf.c.o):(.debug_frame)
    3b94     3b94       e4     4         C:/ST/STM32CubeCLT_1.20.0/st-arm-clang/bin/../lib/clang-runtimes/arm-none-eabi/armv7m_hard_fpv4_sp_d16/lib/libc.a(libc_tinystdio_vfscanf.c.o):(.debug_frame)
    3c78     3c78       34     4         C:/ST/STM32CubeCLT_1.20.0/st-arm-clang/bin/../lib/clang-runtimes/arm-none-eabi/armv7m_hard_fpv4_sp_d16/lib/libc.a(libc_tinystdio_fgetc.c.o):(.debug_frame)
    3cac     3cac       24     4         C:/ST/STM32CubeCLT_1.20.0/st-arm-clang/bin/../lib/clang-runtimes/arm-none-eabi/armv7m_hard_fpv4_sp_d16/lib/libc.a(libc_tinystdio_ungetc.c.o):(.debug_frame)
    3cd0     3cd0       c4     4         C:/ST/STM32CubeCLT_1.20.0/st-arm-clang/bin/../lib/clang-runtimes/arm-none-eabi/armv7m_hard_fpv4_sp_d16/lib/libc.a(libc_tinystdio_vffscanf.c.o):(.debug_frame)
    3d94     3d94       b4     4         C:/ST/STM32CubeCLT_1.20.0/st-arm-clang/bin/../lib/clang-runtimes/arm-none-eabi/armv7m_hard_fpv4_sp_d16/lib/libc.a(libc_tinystdio_vflscanf.c.o):(.debug_frame)
    3e48     3e48       a4     4         C:/ST/STM32CubeCLT_1.20.0/st-arm-clang/bin/../lib/clang-runtimes/arm-none-eabi/armv7m_hard_fpv4_sp_d16/lib/libc.a(libc_tinystdio_vfiscanf.c.o):(.debug_frame)
    3eec     3eec       a4     4         C:/ST/STM32CubeCLT_1.20.0/st-arm-clang/bin/../lib/clang-runtimes/arm-none-eabi/armv7m_hard_fpv4_sp_d16/lib/libc.a(libc_tinystdio_vfmscanf.c.o):(.debug_frame)
       0        0    15a68     1 .debug_line
       0        0       f4     1         cmake/stm32cubemx/CMakeFiles/STM32_Drivers.dir/__/__/Core/Src/system_stm32f4xx.c.obj:(.debug_line)
      f4       f4     18dd     1         cmake/stm32cubemx/CMakeFiles/STM32_Drivers.dir/__/__/Drivers/STM32F4xx_HAL_Driver/Src/stm32f4xx_hal_spi.c.obj:(.debug_line)
    19d1     19d1      7af     1         cmake/stm32cubemx/CMakeFiles/STM32_Drivers.dir/__/__/Drivers/STM32F4xx_HAL_Driver/Src/stm32f4xx_hal_rcc.c.obj:(.debug_line)
    2180     2180      d39     1         cmake/stm32cubemx/CMakeFiles/STM32_Drivers.dir/__/__/Drivers/STM32F4xx_HAL_Driver/Src/stm32f4xx_hal_rcc_ex.c.obj:(.debug_line)
    2eb9     2eb9      549     1         cmake/stm32cubemx/CMakeFiles/STM32_Drivers.dir/__/__/Drivers/STM32F4xx_HAL_Driver/Src/stm32f4xx_hal_flash.c.obj:(.debug_line)
    3402     3402      4d6     1         cmake/stm32cubemx/CMakeFiles/STM32_Drivers.dir/__/__/Drivers/STM32F4xx_HAL_Driver/Src/stm32f4xx_hal_flash_ex.c.obj:(.debug_line)
    38d8     38d8      105     1         cmake/stm32cubemx/CMakeFiles/STM32_Drivers.dir/__/__/Drivers/STM32F4xx_HAL_Driver/Src/stm32f4xx_hal_flash_ramfunc.c.obj:(.debug_line)
    39dd     39dd      388     1         cmake/stm32cubemx/CMakeFiles/STM32_Drivers.dir/__/__/Drivers/STM32F4xx_HAL_Driver/Src/stm32f4xx_hal_gpio.c.obj:(.debug_line)
    3d65     3d65      523     1         cmake/stm32cubemx/CMakeFiles/STM32_Drivers.dir/__/__/Drivers/STM32F4xx_HAL_Driver/Src/stm32f4xx_hal_dma_ex.c.obj:(.debug_line)
    4288     4288      894     1         cmake/stm32cubemx/CMakeFiles/STM32_Drivers.dir/__/__/Drivers/STM32F4xx_HAL_Driver/Src/stm32f4xx_hal_dma.c.obj:(.debug_line)
    4b1c     4b1c      29e     1         cmake/stm32cubemx/CMakeFiles/STM32_Drivers.dir/__/__/Drivers/STM32F4xx_HAL_Driver/Src/stm32f4xx_hal_pwr.c.obj:(.debug_line)
    4dba     4dba      2f4     1         cmake/stm32cubemx/CMakeFiles/STM32_Drivers.dir/__/__/Drivers/STM32F4xx_HAL_Driver/Src/stm32f4xx_hal_pwr_ex.c.obj:(.debug_line)
    50ae     50ae      513     1         cmake/stm32cubemx/CMakeFiles/STM32_Drivers.dir/__/__/Drivers/STM32F4xx_HAL_Driver/Src/stm32f4xx_hal_cortex.c.obj:(.debug_line)
    55c1     55c1      374     1         cmake/stm32cubemx/CMakeFiles/STM32_Drivers.dir/__/__/Drivers/STM32F4xx_HAL_Driver/Src/stm32f4xx_hal.c.obj:(.debug_line)
    5935     5935      3d2     1         cmake/stm32cubemx/CMakeFiles/STM32_Drivers.dir/__/__/Drivers/STM32F4xx_HAL_Driver/Src/stm32f4xx_hal_exti.c.obj:(.debug_line)
    5d07     5d07     3808     1         cmake/stm32cubemx/CMakeFiles/STM32_Drivers.dir/__/__/Drivers/STM32F4xx_HAL_Driver/Src/stm32f4xx_hal_tim.c.obj:(.debug_line)
    950f     950f     139f     1         cmake/stm32cubemx/CMakeFiles/STM32_Drivers.dir/__/__/Drivers/STM32F4xx_HAL_Driver/Src/stm32f4xx_hal_tim_ex.c.obj:(.debug_line)
    a8ae     a8ae     1fa3     1         cmake/stm32cubemx/CMakeFiles/STM32_Drivers.dir/__/__/Drivers/STM32F4xx_HAL_Driver/Src/stm32f4xx_hal_uart.c.obj:(.debug_line)
    c851     c851      36c     1         CMakeFiles/LCDBasic.dir/Core/Src/main.cpp.obj:(.debug_line)
    cbbd     cbbd      2b5     1         CMakeFiles/LCDBasic.dir/Core/Src/lcd.cpp.obj:(.debug_line)
    ce72     ce72      112     1         CMakeFiles/LCDBasic.dir/Core/Src/gpio.c.obj:(.debug_line)
    cf84     cf84      1ef     1         CMakeFiles/LCDBasic.dir/Core/Src/spi.c.obj:(.debug_line)
    d173     d173      1d8     1         CMakeFiles/LCDBasic.dir/Core/Src/tim.c.obj:(.debug_line)
    d34b     d34b      1c8     1         CMakeFiles/LCDBasic.dir/Core/Src/usart.c.obj:(.debug_line)
    d513     d513      1c9     1         CMakeFiles/LCDBasic.dir/Core/Src/stm32f4xx_it.c.obj:(.debug_line)
    d6dc     d6dc       d4     1         CMakeFiles/LCDBasic.dir/Core/Src/stm32f4xx_hal_msp.c.obj:(.debug_line)
    d7b0     d7b0       fb     1         CMakeFiles/LCDBasic.dir/Core/Src/sysmem.c.obj:(.debug_line)
    d8ab     d8ab      31b     1         CMakeFiles/LCDBasic.dir/Core/Src/syscalls.c.obj:(.debug_line)
    dbc6     dbc6       6b     1         CMakeFiles/LCDBasic.dir/startup_stm32f446xx.s.obj:(.debug_line)
    dc31     dc31       8a     1         C:/ST/STM32CubeCLT_1.20.0/st-arm-clang/bin/../lib/clang-runtimes/arm-none-eabi/armv7m_hard_fpv4_sp_d16/lib/libc.a(aeabi_memset.c.o):(.debug_line)
    dcbb     dcbb       a1     1         C:/ST/STM32CubeCLT_1.20.0/st-arm-clang/bin/../lib/clang-runtimes/arm-none-eabi/armv7m_hard_fpv4_sp_d16/lib/libc.a(bzero.c.o):(.debug_line)
    dd5c     dd5c       a6     1         C:/ST/STM32CubeCLT_1.20.0/st-arm-clang/bin/../lib/clang-runtimes/arm-none-eabi/armv7m_hard_fpv4_sp_d16/lib/libc.a(memchr.c.o):(.debug_line)
    de02     de02       99     1         C:/ST/STM32CubeCLT_1.20.0/st-arm-clang/bin/../lib/clang-runtimes/arm-none-eabi/armv7m_hard_fpv4_sp_d16/lib/libc.a(memcpy.c.o):(.debug_line)
    de9b     de9b       b9     1         C:/ST/STM32CubeCLT_1.20.0/st-arm-clang/bin/../lib/clang-runtimes/arm-none-eabi/armv7m_hard_fpv4_sp_d16/lib/libc.a(memmove.c.o):(.debug_line)
    df54     df54       91     1         C:/ST/STM32CubeCLT_1.20.0/st-arm-clang/bin/../lib/clang-runtimes/arm-none-eabi/armv7m_hard_fpv4_sp_d16/lib/libc.a(memset.c.o):(.debug_line)
    dfe5     dfe5       4f     1         C:/ST/STM32CubeCLT_1.20.0/st-arm-clang/bin/../lib/clang-runtimes/arm-none-eabi/armv7m_hard_fpv4_sp_d16/lib/libc.a(strlen.S.o):(.debug_line)
    e034     e034      15d     1         C:/ST/STM32CubeCLT_1.20.0/st-arm-clang/bin/../lib/clang-runtimes/arm-none-eabi/armv7m_hard_fpv4_sp_d16/lib/libc.a(nano-free.c.o):(.debug_line)
    e191     e191      25e     1         C:/ST/STM32CubeCLT_1.20.0/st-arm-clang/bin/../lib/clang-runtimes/arm-none-eabi/armv7m_hard_fpv4_sp_d16/lib/libc.a(nano-malloc.c.o):(.debug_line)
    e3ef     e3ef      12c     1         C:/ST/STM32CubeCLT_1.20.0/st-arm-clang/bin/../lib/clang-runtimes/arm-none-eabi/armv7m_hard_fpv4_sp_d16/lib/libc.a(nano-memalign.c.o):(.debug_line)
    e51b     e51b       43     1         C:/ST/STM32CubeCLT_1.20.0/st-arm-clang/bin/../lib/clang-runtimes/arm-none-eabi/armv7m_hard_fpv4_sp_d16/lib/libc.a(libc_errno_errno.c.o):(.debug_line)
    e55e     e55e       97     1         C:/ST/STM32CubeCLT_1.20.0/st-arm-clang/bin/../lib/clang-runtimes/arm-none-eabi/armv7m_hard_fpv4_sp_d16/lib/libc.a(libc_misc_init.c.o):(.debug_line)
    e5f5     e5f5      104     1         C:/ST/STM32CubeCLT_1.20.0/st-arm-clang/bin/../lib/clang-runtimes/arm-none-eabi/armv7m_hard_fpv4_sp_d16/lib/libc.a(libc_misc_lock.c.o):(.debug_line)
    e6f9     e6f9       59     1         C:/ST/STM32CubeCLT_1.20.0/st-arm-clang/bin/../lib/clang-runtimes/arm-none-eabi/armv7m_hard_fpv4_sp_d16/lib/libc.a(libc_stdlib_abort.c.o):(.debug_line)
    e752     e752       fc     1         C:/ST/STM32CubeCLT_1.20.0/st-arm-clang/bin/../lib/clang-runtimes/arm-none-eabi/armv7m_hard_fpv4_sp_d16/lib/libc.a(libc_signal_signal.c.o):(.debug_line)
    e84e     e84e       9f     1         C:/ST/STM32CubeCLT_1.20.0/st-arm-clang/bin/../lib/clang-runtimes/arm-none-eabi/armv7m_hard_fpv4_sp_d16/lib/libc.a(libc_string_memcmp.c.o):(.debug_line)
    e8ed     e8ed       59     1         C:/ST/STM32CubeCLT_1.20.0/st-arm-clang/bin/../lib/clang-runtimes/arm-none-eabi/armv7m_hard_fpv4_sp_d16/lib/libc.a(libc_picolib_machine_arm_read_tp.S.o):(.debug_line)
    e946     e946       ad     1         C:/ST/STM32CubeCLT_1.20.0/st-arm-clang/bin/../lib/clang-runtimes/arm-none-eabi/armv7m_hard_fpv4_sp_d16/lib/libc.a(libc_picolib_machine_arm_tls.c.o):(.debug_line)
    e9f3     e9f3       fd     1         C:/ST/STM32CubeCLT_1.20.0/st-arm-clang/bin/../lib/clang-runtimes/arm-none-eabi/armv7m_hard_fpv4_sp_d16/lib/libc.a(libc_tinystdio_snprintf.c.o):(.debug_line)
    eaf0     eaf0       e0     1         C:/ST/STM32CubeCLT_1.20.0/st-arm-clang/bin/../lib/clang-runtimes/arm-none-eabi/armv7m_hard_fpv4_sp_d16/lib/libc.a(libc_tinystdio_filestrput.c.o):(.debug_line)
    ebd0     ebd0      45b     1         C:/ST/STM32CubeCLT_1.20.0/st-arm-clang/bin/../lib/clang-runtimes/arm-none-eabi/armv7m_hard_fpv4_sp_d16/lib/libc.a(libc_tinystdio_strtod.c.o):(.debug_line)
    f02b     f02b       43     1         C:/ST/STM32CubeCLT_1.20.0/st-arm-clang/bin/../lib/clang-runtimes/arm-none-eabi/armv7m_hard_fpv4_sp_d16/lib/libc.a(libc_ctype_ctype_.c.o):(.debug_line)
    f06e     f06e      3f5     1         C:/ST/STM32CubeCLT_1.20.0/st-arm-clang/bin/../lib/clang-runtimes/arm-none-eabi/armv7m_hard_fpv4_sp_d16/lib/libc.a(libc_tinystdio_strtof.c.o):(.debug_line)
    f463     f463      18f     1         C:/ST/STM32CubeCLT_1.20.0/st-arm-clang/bin/../lib/clang-runtimes/arm-none-eabi/armv7m_hard_fpv4_sp_d16/lib/libc.a(libc_tinystdio_strtol.c.o):(.debug_line)
    f5f2     f5f2      1bd     1         C:/ST/STM32CubeCLT_1.20.0/st-arm-clang/bin/../lib/clang-runtimes/arm-none-eabi/armv7m_hard_fpv4_sp_d16/lib/libc.a(libc_tinystdio_strtoll.c.o):(.debug_line)
    f7af     f7af      170     1         C:/ST/STM32CubeCLT_1.20.0/st-arm-clang/bin/../lib/clang-runtimes/arm-none-eabi/armv7m_hard_fpv4_sp_d16/lib/libc.a(libc_tinystdio_strtoul.c.o):(.debug_line)
    f91f     f91f      182     1         C:/ST/STM32CubeCLT_1.20.0/st-arm-clang/bin/../lib/clang-runtimes/arm-none-eabi/armv7m_hard_fpv4_sp_d16/lib/libc.a(libc_tinystdio_strtoull.c.o):(.debug_line)
    faa1     faa1      958     1         C:/ST/STM32CubeCLT_1.20.0/st-arm-clang/bin/../lib/clang-runtimes/arm-none-eabi/armv7m_hard_fpv4_sp_d16/lib/libc.a(libc_tinystdio_vfprintf.c.o):(.debug_line)
   103f9    103f9      1e1     1         C:/ST/STM32CubeCLT_1.20.0/st-arm-clang/bin/../lib/clang-runtimes/arm-none-eabi/armv7m_hard_fpv4_sp_d16/lib/libc.a(libc_tinystdio_dtox_engine.c.o):(.debug_line)
   105da    105da       94     1         C:/ST/STM32CubeCLT_1.20.0/st-arm-clang/bin/../lib/clang-runtimes/arm-none-eabi/armv7m_hard_fpv4_sp_d16/lib/libc.a(libc_string_strnlen.c.o):(.debug_line)
   1066e    1066e      21c     1         C:/ST/STM32CubeCLT_1.20.0/st-arm-clang/bin/../lib/clang-runtimes/arm-none-eabi/armv7m_hard_fpv4_sp_d16/lib/libc.a(libc_tinystdio_atod_ryu.c.o):(.debug_line)
   1088a    1088a      1e1     1         C:/ST/STM32CubeCLT_1.20.0/st-arm-clang/bin/../lib/clang-runtimes/arm-none-eabi/armv7m_hard_fpv4_sp_d16/lib/libc.a(libc_tinystdio_atof_ryu.c.o):(.debug_line)
   10a6b    10a6b      5fa     1         C:/ST/STM32CubeCLT_1.20.0/st-arm-clang/bin/../lib/clang-runtimes/arm-none-eabi/armv7m_hard_fpv4_sp_d16/lib/libc.a(libc_tinystdio_dtoa_ryu.c.o):(.debug_line)
   11065    11065      10d     1         C:/ST/STM32CubeCLT_1.20.0/st-arm-clang/bin/../lib/clang-runtimes/arm-none-eabi/armv7m_hard_fpv4_sp_d16/lib/libc.a(libc_tinystdio_ryu_divpow2.c.o):(.debug_line)
   11172    11172       b3     1         C:/ST/STM32CubeCLT_1.20.0/st-arm-clang/bin/../lib/clang-runtimes/arm-none-eabi/armv7m_hard_fpv4_sp_d16/lib/libc.a(libc_tinystdio_ryu_log10.c.o):(.debug_line)
   11225    11225       ba     1         C:/ST/STM32CubeCLT_1.20.0/st-arm-clang/bin/../lib/clang-runtimes/arm-none-eabi/armv7m_hard_fpv4_sp_d16/lib/libc.a(libc_tinystdio_ryu_log2pow5.c.o):(.debug_line)
   112df    112df       99     1         C:/ST/STM32CubeCLT_1.20.0/st-arm-clang/bin/../lib/clang-runtimes/arm-none-eabi/armv7m_hard_fpv4_sp_d16/lib/libc.a(libc_tinystdio_ryu_pow5bits.c.o):(.debug_line)
   11378    11378      1f5     1         C:/ST/STM32CubeCLT_1.20.0/st-arm-clang/bin/../lib/clang-runtimes/arm-none-eabi/armv7m_hard_fpv4_sp_d16/lib/libc.a(libc_tinystdio_ryu_table.c.o):(.debug_line)
   1156d    1156d       e1     1         C:/ST/STM32CubeCLT_1.20.0/st-arm-clang/bin/../lib/clang-runtimes/arm-none-eabi/armv7m_hard_fpv4_sp_d16/lib/libc.a(libc_tinystdio_ryu_umul128.c.o):(.debug_line)
   1164e    1164e       ec     1         C:/ST/STM32CubeCLT_1.20.0/st-arm-clang/bin/../lib/clang-runtimes/arm-none-eabi/armv7m_hard_fpv4_sp_d16/lib/libc.a(libm_common_s_fpclassify.c.o):(.debug_line)
   1173a    1173a       df     1         C:/ST/STM32CubeCLT_1.20.0/st-arm-clang/bin/../lib/clang-runtimes/arm-none-eabi/armv7m_hard_fpv4_sp_d16/lib/libc.a(libm_common_sf_fpclassify.c.o):(.debug_line)
   11819    11819      9bb     1         C:/ST/STM32CubeCLT_1.20.0/st-arm-clang/bin/../lib/clang-runtimes/arm-none-eabi/armv7m_hard_fpv4_sp_d16/lib/libc.a(libc_tinystdio_vffprintf.c.o):(.debug_line)
   121d4    121d4      1c8     1         C:/ST/STM32CubeCLT_1.20.0/st-arm-clang/bin/../lib/clang-runtimes/arm-none-eabi/armv7m_hard_fpv4_sp_d16/lib/libc.a(libc_tinystdio_ftox_engine.c.o):(.debug_line)
   1239c    1239c      4c6     1         C:/ST/STM32CubeCLT_1.20.0/st-arm-clang/bin/../lib/clang-runtimes/arm-none-eabi/armv7m_hard_fpv4_sp_d16/lib/libc.a(libc_tinystdio_ftoa_ryu.c.o):(.debug_line)
   12862    12862      5a7     1         C:/ST/STM32CubeCLT_1.20.0/st-arm-clang/bin/../lib/clang-runtimes/arm-none-eabi/armv7m_hard_fpv4_sp_d16/lib/libc.a(libc_tinystdio_vflprintf.c.o):(.debug_line)
   12e09    12e09      529     1         C:/ST/STM32CubeCLT_1.20.0/st-arm-clang/bin/../lib/clang-runtimes/arm-none-eabi/armv7m_hard_fpv4_sp_d16/lib/libc.a(libc_tinystdio_vfiprintf.c.o):(.debug_line)
   13332    13332      333     1         C:/ST/STM32CubeCLT_1.20.0/st-arm-clang/bin/../lib/clang-runtimes/arm-none-eabi/armv7m_hard_fpv4_sp_d16/lib/libc.a(libc_tinystdio_vfmprintf.c.o):(.debug_line)
   13665    13665      a05     1         C:/ST/STM32CubeCLT_1.20.0/st-arm-clang/bin/../lib/clang-runtimes/arm-none-eabi/armv7m_hard_fpv4_sp_d16/lib/libc.a(libc_tinystdio_vfscanf.c.o):(.debug_line)
   1406a    1406a      12c     1         C:/ST/STM32CubeCLT_1.20.0/st-arm-clang/bin/../lib/clang-runtimes/arm-none-eabi/armv7m_hard_fpv4_sp_d16/lib/libc.a(libc_tinystdio_fgetc.c.o):(.debug_line)
   14196    14196       fb     1         C:/ST/STM32CubeCLT_1.20.0/st-arm-clang/bin/../lib/clang-runtimes/arm-none-eabi/armv7m_hard_fpv4_sp_d16/lib/libc.a(libc_tinystdio_ungetc.c.o):(.debug_line)
   14291    14291      927     1         C:/ST/STM32CubeCLT_1.20.0/st-arm-clang/bin/../lib/clang-runtimes/arm-none-eabi/armv7m_hard_fpv4_sp_d16/lib/libc.a(libc_tinystdio_vffscanf.c.o):(.debug_line)
   14bb8    14bb8      530     1         C:/ST/STM32CubeCLT_1.20.0/st-arm-clang/bin/../lib/clang-runtimes/arm-none-eabi/armv7m_hard_fpv4_sp_d16/lib/libc.a(libc_tinystdio_vflscanf.c.o):(.debug_line)
   150e8    150e8      512     1         C:/ST/STM32CubeCLT_1.20.0/st-arm-clang/bin/../lib/clang-runtimes/arm-none-eabi/armv7m_hard_fpv4_sp_d16/lib/libc.a(libc_tinystdio_vfiscanf.c.o):(.debug_line)
   155fa    155fa      46e     1         C:/ST/STM32CubeCLT_1.20.0/st-arm-clang/bin/../lib/clang-runtimes/arm-none-eabi/armv7m_hard_fpv4_sp_d16/lib/libc.a(libc_tinystdio_vfmscanf.c.o):(.debug_line)
       0        0     2c11     1 .debug_line_str
       0        0     2c11     1         <internal>:(.debug_line_str)
       0        0       70     1 .debug_aranges
       0        0       28     1         CMakeFiles/LCDBasic.dir/startup_stm32f446xx.s.obj:(.debug_aranges)
      28       28       20     1         C:/ST/STM32CubeCLT_1.20.0/st-arm-clang/bin/../lib/clang-runtimes/arm-none-eabi/armv7m_hard_fpv4_sp_d16/lib/libc.a(strlen.S.o):(.debug_aranges)
      48       48       28     1         C:/ST/STM32CubeCLT_1.20.0/st-arm-clang/bin/../lib/clang-runtimes/arm-none-eabi/armv7m_hard_fpv4_sp_d16/lib/libc.a(libc_picolib_machine_arm_read_tp.S.o):(.debug_aranges)
       0        0     2310     4 .symtab
       0        0     2310     4         <internal>:(.symtab)
       0        0      160     1 .shstrtab
       0        0      160     1         <internal>:(.shstrtab)
       0        0     1d53     1 .strtab
       0        0     1d53     1         <internal>:(.strtab)
