STMicroelectronics Memory Configuration

Name     Origin   Length   Bytes-Used %age-Used Attributes
RAM 0x20000000 0x020000 0x000768        1%  rwx     
FLASH 0x8000000 0x080000 0x004610        3%  rx      

     VMA      LMA     Size Align Out     In      Symbol
       0        0        0     1 _estack = ORIGIN ( RAM ) + LENGTH ( RAM )
       0        0        0     1 _Min_Heap_Size = 0x200
       0        0        0     1 _Min_Stack_Size = 0x400
 8000000  8000000      1c4     1 .isr_vector
 8000000  8000000        0     1         . = ALIGN ( 4 )
 8000000  8000000      1c4     1         CMakeFiles/LCDBasic.dir/startup_stm32f446xx.s.obj:(.isr_vector)
 8000000  8000000      1c4     1                 g_pfnVectors
 80001c4  80001c4        0     1         . = ALIGN ( 4 )
 80001d0  80001d0     3ea4    16 .text
 80001d0  80001d0        0     1         . = ALIGN ( 4 )
 80001d0  80001d0       10     4         C:/ST/STM32CubeCLT_1.20.0/st-arm-clang/bin/../lib/clang-runtimes/arm-none-eabi/armv7m_hard_fpv4_sp_d16/lib/libc.a(strlen.S.o):(.text)
 80001d0  80001d0        0     1                 $t
 80001d1  80001d1       10     1                 strlen
 80001e0  80001e0       14     4         C:/ST/STM32CubeCLT_1.20.0/st-arm-clang/bin/../lib/clang-runtimes/arm-none-eabi/armv7m_hard_fpv4_sp_d16/lib/libclang_rt.builtins.a(aeabi_uldivmod.S.obj):(.text)
 80001e0  80001e0        0     1                 $t
 80001e1  80001e1       14     1                 __aeabi_uldivmod
 80001f4  80001f4       12     4         cmake/stm32cubemx/CMakeFiles/STM32_Drivers.dir/__/__/Core/Src/system_stm32f4xx.c.obj:(.text.SystemInit)
 80001f4  80001f4        0     1                 $t
 80001f5  80001f5       12     1                 SystemInit
 8000208  8000208      12e     4         cmake/stm32cubemx/CMakeFiles/STM32_Drivers.dir/__/__/Drivers/STM32F4xx_HAL_Driver/Src/stm32f4xx_hal_tim.c.obj:(.text.TIM_Base_SetConfig)
 8000208  8000208        0     1                 $t
 8000209  8000209      12e     1                 TIM_Base_SetConfig
 8000338  8000338       be     4         cmake/stm32cubemx/CMakeFiles/STM32_Drivers.dir/__/__/Drivers/STM32F4xx_HAL_Driver/Src/stm32f4xx_hal_tim.c.obj:(.text.HAL_TIM_Encoder_Init)
 8000338  8000338        0     1                 $t
 8000339  8000339       be     1                 HAL_TIM_Encoder_Init
 80003f8  80003f8       e8     4         cmake/stm32cubemx/CMakeFiles/STM32_Drivers.dir/__/__/Drivers/STM32F4xx_HAL_Driver/Src/stm32f4xx_hal_tim.c.obj:(.text.HAL_TIM_Encoder_Start_IT)
 80003f8  80003f8        0     1                 $t
 80003f9  80003f9       e8     1                 HAL_TIM_Encoder_Start_IT
 80004e0  80004e0      156     4         cmake/stm32cubemx/CMakeFiles/STM32_Drivers.dir/__/__/Drivers/STM32F4xx_HAL_Driver/Src/stm32f4xx_hal_tim.c.obj:(.text.HAL_TIM_IRQHandler)
 80004e0  80004e0        0     1                 $t
 80004e1  80004e1      156     1                 HAL_TIM_IRQHandler
 8000638  8000638        2     4         cmake/stm32cubemx/CMakeFiles/STM32_Drivers.dir/__/__/Drivers/STM32F4xx_HAL_Driver/Src/stm32f4xx_hal_tim.c.obj:(.text.HAL_TIM_IC_CaptureCallback)
 8000638  8000638        0     1                 $t
 8000639  8000639        2     1                 HAL_TIM_IC_CaptureCallback
 800063c  800063c        2     4         cmake/stm32cubemx/CMakeFiles/STM32_Drivers.dir/__/__/Drivers/STM32F4xx_HAL_Driver/Src/stm32f4xx_hal_tim.c.obj:(.text.HAL_TIM_OC_DelayElapsedCallback)
 800063c  800063c        0     1                 $t
 800063d  800063d        2     1                 HAL_TIM_OC_DelayElapsedCallback
 8000640  8000640        2     4         cmake/stm32cubemx/CMakeFiles/STM32_Drivers.dir/__/__/Drivers/STM32F4xx_HAL_Driver/Src/stm32f4xx_hal_tim.c.obj:(.text.HAL_TIM_PWM_PulseFinishedCallback)
 8000640  8000640        0     1                 $t
 8000641  8000641        2     1                 HAL_TIM_PWM_PulseFinishedCallback
 8000644  8000644        2     4         cmake/stm32cubemx/CMakeFiles/STM32_Drivers.dir/__/__/Drivers/STM32F4xx_HAL_Driver/Src/stm32f4xx_hal_tim.c.obj:(.text.HAL_TIM_PeriodElapsedCallback)
 8000644  8000644        0     1                 $t
 8000645  8000645        2     1                 HAL_TIM_PeriodElapsedCallback
 8000648  8000648        2     4         cmake/stm32cubemx/CMakeFiles/STM32_Drivers.dir/__/__/Drivers/STM32F4xx_HAL_Driver/Src/stm32f4xx_hal_tim.c.obj:(.text.HAL_TIM_TriggerCallback)
 8000648  8000648        0     1                 $t
 8000649  8000649        2     1                 HAL_TIM_TriggerCallback
 800064c  800064c       be     4         cmake/stm32cubemx/CMakeFiles/STM32_Drivers.dir/__/__/Drivers/STM32F4xx_HAL_Driver/Src/stm32f4xx_hal_tim_ex.c.obj:(.text.HAL_TIMEx_MasterConfigSynchronization)
 800064c  800064c        0     1                 $t
 800064d  800064d       be     1                 HAL_TIMEx_MasterConfigSynchronization
 800070c  800070c        2     4         cmake/stm32cubemx/CMakeFiles/STM32_Drivers.dir/__/__/Drivers/STM32F4xx_HAL_Driver/Src/stm32f4xx_hal_tim_ex.c.obj:(.text.HAL_TIMEx_CommutCallback)
 800070c  800070c        0     1                 $t
 800070d  800070d        2     1                 HAL_TIMEx_CommutCallback
 8000710  8000710        2     4         cmake/stm32cubemx/CMakeFiles/STM32_Drivers.dir/__/__/Drivers/STM32F4xx_HAL_Driver/Src/stm32f4xx_hal_tim_ex.c.obj:(.text.HAL_TIMEx_BreakCallback)
 8000710  8000710        0     1                 $t
 8000711  8000711        2     1                 HAL_TIMEx_BreakCallback
 8000714  8000714      15c     4         cmake/stm32cubemx/CMakeFiles/STM32_Drivers.dir/__/__/Drivers/STM32F4xx_HAL_Driver/Src/stm32f4xx_hal_rcc.c.obj:(.text.HAL_RCC_ClockConfig)
 8000714  8000714        0     1                 $t
 8000715  8000715      15c     1                 HAL_RCC_ClockConfig
 8000870  8000870       26     4         cmake/stm32cubemx/CMakeFiles/STM32_Drivers.dir/__/__/Drivers/STM32F4xx_HAL_Driver/Src/stm32f4xx_hal_rcc.c.obj:(.text.HAL_RCC_GetPCLK1Freq)
 8000870  8000870        0     1                 $t
 8000871  8000871       26     1                 HAL_RCC_GetPCLK1Freq
 8000898  8000898       26     4         cmake/stm32cubemx/CMakeFiles/STM32_Drivers.dir/__/__/Drivers/STM32F4xx_HAL_Driver/Src/stm32f4xx_hal_rcc.c.obj:(.text.HAL_RCC_GetPCLK2Freq)
 8000898  8000898        0     1                 $t
 8000899  8000899       26     1                 HAL_RCC_GetPCLK2Freq
 80008c0  80008c0       9e     4         cmake/stm32cubemx/CMakeFiles/STM32_Drivers.dir/__/__/Drivers/STM32F4xx_HAL_Driver/Src/stm32f4xx_hal_rcc_ex.c.obj:(.text.HAL_RCC_GetSysClockFreq)
 80008c0  80008c0        0     1                 $t
 80008c1  80008c1       9e     1                 HAL_RCC_GetSysClockFreq
 80008de  80008de        0     1                 $d
 80008e2  80008e2        0     1                 $t
 8000960  8000960      3c4     4         cmake/stm32cubemx/CMakeFiles/STM32_Drivers.dir/__/__/Drivers/STM32F4xx_HAL_Driver/Src/stm32f4xx_hal_rcc_ex.c.obj:(.text.HAL_RCC_OscConfig)
 8000960  8000960        0     1                 $t
 8000961  8000961      3c4     1                 HAL_RCC_OscConfig
 8000d24  8000d24      19a     4         cmake/stm32cubemx/CMakeFiles/STM32_Drivers.dir/__/__/Drivers/STM32F4xx_HAL_Driver/Src/stm32f4xx_hal_gpio.c.obj:(.text.HAL_GPIO_Init)
 8000d24  8000d24        0     1                 $t
 8000d25  8000d25      19a     1                 HAL_GPIO_Init
 8000ec0  8000ec0        a     4         cmake/stm32cubemx/CMakeFiles/STM32_Drivers.dir/__/__/Drivers/STM32F4xx_HAL_Driver/Src/stm32f4xx_hal_gpio.c.obj:(.text.HAL_GPIO_WritePin)
 8000ec0  8000ec0        0     1                 $t
 8000ec1  8000ec1        a     1                 HAL_GPIO_WritePin
 8000ecc  8000ecc       20     4         cmake/stm32cubemx/CMakeFiles/STM32_Drivers.dir/__/__/Drivers/STM32F4xx_HAL_Driver/Src/stm32f4xx_hal_cortex.c.obj:(.text.HAL_NVIC_SetPriorityGrouping)
 8000ecc  8000ecc        0     1                 $t
 8000ecd  8000ecd       20     1                 HAL_NVIC_SetPriorityGrouping
 8000eec  8000eec       58     4         cmake/stm32cubemx/CMakeFiles/STM32_Drivers.dir/__/__/Drivers/STM32F4xx_HAL_Driver/Src/stm32f4xx_hal_cortex.c.obj:(.text.HAL_NVIC_SetPriority)
 8000eec  8000eec        0     1                 $t
 8000eed  8000eed       58     1                 HAL_NVIC_SetPriority
 8000f44  8000f44       22     4         cmake/stm32cubemx/CMakeFiles/STM32_Drivers.dir/__/__/Drivers/STM32F4xx_HAL_Driver/Src/stm32f4xx_hal_cortex.c.obj:(.text.HAL_NVIC_EnableIRQ)
 8000f44  8000f44        0     1                 $t
 8000f45  8000f45       22     1                 HAL_NVIC_EnableIRQ
 8000f68  8000f68       2c     4         cmake/stm32cubemx/CMakeFiles/STM32_Drivers.dir/__/__/Drivers/STM32F4xx_HAL_Driver/Src/stm32f4xx_hal_cortex.c.obj:(.text.HAL_SYSTICK_Config)
 8000f68  8000f68        0     1                 $t
 8000f69  8000f69       2c     1                 HAL_SYSTICK_Config
 8000f94  8000f94       38     4         cmake/stm32cubemx/CMakeFiles/STM32_Drivers.dir/__/__/Drivers/STM32F4xx_HAL_Driver/Src/stm32f4xx_hal.c.obj:(.text.HAL_Init)
 8000f94  8000f94        0     1                 $t
 8000f95  8000f95       38     1                 HAL_Init
 8000fcc  8000fcc       52     4         cmake/stm32cubemx/CMakeFiles/STM32_Drivers.dir/__/__/Drivers/STM32F4xx_HAL_Driver/Src/stm32f4xx_hal.c.obj:(.text.HAL_InitTick)
 8000fcc  8000fcc        0     1                 $t
 8000fcd  8000fcd       52     1                 HAL_InitTick
 8001020  8001020       1a     4         cmake/stm32cubemx/CMakeFiles/STM32_Drivers.dir/__/__/Drivers/STM32F4xx_HAL_Driver/Src/stm32f4xx_hal.c.obj:(.text.HAL_IncTick)
 8001020  8001020        0     1                 $t
 8001021  8001021       1a     1                 HAL_IncTick
 800103c  800103c        c     4         cmake/stm32cubemx/CMakeFiles/STM32_Drivers.dir/__/__/Drivers/STM32F4xx_HAL_Driver/Src/stm32f4xx_hal.c.obj:(.text.HAL_GetTick)
 800103c  800103c        0     1                 $t
 800103d  800103d        c     1                 HAL_GetTick
 8001048  8001048       28     4         cmake/stm32cubemx/CMakeFiles/STM32_Drivers.dir/__/__/Drivers/STM32F4xx_HAL_Driver/Src/stm32f4xx_hal.c.obj:(.text.HAL_Delay)
 8001048  8001048        0     1                 $t
 8001049  8001049       28     1                 HAL_Delay
 8001070  8001070       62     4         cmake/stm32cubemx/CMakeFiles/STM32_Drivers.dir/__/__/Drivers/STM32F4xx_HAL_Driver/Src/stm32f4xx_hal_uart.c.obj:(.text.HAL_UART_Init)
 8001070  8001070        0     1                 $t
 8001071  8001071       62     1                 HAL_UART_Init
 80010d4  80010d4       e0     4         cmake/stm32cubemx/CMakeFiles/STM32_Drivers.dir/__/__/Drivers/STM32F4xx_HAL_Driver/Src/stm32f4xx_hal_uart.c.obj:(.text.UART_SetConfig)
 80010d4  80010d4        0     1                 $t
 80010d5  80010d5       e0     1                 UART_SetConfig
 80011b4  80011b4       d4     4         CMakeFiles/LCDBasic.dir/Core/Src/main.cpp.obj:(.text.main)
 80011b4  80011b4        0     1                 $t
 80011b5  80011b5       d4     1                 main
 8001288  8001288       ae     4         CMakeFiles/LCDBasic.dir/Core/Src/main.cpp.obj:(.text._Z18SystemClock_Configv)
 8001288  8001288        0     1                 $t
 8001289  8001289       ae     1                 SystemClock_Config()
 8001338  8001338        6     4         CMakeFiles/LCDBasic.dir/Core/Src/main.cpp.obj:(.text.Error_Handler)
 8001338  8001338        0     1                 $t
 8001339  8001339        6     1                 Error_Handler
 8001340  8001340      502     4         CMakeFiles/LCDBasic.dir/Core/Src/lcd.cpp.obj:(.text._Z8LCD_Initv)
 8001340  8001340        0     1                 $t
 8001341  8001341      502     1                 LCD_Init()
 8001844  8001844       74     4         CMakeFiles/LCDBasic.dir/Core/Src/lcd.cpp.obj:(.text._ZL14LCD_Write4Bitsh)
 8001844  8001844        0     1                 $t
 8001845  8001845       74     1                 LCD_Write4Bits(unsigned char)
 80018b8  80018b8       44     4         CMakeFiles/LCDBasic.dir/Core/Src/lcd.cpp.obj:(.text._Z13LCD_SetCursorhh)
 80018b8  80018b8        0     1                 $t
 80018b9  80018b9       44     1                 LCD_SetCursor(unsigned char, unsigned char)
 80018fc  80018fc       4e     4         CMakeFiles/LCDBasic.dir/Core/Src/lcd.cpp.obj:(.text._Z9LCD_PrintNSt3__217basic_string_viewIcNS_11char_traitsIcEEEE)
 80018fc  80018fc        0     1                 $t
 80018fd  80018fd       4e     1                 LCD_Print(std::__2::basic_string_view<char, std::__2::char_traits<char>>)
 800194c  800194c       e2     4         CMakeFiles/LCDBasic.dir/Core/Src/gpio.c.obj:(.text.MX_GPIO_Init)
 800194c  800194c        0     1                 $t
 800194d  800194d       e2     1                 MX_GPIO_Init
 8001a30  8001a30       72     4         CMakeFiles/LCDBasic.dir/Core/Src/tim.c.obj:(.text.MX_TIM2_Init)
 8001a30  8001a30        0     1                 $t
 8001a31  8001a31       72     1                 MX_TIM2_Init
 8001aa4  8001aa4       7e     4         CMakeFiles/LCDBasic.dir/Core/Src/tim.c.obj:(.text.HAL_TIM_Encoder_MspInit)
 8001aa4  8001aa4        0     1                 $t
 8001aa5  8001aa5       7e     1                 HAL_TIM_Encoder_MspInit
 8001b24  8001b24       3e     4         CMakeFiles/LCDBasic.dir/Core/Src/usart.c.obj:(.text.MX_USART2_UART_Init)
 8001b24  8001b24        0     1                 $t
 8001b25  8001b25       3e     1                 MX_USART2_UART_Init
 8001b64  8001b64       74     4         CMakeFiles/LCDBasic.dir/Core/Src/usart.c.obj:(.text.HAL_UART_MspInit)
 8001b64  8001b64        0     1                 $t
 8001b65  8001b65       74     1                 HAL_UART_MspInit
 8001bd8  8001bd8        2     4         CMakeFiles/LCDBasic.dir/Core/Src/stm32f4xx_it.c.obj:(.text.NMI_Handler)
 8001bd8  8001bd8        0     1                 $t
 8001bd9  8001bd9        2     1                 NMI_Handler
 8001bdc  8001bdc        2     4         CMakeFiles/LCDBasic.dir/Core/Src/stm32f4xx_it.c.obj:(.text.HardFault_Handler)
 8001bdc  8001bdc        0     1                 $t
 8001bdd  8001bdd        2     1                 HardFault_Handler
 8001be0  8001be0        2     4         CMakeFiles/LCDBasic.dir/Core/Src/stm32f4xx_it.c.obj:(.text.MemManage_Handler)
 8001be0  8001be0        0     1                 $t
 8001be1  8001be1        2     1                 MemManage_Handler
 8001be4  8001be4        2     4         CMakeFiles/LCDBasic.dir/Core/Src/stm32f4xx_it.c.obj:(.text.BusFault_Handler)
 8001be4  8001be4        0     1                 $t
 8001be5  8001be5        2     1                 BusFault_Handler
 8001be8  8001be8        2     4         CMakeFiles/LCDBasic.dir/Core/Src/stm32f4xx_it.c.obj:(.text.UsageFault_Handler)
 8001be8  8001be8        0     1                 $t
 8001be9  8001be9        2     1                 UsageFault_Handler
 8001bec  8001bec        2     4         CMakeFiles/LCDBasic.dir/Core/Src/stm32f4xx_it.c.obj:(.text.SVC_Handler)
 8001bec  8001bec        0     1                 $t
 8001bed  8001bed        2     1                 SVC_Handler
 8001bf0  8001bf0        2     4         CMakeFiles/LCDBasic.dir/Core/Src/stm32f4xx_it.c.obj:(.text.DebugMon_Handler)
 8001bf0  8001bf0        0     1                 $t
 8001bf1  8001bf1        2     1                 DebugMon_Handler
 8001bf4  8001bf4        2     4         CMakeFiles/LCDBasic.dir/Core/Src/stm32f4xx_it.c.obj:(.text.PendSV_Handler)
 8001bf4  8001bf4        0     1                 $t
 8001bf5  8001bf5        2     1                 PendSV_Handler
 8001bf8  8001bf8        4     4         CMakeFiles/LCDBasic.dir/Core/Src/stm32f4xx_it.c.obj:(.text.SysTick_Handler)
 8001bf8  8001bf8        0     1                 $t
 8001bf9  8001bf9        4     1                 SysTick_Handler
 8001bfc  8001bfc        c     4         CMakeFiles/LCDBasic.dir/Core/Src/stm32f4xx_it.c.obj:(.text.TIM2_IRQHandler)
 8001bfc  8001bfc        0     1                 $t
 8001bfd  8001bfd        c     1                 TIM2_IRQHandler
 8001c08  8001c08       3c     4         CMakeFiles/LCDBasic.dir/Core/Src/stm32f4xx_hal_msp.c.obj:(.text.HAL_MspInit)
 8001c08  8001c08        0     1                 $t
 8001c09  8001c09       3c     1                 HAL_MspInit
 8001c44  8001c44       58     4         CMakeFiles/LCDBasic.dir/Core/Src/sysmem.c.obj:(.text._sbrk)
 8001c44  8001c44        0     1                 $t
 8001c45  8001c45       58     1                 _sbrk
 8001c45  8001c45       58     1                 sbrk
 8001c98  8001c98        0     1                 $d
 8001c9c  8001c9c       18     4         CMakeFiles/LCDBasic.dir/Core/Src/syscalls.c.obj:(.text._exit)
 8001c9c  8001c9c        0     1                 $t
 8001c9d  8001c9d       18     1                 _exit
 8001c9d  8001c9d       18     1                 exit
 8001cb0  8001cb0        0     1                 $d
 8001cb4  8001cb4        e     4         CMakeFiles/LCDBasic.dir/Core/Src/syscalls.c.obj:(.text.starm_putc)
 8001cb4  8001cb4        0     1                 $t
 8001cb5  8001cb5        e     1                 starm_putc
 8001cc4  8001cc4        c     4         CMakeFiles/LCDBasic.dir/Core/Src/syscalls.c.obj:(.text.starm_getc)
 8001cc4  8001cc4        0     1                 $t
 8001cc5  8001cc5        c     1                 starm_getc
 8001cd0  8001cd0       50     4         CMakeFiles/LCDBasic.dir/startup_stm32f446xx.s.obj:(.text.Reset_Handler)
 8001cd0  8001cd0        0     1                 $t
 8001cd1  8001cd1       38     1                 Reset_Handler
 8001ce2  8001ce2        0     1                 CopyDataInit
 8001ce8  8001ce8        0     1                 LoopCopyDataInit
 8001cf6  8001cf6        0     1                 FillZerobss
 8001cfa  8001cfa        0     1                 LoopFillZerobss
 8001d08  8001d08        0     1                 $d
 8001d20  8001d20        2     1         CMakeFiles/LCDBasic.dir/startup_stm32f446xx.s.obj:(.text.Default_Handler)
 8001d20  8001d20        0     1                 Infinite_Loop
 8001d20  8001d20        0     1                 $t
 8001d20  8001d20        2     1                 Default_Handler
 8001d21  8001d21        2     1                 WWDG_IRQHandler
 8001d21  8001d21        2     1                 PVD_IRQHandler
 8001d21  8001d21        2     1                 TAMP_STAMP_IRQHandler
 8001d21  8001d21        2     1                 RTC_WKUP_IRQHandler
 8001d21  8001d21        2     1                 FLASH_IRQHandler
 8001d21  8001d21        2     1                 RCC_IRQHandler
 8001d21  8001d21        2     1                 EXTI0_IRQHandler
 8001d21  8001d21        2     1                 EXTI1_IRQHandler
 8001d21  8001d21        2     1                 EXTI2_IRQHandler
 8001d21  8001d21        2     1                 EXTI3_IRQHandler
 8001d21  8001d21        2     1                 EXTI4_IRQHandler
 8001d21  8001d21        2     1                 DMA1_Stream0_IRQHandler
 8001d21  8001d21        2     1                 DMA1_Stream1_IRQHandler
 8001d21  8001d21        2     1                 DMA1_Stream2_IRQHandler
 8001d21  8001d21        2     1                 DMA1_Stream3_IRQHandler
 8001d21  8001d21        2     1                 DMA1_Stream4_IRQHandler
 8001d21  8001d21        2     1                 DMA1_Stream5_IRQHandler
 8001d21  8001d21        2     1                 DMA1_Stream6_IRQHandler
 8001d21  8001d21        2     1                 ADC_IRQHandler
 8001d21  8001d21        2     1                 CAN1_TX_IRQHandler
 8001d21  8001d21        2     1                 CAN1_RX0_IRQHandler
 8001d21  8001d21        2     1                 CAN1_RX1_IRQHandler
 8001d21  8001d21        2     1                 CAN1_SCE_IRQHandler
 8001d21  8001d21        2     1                 EXTI9_5_IRQHandler
 8001d21  8001d21        2     1                 TIM1_BRK_TIM9_IRQHandler
 8001d21  8001d21        2     1                 TIM1_UP_TIM10_IRQHandler
 8001d21  8001d21        2     1                 TIM1_TRG_COM_TIM11_IRQHandler
 8001d21  8001d21        2     1                 TIM1_CC_IRQHandler
 8001d21  8001d21        2     1                 TIM3_IRQHandler
 8001d21  8001d21        2     1                 TIM4_IRQHandler
 8001d21  8001d21        2     1                 I2C1_EV_IRQHandler
 8001d21  8001d21        2     1                 I2C1_ER_IRQHandler
 8001d21  8001d21        2     1                 I2C2_EV_IRQHandler
 8001d21  8001d21        2     1                 I2C2_ER_IRQHandler
 8001d21  8001d21        2     1                 SPI1_IRQHandler
 8001d21  8001d21        2     1                 SPI2_IRQHandler
 8001d21  8001d21        2     1                 USART1_IRQHandler
 8001d21  8001d21        2     1                 USART2_IRQHandler
 8001d21  8001d21        2     1                 USART3_IRQHandler
 8001d21  8001d21        2     1                 EXTI15_10_IRQHandler
 8001d21  8001d21        2     1                 RTC_Alarm_IRQHandler
 8001d21  8001d21        2     1                 OTG_FS_WKUP_IRQHandler
 8001d21  8001d21        2     1                 TIM8_BRK_TIM12_IRQHandler
 8001d21  8001d21        2     1                 TIM8_UP_TIM13_IRQHandler
 8001d21  8001d21        2     1                 TIM8_TRG_COM_TIM14_IRQHandler
 8001d21  8001d21        2     1                 TIM8_CC_IRQHandler
 8001d21  8001d21        2     1                 DMA1_Stream7_IRQHandler
 8001d21  8001d21        2     1                 FMC_IRQHandler
 8001d21  8001d21        2     1                 SDIO_IRQHandler
 8001d21  8001d21        2     1                 TIM5_IRQHandler
 8001d21  8001d21        2     1                 SPI3_IRQHandler
 8001d21  8001d21        2     1                 UART4_IRQHandler
 8001d21  8001d21        2     1                 UART5_IRQHandler
 8001d21  8001d21        2     1                 TIM6_DAC_IRQHandler
 8001d21  8001d21        2     1                 TIM7_IRQHandler
 8001d21  8001d21        2     1                 DMA2_Stream0_IRQHandler
 8001d21  8001d21        2     1                 DMA2_Stream1_IRQHandler
 8001d21  8001d21        2     1                 DMA2_Stream2_IRQHandler
 8001d21  8001d21        2     1                 DMA2_Stream3_IRQHandler
 8001d21  8001d21        2     1                 DMA2_Stream4_IRQHandler
 8001d21  8001d21        2     1                 CAN2_TX_IRQHandler
 8001d21  8001d21        2     1                 CAN2_RX0_IRQHandler
 8001d21  8001d21        2     1                 CAN2_RX1_IRQHandler
 8001d21  8001d21        2     1                 CAN2_SCE_IRQHandler
 8001d21  8001d21        2     1                 OTG_FS_IRQHandler
 8001d21  8001d21        2     1                 DMA2_Stream5_IRQHandler
 8001d21  8001d21        2     1                 DMA2_Stream6_IRQHandler
 8001d21  8001d21        2     1                 DMA2_Stream7_IRQHandler
 8001d21  8001d21        2     1                 USART6_IRQHandler
 8001d21  8001d21        2     1                 I2C3_EV_IRQHandler
 8001d21  8001d21        2     1                 I2C3_ER_IRQHandler
 8001d21  8001d21        2     1                 OTG_HS_EP1_OUT_IRQHandler
 8001d21  8001d21        2     1                 OTG_HS_EP1_IN_IRQHandler
 8001d21  8001d21        2     1                 OTG_HS_WKUP_IRQHandler
 8001d21  8001d21        2     1                 OTG_HS_IRQHandler
 8001d21  8001d21        2     1                 DCMI_IRQHandler
 8001d21  8001d21        2     1                 FPU_IRQHandler
 8001d21  8001d21        2     1                 SPI4_IRQHandler
 8001d21  8001d21        2     1                 SAI1_IRQHandler
 8001d21  8001d21        2     1                 SAI2_IRQHandler
 8001d21  8001d21        2     1                 QUADSPI_IRQHandler
 8001d21  8001d21        2     1                 CEC_IRQHandler
 8001d21  8001d21        2     1                 SPDIF_RX_IRQHandler
 8001d21  8001d21        2     1                 FMPI2C1_EV_IRQHandler
 8001d21  8001d21        2     1                 FMPI2C1_ER_IRQHandler
 8001d22  8001d22       10     2         C:/ST/STM32CubeCLT_1.20.0/st-arm-clang/bin/../lib/clang-runtimes/arm-none-eabi/armv7m_hard_fpv4_sp_d16/lib/libc++.a(string.cpp.obj):(.text._ZNKSt3__212basic_stringIcNS_11char_traitsIcEENS_9allocatorIcEEE20__throw_out_of_rangeB8nn190106Ev)
 8001d22  8001d22        0     1                 $t
 8001d23  8001d23       10     1                 std::__2::basic_string<char, std::__2::char_traits<char>, std::__2::allocator<char>>::__throw_out_of_range[abi:nn190106]() const
 8001d32  8001d32       d8     2         C:/ST/STM32CubeCLT_1.20.0/st-arm-clang/bin/../lib/clang-runtimes/arm-none-eabi/armv7m_hard_fpv4_sp_d16/lib/libc++.a(string.cpp.obj):(.text._ZNSt3__212basic_stringIcNS_11char_traitsIcEENS_9allocatorIcEEE21__grow_by_and_replaceEjjjjjjPKc)
 8001d32  8001d32        0     1                 $t
 8001d33  8001d33       d8     1                 std::__2::basic_string<char, std::__2::char_traits<char>, std::__2::allocator<char>>::__grow_by_and_replace(unsigned int, unsigned int, unsigned int, unsigned int, unsigned int, unsigned int, char const*)
 8001e0a  8001e0a       10     2         C:/ST/STM32CubeCLT_1.20.0/st-arm-clang/bin/../lib/clang-runtimes/arm-none-eabi/armv7m_hard_fpv4_sp_d16/lib/libc++.a(string.cpp.obj):(.text._ZNKSt3__212basic_stringIcNS_11char_traitsIcEENS_9allocatorIcEEE20__throw_length_errorB8nn190106Ev)
 8001e0a  8001e0a        0     1                 $t
 8001e0b  8001e0b       10     1                 std::__2::basic_string<char, std::__2::char_traits<char>, std::__2::allocator<char>>::__throw_length_error[abi:nn190106]() const
 8001e1a  8001e1a       b8     2         C:/ST/STM32CubeCLT_1.20.0/st-arm-clang/bin/../lib/clang-runtimes/arm-none-eabi/armv7m_hard_fpv4_sp_d16/lib/libc++.a(string.cpp.obj):(.text._ZNSt3__212basic_stringIcNS_11char_traitsIcEENS_9allocatorIcEEE6insertEjPKcj)
 8001e1a  8001e1a        0     1                 $t
 8001e1b  8001e1b       b8     1                 std::__2::basic_string<char, std::__2::char_traits<char>, std::__2::allocator<char>>::insert(unsigned int, char const*, unsigned int)
 8001ed2  8001ed2       28     2         C:/ST/STM32CubeCLT_1.20.0/st-arm-clang/bin/../lib/clang-runtimes/arm-none-eabi/armv7m_hard_fpv4_sp_d16/lib/libc++.a(string.cpp.obj):(.text._ZNSt3__212basic_stringIcNS_11char_traitsIcEENS_9allocatorIcEEE6insertEjPKc)
 8001ed2  8001ed2        0     1                 $t
 8001ed3  8001ed3       28     1                 std::__2::basic_string<char, std::__2::char_traits<char>, std::__2::allocator<char>>::insert(unsigned int, char const*)
 8001efa  8001efa       7c     2         C:/ST/STM32CubeCLT_1.20.0/st-arm-clang/bin/../lib/clang-runtimes/arm-none-eabi/armv7m_hard_fpv4_sp_d16/lib/libc++.a(string.cpp.obj):(.text._ZNSt3__29to_stringEi)
 8001efa  8001efa        0     1                 $t
 8001efb  8001efb       7c     1                 std::__2::to_string(int)
 8001f76  8001f76       12     2         C:/ST/STM32CubeCLT_1.20.0/st-arm-clang/bin/../lib/clang-runtimes/arm-none-eabi/armv7m_hard_fpv4_sp_d16/lib/libc++.a(string.cpp.obj):(.text._ZNSt3__220__throw_out_of_rangeB8nn190106EPKc)
 8001f76  8001f76        0     1                 $t
 8001f77  8001f77       12     1                 std::__2::__throw_out_of_range[abi:nn190106](char const*)
 8001f88  8001f88       12     2         C:/ST/STM32CubeCLT_1.20.0/st-arm-clang/bin/../lib/clang-runtimes/arm-none-eabi/armv7m_hard_fpv4_sp_d16/lib/libc++.a(string.cpp.obj):(.text._ZNSt3__220__throw_length_errorB8nn190106EPKc)
 8001f88  8001f88        0     1                 $t
 8001f89  8001f89       12     1                 std::__2::__throw_length_error[abi:nn190106](char const*)
 8001f9a  8001f9a      29e     2         C:/ST/STM32CubeCLT_1.20.0/st-arm-clang/bin/../lib/clang-runtimes/arm-none-eabi/armv7m_hard_fpv4_sp_d16/lib/libc++.a(string.cpp.obj):(.text._ZNSt3__26__itoa13__base_10_u32B8nn190106EPcj)
 8001f9a  8001f9a        0     1                 $t
 8001f9b  8001f9b      29e     1                 std::__2::__itoa::__base_10_u32[abi:nn190106](char*, unsigned int)
 8002238  8002238       94     2         C:/ST/STM32CubeCLT_1.20.0/st-arm-clang/bin/../lib/clang-runtimes/arm-none-eabi/armv7m_hard_fpv4_sp_d16/lib/libc++.a(string.cpp.obj):(.text._ZNSt3__26__itoa10__append10B8nn190106IjEEPcS2_T_)
 8002238  8002238        0     1                 $t
 8002239  8002239       94     1                 char* std::__2::__itoa::__append10[abi:nn190106]<unsigned int>(char*, unsigned int)
 80022cc  80022cc       5c     2         C:/ST/STM32CubeCLT_1.20.0/st-arm-clang/bin/../lib/clang-runtimes/arm-none-eabi/armv7m_hard_fpv4_sp_d16/lib/libc++.a(string.cpp.obj):(.text._ZNSt3__212basic_stringIcNS_11char_traitsIcEENS_9allocatorIcEEE16__init_with_sizeB8nn190106IPcS7_EEvT_T0_j)
 80022cc  80022cc        0     1                 $t
 80022cd  80022cd       5c     1                 void std::__2::basic_string<char, std::__2::char_traits<char>, std::__2::allocator<char>>::__init_with_size[abi:nn190106]<char*, char*>(char*, char*, unsigned int)
 8002328  8002328       2a     2         C:/ST/STM32CubeCLT_1.20.0/st-arm-clang/bin/../lib/clang-runtimes/arm-none-eabi/armv7m_hard_fpv4_sp_d16/lib/libc++.a(verbose_abort.cpp.obj):(.text._ZNSt3__222__libcpp_verbose_abortEPKcz)
 8002328  8002328        0     1                 $t
 8002329  8002329       2a     1                 std::__2::__libcpp_verbose_abort(char const*, ...)
 8002354  8002354       26     4         C:/ST/STM32CubeCLT_1.20.0/st-arm-clang/bin/../lib/clang-runtimes/arm-none-eabi/armv7m_hard_fpv4_sp_d16/lib/libc++abi.a(stdlib_new_delete.cpp.obj):(.text._ZL17operator_new_implj)
 8002354  8002354        0     1                 $t
 8002355  8002355       26     1                 operator_new_impl(unsigned int)
 800237a  800237a        4     2         C:/ST/STM32CubeCLT_1.20.0/st-arm-clang/bin/../lib/clang-runtimes/arm-none-eabi/armv7m_hard_fpv4_sp_d16/lib/libc++abi.a(stdlib_new_delete.cpp.obj):(.text._ZdlPv)
 800237a  800237a        0     1                 $t
 800237b  800237b        4     1                 operator delete(void*)
 800237e  800237e        4     2         C:/ST/STM32CubeCLT_1.20.0/st-arm-clang/bin/../lib/clang-runtimes/arm-none-eabi/armv7m_hard_fpv4_sp_d16/lib/libc++abi.a(stdlib_new_delete.cpp.obj):(.text._ZdlPvj)
 800237e  800237e        0     1                 $t
 800237f  800237f        4     1                 operator delete(void*, unsigned int)
 8002384  8002384       40     4         C:/ST/STM32CubeCLT_1.20.0/st-arm-clang/bin/../lib/clang-runtimes/arm-none-eabi/armv7m_hard_fpv4_sp_d16/lib/libc++abi.a(stdlib_new_delete.cpp.obj):(.text._ZL25operator_new_aligned_impljSt11align_val_t)
 8002384  8002384        0     1                 $t
 8002385  8002385       40     1                 operator_new_aligned_impl(unsigned int, std::align_val_t)
 80023c4  80023c4        8     2         C:/ST/STM32CubeCLT_1.20.0/st-arm-clang/bin/../lib/clang-runtimes/arm-none-eabi/armv7m_hard_fpv4_sp_d16/lib/libc++abi.a(abort_message.cpp.obj):(.text.abort_message)
 80023c4  80023c4        0     1                 $t
 80023c5  80023c5        8     1                 abort_message
 80023cc  80023cc        c     2         C:/ST/STM32CubeCLT_1.20.0/st-arm-clang/bin/../lib/clang-runtimes/arm-none-eabi/armv7m_hard_fpv4_sp_d16/lib/libc++abi.a(cxa_handlers.cpp.obj):(.text._ZSt15get_new_handlerv)
 80023cc  80023cc        0     1                 $t
 80023cd  80023cd        c     1                 std::get_new_handler()
 80023d8  80023d8        8     2         C:/ST/STM32CubeCLT_1.20.0/st-arm-clang/bin/../lib/clang-runtimes/arm-none-eabi/armv7m_hard_fpv4_sp_d16/lib/libc.a(bzero.c.o):(.text.bzero)
 80023d8  80023d8        0     1                 $t
 80023d9  80023d9        8     1                 bzero
 80023d9  80023d9        8     1                 __aeabi_memclr4
 80023d9  80023d9        8     1                 __aeabi_memclr8
 80023d9  80023d9        8     1                 __aeabi_memclr
 80023e0  80023e0       14     2         C:/ST/STM32CubeCLT_1.20.0/st-arm-clang/bin/../lib/clang-runtimes/arm-none-eabi/armv7m_hard_fpv4_sp_d16/lib/libc.a(memcpy.c.o):(.text.memcpy)
 80023e0  80023e0        0     1                 $t
 80023e1  80023e1       14     1                 memcpy
 80023e1  80023e1       14     1                 __aeabi_memcpy4
 80023e1  80023e1       14     1                 __aeabi_memcpy8
 80023e1  80023e1       14     1                 __aeabi_memcpy
 80023f4  80023f4       2e     2         C:/ST/STM32CubeCLT_1.20.0/st-arm-clang/bin/../lib/clang-runtimes/arm-none-eabi/armv7m_hard_fpv4_sp_d16/lib/libc.a(memmove.c.o):(.text.memmove)
 80023f4  80023f4        0     1                 $t
 80023f5  80023f5       2e     1                 memmove
 80023f5  80023f5       2e     1                 __aeabi_memmove4
 80023f5  80023f5       2e     1                 __aeabi_memmove8
 80023f5  80023f5       2e     1                 __aeabi_memmove
 8002422  8002422        e     2         C:/ST/STM32CubeCLT_1.20.0/st-arm-clang/bin/../lib/clang-runtimes/arm-none-eabi/armv7m_hard_fpv4_sp_d16/lib/libc.a(memset.c.o):(.text.memset)
 8002422  8002422        0     1                 $t
 8002423  8002423        e     1                 memset
 8002430  8002430       7c     4         C:/ST/STM32CubeCLT_1.20.0/st-arm-clang/bin/../lib/clang-runtimes/arm-none-eabi/armv7m_hard_fpv4_sp_d16/lib/libc.a(nano-free.c.o):(.text.free)
 8002430  8002430        0     1                 $t
 8002431  8002431       7c     1                 free
 8002431  8002431       7c     1                 __malloc_free
 8002431  8002431       7c     1                 cfree
 80024a0  80024a0        0     1                 $d
 80024ac  80024ac       4c     4         C:/ST/STM32CubeCLT_1.20.0/st-arm-clang/bin/../lib/clang-runtimes/arm-none-eabi/armv7m_hard_fpv4_sp_d16/lib/libc.a(nano-malloc.c.o):(.text.__malloc_grow_chunk)
 80024ac  80024ac        0     1                 $t
 80024ad  80024ad       4c     1                 __malloc_grow_chunk
 80024f4  80024f4        0     1                 $d
 80024f8  80024f8       60     4         C:/ST/STM32CubeCLT_1.20.0/st-arm-clang/bin/../lib/clang-runtimes/arm-none-eabi/armv7m_hard_fpv4_sp_d16/lib/libc.a(nano-malloc.c.o):(.text.__malloc_sbrk_aligned)
 80024f8  80024f8        0     1                 $t
 80024f9  80024f9       60     1                 __malloc_sbrk_aligned
 8002554  8002554        0     1                 $d
 8002558  8002558       b4     4         C:/ST/STM32CubeCLT_1.20.0/st-arm-clang/bin/../lib/clang-runtimes/arm-none-eabi/armv7m_hard_fpv4_sp_d16/lib/libc.a(nano-malloc.c.o):(.text.malloc)
 8002558  8002558        0     1                 $t
 8002559  8002559       b4     1                 malloc
 8002559  8002559       b4     1                 __malloc_malloc
 8002600  8002600        0     1                 $d
 800260c  800260c       a0     4         C:/ST/STM32CubeCLT_1.20.0/st-arm-clang/bin/../lib/clang-runtimes/arm-none-eabi/armv7m_hard_fpv4_sp_d16/lib/libc.a(nano-memalign.c.o):(.text.memalign)
 800260c  800260c        0     1                 $t
 800260d  800260d       a0     1                 memalign
 800260d  800260d       a0     1                 aligned_alloc
 80026a8  80026a8        0     1                 $d
 80026ac  80026ac       48     4         C:/ST/STM32CubeCLT_1.20.0/st-arm-clang/bin/../lib/clang-runtimes/arm-none-eabi/armv7m_hard_fpv4_sp_d16/lib/libc.a(libc_misc_init.c.o):(.text.__libc_init_array)
 80026ac  80026ac        0     1                 $t
 80026ad  80026ad       48     1                 __libc_init_array
 80026e0  80026e0        0     1                 $d
 80026f4  80026f4        2     2         C:/ST/STM32CubeCLT_1.20.0/st-arm-clang/bin/../lib/clang-runtimes/arm-none-eabi/armv7m_hard_fpv4_sp_d16/lib/libc.a(libc_misc_lock.c.o):(.text.__retarget_lock_acquire_recursive)
 80026f4  80026f4        0     1                 $t
 80026f5  80026f5        2     1                 __retarget_lock_acquire_recursive
 80026f6  80026f6        2     2         C:/ST/STM32CubeCLT_1.20.0/st-arm-clang/bin/../lib/clang-runtimes/arm-none-eabi/armv7m_hard_fpv4_sp_d16/lib/libc.a(libc_misc_lock.c.o):(.text.__retarget_lock_release_recursive)
 80026f6  80026f6        0     1                 $t
 80026f7  80026f7        2     1                 __retarget_lock_release_recursive
 80026f8  80026f8       10     2         C:/ST/STM32CubeCLT_1.20.0/st-arm-clang/bin/../lib/clang-runtimes/arm-none-eabi/armv7m_hard_fpv4_sp_d16/lib/libc.a(libc_stdlib_abort.c.o):(.text.abort)
 80026f8  80026f8        0     1                 $t
 80026f9  80026f9       10     1                 abort
 8002708  8002708       6c     4         C:/ST/STM32CubeCLT_1.20.0/st-arm-clang/bin/../lib/clang-runtimes/arm-none-eabi/armv7m_hard_fpv4_sp_d16/lib/libc.a(libc_signal_signal.c.o):(.text.raise)
 8002708  8002708        0     1                 $t
 8002709  8002709       6c     1                 raise
 800276c  800276c        0     1                 $d
 8002780  8002780        c    16         C:/ST/STM32CubeCLT_1.20.0/st-arm-clang/bin/../lib/clang-runtimes/arm-none-eabi/armv7m_hard_fpv4_sp_d16/lib/libc.a(libc_picolib_machine_arm_read_tp.S.o):(.text.__aeabi_read_tp)
 8002780  8002780        0     1                 $t
 8002781  8002781        6     1                 __aeabi_read_tp
 8002788  8002788        0     1                 $d
 800278c  800278c       10     4         C:/ST/STM32CubeCLT_1.20.0/st-arm-clang/bin/../lib/clang-runtimes/arm-none-eabi/armv7m_hard_fpv4_sp_d16/lib/libc.a(libc_picolib_machine_arm_read_tp.S.o):(.text._initial_set_tls)
 800278c  800278c        0     1                 $t
 800278d  800278d        6     1                 _initial_set_tls
 8002794  8002794        0     1                 $d
 800279c  800279c       14     4         C:/ST/STM32CubeCLT_1.20.0/st-arm-clang/bin/../lib/clang-runtimes/arm-none-eabi/armv7m_hard_fpv4_sp_d16/lib/libc.a(libc_picolib_machine_arm_tls.c.o):(.text._set_tls)
 800279c  800279c        0     1                 $t
 800279d  800279d       14     1                 _set_tls
 80027a8  80027a8        0     1                 $d
 80027b0  80027b0      968     4         C:/ST/STM32CubeCLT_1.20.0/st-arm-clang/bin/../lib/clang-runtimes/arm-none-eabi/armv7m_hard_fpv4_sp_d16/lib/libc.a(libc_tinystdio_vfprintf.c.o):(.text.vfprintf)
 80027b0  80027b0        0     1                 $t
 80027b1  80027b1      968     1                 vfprintf
 80027b1  80027b1      968     1                 __d_vfprintf
 8002830  8002830        0     1                 $d
 800283a  800283a        0     1                 $t
 8002a46  8002a46        0     1                 $d
 8002a54  8002a54        0     1                 $t
 800310c  800310c        0     1                 $d
 8003118  8003118      164     4         C:/ST/STM32CubeCLT_1.20.0/st-arm-clang/bin/../lib/clang-runtimes/arm-none-eabi/armv7m_hard_fpv4_sp_d16/lib/libc.a(libc_tinystdio_vfprintf.c.o):(.text.skip_to_arg)
 8003118  8003118        0     1                 $t
 8003119  8003119      164     1                 skip_to_arg
 8003278  8003278        0     1                 $d
 800327c  800327c       4c     2         C:/ST/STM32CubeCLT_1.20.0/st-arm-clang/bin/../lib/clang-runtimes/arm-none-eabi/armv7m_hard_fpv4_sp_d16/lib/libc.a(libc_tinystdio_vfprintf.c.o):(.text.__ultoa_invert)
 800327c  800327c        0     1                 $t
 800327d  800327d       4c     1                 __ultoa_invert
 80032c8  80032c8        8     2         C:/ST/STM32CubeCLT_1.20.0/st-arm-clang/bin/../lib/clang-runtimes/arm-none-eabi/armv7m_hard_fpv4_sp_d16/lib/libc.a(libc_tinystdio_vfprintf.c.o):(.text.OUTLINED_FUNCTION_0)
 80032c8  80032c8        0     1                 $t
 80032c9  80032c9        8     1                 OUTLINED_FUNCTION_0
 80032d0  80032d0       12     2         C:/ST/STM32CubeCLT_1.20.0/st-arm-clang/bin/../lib/clang-runtimes/arm-none-eabi/armv7m_hard_fpv4_sp_d16/lib/libc.a(libc_tinystdio_vfprintf.c.o):(.text.OUTLINED_FUNCTION_1)
 80032d0  80032d0        0     1                 $t
 80032d1  80032d1       12     1                 OUTLINED_FUNCTION_1
 80032e2  80032e2        8     2         C:/ST/STM32CubeCLT_1.20.0/st-arm-clang/bin/../lib/clang-runtimes/arm-none-eabi/armv7m_hard_fpv4_sp_d16/lib/libc.a(libc_tinystdio_vfprintf.c.o):(.text.OUTLINED_FUNCTION_2)
 80032e2  80032e2        0     1                 $t
 80032e3  80032e3        8     1                 OUTLINED_FUNCTION_2
 80032ea  80032ea        8     2         C:/ST/STM32CubeCLT_1.20.0/st-arm-clang/bin/../lib/clang-runtimes/arm-none-eabi/armv7m_hard_fpv4_sp_d16/lib/libc.a(libc_tinystdio_vfprintf.c.o):(.text.OUTLINED_FUNCTION_3)
 80032ea  80032ea        0     1                 $t
 80032eb  80032eb        8     1                 OUTLINED_FUNCTION_3
 80032f2  80032f2        6     2         C:/ST/STM32CubeCLT_1.20.0/st-arm-clang/bin/../lib/clang-runtimes/arm-none-eabi/armv7m_hard_fpv4_sp_d16/lib/libc.a(libc_tinystdio_vfprintf.c.o):(.text.OUTLINED_FUNCTION_4)
 80032f2  80032f2        0     1                 $t
 80032f3  80032f3        6     1                 OUTLINED_FUNCTION_4
 80032f8  80032f8        8     2         C:/ST/STM32CubeCLT_1.20.0/st-arm-clang/bin/../lib/clang-runtimes/arm-none-eabi/armv7m_hard_fpv4_sp_d16/lib/libc.a(libc_tinystdio_vfprintf.c.o):(.text.OUTLINED_FUNCTION_5)
 80032f8  80032f8        0     1                 $t
 80032f9  80032f9        8     1                 OUTLINED_FUNCTION_5
 8003300  8003300      118     4         C:/ST/STM32CubeCLT_1.20.0/st-arm-clang/bin/../lib/clang-runtimes/arm-none-eabi/armv7m_hard_fpv4_sp_d16/lib/libc.a(libc_tinystdio_dtox_engine.c.o):(.text.__dtox_engine)
 8003300  8003300        0     1                 $t
 8003301  8003301      118     1                 __dtox_engine
 8003414  8003414        0     1                 $d
 8003418  8003418       1a     2         C:/ST/STM32CubeCLT_1.20.0/st-arm-clang/bin/../lib/clang-runtimes/arm-none-eabi/armv7m_hard_fpv4_sp_d16/lib/libc.a(libc_string_strnlen.c.o):(.text.strnlen)
 8003418  8003418        0     1                 $t
 8003419  8003419       1a     1                 strnlen
 8003432  8003432      462     2         C:/ST/STM32CubeCLT_1.20.0/st-arm-clang/bin/../lib/clang-runtimes/arm-none-eabi/armv7m_hard_fpv4_sp_d16/lib/libc.a(libc_tinystdio_dtoa_ryu.c.o):(.text.__dtoa_engine)
 8003432  8003432        0     1                 $t
 8003433  8003433      462     1                 __dtoa_engine
 8003894  8003894       12     2         C:/ST/STM32CubeCLT_1.20.0/st-arm-clang/bin/../lib/clang-runtimes/arm-none-eabi/armv7m_hard_fpv4_sp_d16/lib/libc.a(libc_tinystdio_dtoa_ryu.c.o):(.text.div10)
 8003894  8003894        0     1                 $t
 8003895  8003895       12     1                 div10
 80038a8  80038a8       20     4         C:/ST/STM32CubeCLT_1.20.0/st-arm-clang/bin/../lib/clang-runtimes/arm-none-eabi/armv7m_hard_fpv4_sp_d16/lib/libc.a(libc_tinystdio_dtoa_ryu.c.o):(.text.umulh)
 80038a8  80038a8        0     1                 $t
 80038a9  80038a9       20     1                 umulh
 80038c4  80038c4        0     1                 $d
 80038c8  80038c8      1d8     2         C:/ST/STM32CubeCLT_1.20.0/st-arm-clang/bin/../lib/clang-runtimes/arm-none-eabi/armv7m_hard_fpv4_sp_d16/lib/libc.a(libc_tinystdio_dtoa_ryu.c.o):(.text.mulShiftAll64)
 80038c8  80038c8        0     1                 $t
 80038c9  80038c9      1d8     1                 mulShiftAll64
 8003aa0  8003aa0       30     2         C:/ST/STM32CubeCLT_1.20.0/st-arm-clang/bin/../lib/clang-runtimes/arm-none-eabi/armv7m_hard_fpv4_sp_d16/lib/libc.a(libc_tinystdio_dtoa_ryu.c.o):(.text.decimalLength17)
 8003aa0  8003aa0        0     1                 $t
 8003aa1  8003aa1       30     1                 decimalLength17
 8003ad0  8003ad0       10     2         C:/ST/STM32CubeCLT_1.20.0/st-arm-clang/bin/../lib/clang-runtimes/arm-none-eabi/armv7m_hard_fpv4_sp_d16/lib/libc.a(libc_tinystdio_dtoa_ryu.c.o):(.text.OUTLINED_FUNCTION_0)
 8003ad0  8003ad0        0     1                 $t
 8003ad1  8003ad1       10     1                 OUTLINED_FUNCTION_0
 8003ae0  8003ae0        c     4         C:/ST/STM32CubeCLT_1.20.0/st-arm-clang/bin/../lib/clang-runtimes/arm-none-eabi/armv7m_hard_fpv4_sp_d16/lib/libc.a(libc_tinystdio_ryu_log10.c.o):(.text.__log10Pow2)
 8003ae0  8003ae0        0     1                 $t
 8003ae1  8003ae1        c     1                 __log10Pow2
 8003ae8  8003ae8        0     1                 $d
 8003aec  8003aec        c     4         C:/ST/STM32CubeCLT_1.20.0/st-arm-clang/bin/../lib/clang-runtimes/arm-none-eabi/armv7m_hard_fpv4_sp_d16/lib/libc.a(libc_tinystdio_ryu_log10.c.o):(.text.__log10Pow5)
 8003aec  8003aec        0     1                 $t
 8003aed  8003aed        c     1                 __log10Pow5
 8003af4  8003af4        0     1                 $d
 8003af8  8003af8       10     4         C:/ST/STM32CubeCLT_1.20.0/st-arm-clang/bin/../lib/clang-runtimes/arm-none-eabi/armv7m_hard_fpv4_sp_d16/lib/libc.a(libc_tinystdio_ryu_pow5bits.c.o):(.text.__pow5bits)
 8003af8  8003af8        0     1                 $t
 8003af9  8003af9       10     1                 __pow5bits
 8003b04  8003b04        0     1                 $d
 8003b08  8003b08       3c     4         C:/ST/STM32CubeCLT_1.20.0/st-arm-clang/bin/../lib/clang-runtimes/arm-none-eabi/armv7m_hard_fpv4_sp_d16/lib/libc.a(libc_tinystdio_ryu_table.c.o):(.text.__pow5Factor)
 8003b08  8003b08        0     1                 $t
 8003b09  8003b09       3c     1                 __pow5Factor
 8003b3c  8003b3c        0     1                 $d
 8003b44  8003b44       dc     4         C:/ST/STM32CubeCLT_1.20.0/st-arm-clang/bin/../lib/clang-runtimes/arm-none-eabi/armv7m_hard_fpv4_sp_d16/lib/libc.a(libc_tinystdio_ryu_table.c.o):(.text.__double_computePow5)
 8003b44  8003b44        0     1                 $t
 8003b45  8003b45       dc     1                 __double_computePow5
 8003c14  8003c14        0     1                 $d
 8003c20  8003c20       e8     4         C:/ST/STM32CubeCLT_1.20.0/st-arm-clang/bin/../lib/clang-runtimes/arm-none-eabi/armv7m_hard_fpv4_sp_d16/lib/libc.a(libc_tinystdio_ryu_table.c.o):(.text.__double_computeInvPow5)
 8003c20  8003c20        0     1                 $t
 8003c21  8003c21       e8     1                 __double_computeInvPow5
 8003cfc  8003cfc        0     1                 $d
 8003d08  8003d08       14     2         C:/ST/STM32CubeCLT_1.20.0/st-arm-clang/bin/../lib/clang-runtimes/arm-none-eabi/armv7m_hard_fpv4_sp_d16/lib/libc.a(libc_tinystdio_ryu_table.c.o):(.text.OUTLINED_FUNCTION_0)
 8003d08  8003d08        0     1                 $t
 8003d09  8003d09       14     1                 OUTLINED_FUNCTION_0
 8003d1c  8003d1c       10     2         C:/ST/STM32CubeCLT_1.20.0/st-arm-clang/bin/../lib/clang-runtimes/arm-none-eabi/armv7m_hard_fpv4_sp_d16/lib/libc.a(libc_tinystdio_ryu_table.c.o):(.text.OUTLINED_FUNCTION_1)
 8003d1c  8003d1c        0     1                 $t
 8003d1d  8003d1d       10     1                 OUTLINED_FUNCTION_1
 8003d2c  8003d2c       10     2         C:/ST/STM32CubeCLT_1.20.0/st-arm-clang/bin/../lib/clang-runtimes/arm-none-eabi/armv7m_hard_fpv4_sp_d16/lib/libc.a(libc_tinystdio_ryu_table.c.o):(.text.OUTLINED_FUNCTION_2)
 8003d2c  8003d2c        0     1                 $t
 8003d2d  8003d2d       10     1                 OUTLINED_FUNCTION_2
 8003d3c  8003d3c       42     2         C:/ST/STM32CubeCLT_1.20.0/st-arm-clang/bin/../lib/clang-runtimes/arm-none-eabi/armv7m_hard_fpv4_sp_d16/lib/libc.a(libc_tinystdio_ryu_umul128.c.o):(.text.__umul128)
 8003d3c  8003d3c        0     1                 $t
 8003d3d  8003d3d       42     1                 __umul128
 8003d7e  8003d7e       36     2         C:/ST/STM32CubeCLT_1.20.0/st-arm-clang/bin/../lib/clang-runtimes/arm-none-eabi/armv7m_hard_fpv4_sp_d16/lib/libc.a(libc_tinystdio_ryu_umul128.c.o):(.text.__shiftright128)
 8003d7e  8003d7e        0     1                 $t
 8003d7f  8003d7f       36     1                 __shiftright128
 8003db4  8003db4       28     4         C:/ST/STM32CubeCLT_1.20.0/st-arm-clang/bin/../lib/clang-runtimes/arm-none-eabi/armv7m_hard_fpv4_sp_d16/lib/libclang_rt.builtins.a(ashldi3.c.obj):(.text.__ashldi3)
 8003db4  8003db4        0     1                 $t
 8003db5  8003db5       28     1                 __ashldi3
 8003db5  8003db5       28     1                 __aeabi_llsl
 8003ddc  8003ddc       28     4         C:/ST/STM32CubeCLT_1.20.0/st-arm-clang/bin/../lib/clang-runtimes/arm-none-eabi/armv7m_hard_fpv4_sp_d16/lib/libclang_rt.builtins.a(lshrdi3.c.obj):(.text.__lshrdi3)
 8003ddc  8003ddc        0     1                 $t
 8003ddd  8003ddd       28     1                 __lshrdi3
 8003ddd  8003ddd       28     1                 __aeabi_llsr
 8003e04  8003e04      26e     4         C:/ST/STM32CubeCLT_1.20.0/st-arm-clang/bin/../lib/clang-runtimes/arm-none-eabi/armv7m_hard_fpv4_sp_d16/lib/libclang_rt.builtins.a(udivmoddi4.c.obj):(.text.__udivmoddi4)
 8003e04  8003e04        0     1                 $t
 8003e05  8003e05      26e     1                 __udivmoddi4
 8004072  8004072        2     1         . = ALIGN ( 4 )
 8004074  8004074        0     1         _etext = .
 8004074  8004074       38     2 __lcxx_override
 8004074  8004074       38     2         C:/ST/STM32CubeCLT_1.20.0/st-arm-clang/bin/../lib/clang-runtimes/arm-none-eabi/armv7m_hard_fpv4_sp_d16/lib/libc++abi.a(stdlib_new_delete.cpp.obj):(__lcxx_override)
 8004074  8004074        0     1                 $t
 8004075  8004075       18     1                 operator new(unsigned int)
 800408d  800408d        4     1                 operator new[](unsigned int)
 8004091  8004091       18     1                 operator new(unsigned int, std::align_val_t)
 80040a9  80040a9        4     1                 operator new[](unsigned int, std::align_val_t)
 80040b0  80040b0      530     8 .rodata
 80040b0  80040b0        0     1         . = ALIGN ( 4 )
 80040b0  80040b0      33c     8         C:/ST/STM32CubeCLT_1.20.0/st-arm-clang/bin/../lib/clang-runtimes/arm-none-eabi/armv7m_hard_fpv4_sp_d16/lib/libc.a(libc_tinystdio_ryu_table.c.o):(.rodata)
 80040b0  80040b0       d0     1                 DOUBLE_POW5_SPLIT2
 8004180  8004180       d0     1                 DOUBLE_POW5_TABLE
 8004250  8004250       54     1                 POW5_OFFSETS
 80042a8  80042a8       f0     1                 DOUBLE_POW5_INV_SPLIT2
 8004398  8004398       54     1                 POW5_INV_OFFSETS
 80043ec  80043ec       10     1         cmake/stm32cubemx/CMakeFiles/STM32_Drivers.dir/__/__/Core/Src/system_stm32f4xx.c.obj:(.rodata.AHBPrescTable)
 80043ec  80043ec       10     1                 AHBPrescTable
 80043fc  80043fc        8     1         cmake/stm32cubemx/CMakeFiles/STM32_Drivers.dir/__/__/Core/Src/system_stm32f4xx.c.obj:(.rodata.APBPrescTable)
 80043fc  80043fc        8     1                 APBPrescTable
 8004404  8004404       e5     1         <internal>:(.rodata.str1.1)
 80044e9  80044e9        2     1         CMakeFiles/LCDBasic.dir/Core/Src/lcd.cpp.obj:(.rodata._ZZ13LCD_SetCursorhhE11row_offsets)
 80044e9  80044e9        2     1                 LCD_SetCursor(unsigned char, unsigned char)::row_offsets
 80044ec  80044ec        4     4         CMakeFiles/LCDBasic.dir/Core/Src/syscalls.c.obj:(.rodata.stdin)
 80044ec  80044ec        4     1                 stdin
 80044ec  80044ec        4     1                 stdout
 80044ec  80044ec        4     1                 stderr
 80044f0  80044f0       28     4         C:/ST/STM32CubeCLT_1.20.0/st-arm-clang/bin/../lib/clang-runtimes/arm-none-eabi/armv7m_hard_fpv4_sp_d16/lib/libc++.a(string.cpp.obj):(.rodata._ZNSt3__26__itoa10__pow10_32E)
 80044f0  80044f0       28     1                 std::__2::__itoa::__pow10_32
 8004518  8004518       c8     1         C:/ST/STM32CubeCLT_1.20.0/st-arm-clang/bin/../lib/clang-runtimes/arm-none-eabi/armv7m_hard_fpv4_sp_d16/lib/libc++.a(string.cpp.obj):(.rodata._ZNSt3__26__itoa16__digits_base_10E)
 8004518  8004518       c8     1                 std::__2::__itoa::__digits_base_10
 80045e0  80045e0        0     1         . = ALIGN ( 4 )
 80045e0  80045e0        0     1 .ARM.extab
 80045e0  80045e0        0     1         . = ALIGN ( 4 )
 80045e0  80045e0        0     1         . = ALIGN ( 4 )
 80045e0  80045e0       10     4 .ARM
 80045e0  80045e0        0     1         . = ALIGN ( 4 )
 80045e0  80045e0        0     1         __exidx_start = .
 80045e0  80045e0       10     4         <internal>:(.ARM.exidx)
 80045f0  80045f0        0     1         __exidx_end = .
 80045f0  80045f0        0     1         . = ALIGN ( 4 )
 80045f0  80045f0        4     4 .preinit_array
 80045f0  80045f0        0     1         . = ALIGN ( 4 )
 80045f0  80045f0        0     1         PROVIDE_HIDDEN ( __preinit_array_start = . )
 80045f0  80045f0        4     4         C:/ST/STM32CubeCLT_1.20.0/st-arm-clang/bin/../lib/clang-runtimes/arm-none-eabi/armv7m_hard_fpv4_sp_d16/lib/libc.a(libc_picolib_machine_arm_read_tp.S.o):(.preinit_array)
 80045f4  80045f4        0     1         PROVIDE_HIDDEN ( __preinit_array_end = . )
 80045f4  80045f4        0     1         . = ALIGN ( 4 )
 80045f4  80045f4        0     1 .init_array
 80045f4  80045f4        0     1         . = ALIGN ( 4 )
 80045f4  80045f4        0     1         PROVIDE_HIDDEN ( __init_array_start = . )
 80045f4  80045f4        0     1         PROVIDE_HIDDEN ( __init_array_end = . )
 80045f4  80045f4        0     1         . = ALIGN ( 4 )
 80045f4  80045f4        0     1 .fini_array
 80045f4  80045f4        0     1         . = ALIGN ( 4 )
 80045f4  80045f4        0     1         . = ALIGN ( 4 )
 80045f4  80045f4        0     1 _sidata = LOADADDR ( .data )
20000000  80045f4       1c     4 .data
20000000  80045f4        0     1         . = ALIGN ( 4 )
20000000  80045f4        0     1         _sdata = .
20000000  80045f4        4     4         cmake/stm32cubemx/CMakeFiles/STM32_Drivers.dir/__/__/Core/Src/system_stm32f4xx.c.obj:(.data.SystemCoreClock)
20000000  80045f4        4     1                 SystemCoreClock
20000004  80045f8        4     4         cmake/stm32cubemx/CMakeFiles/STM32_Drivers.dir/__/__/Drivers/STM32F4xx_HAL_Driver/Src/stm32f4xx_hal.c.obj:(.data.uwTickPrio)
20000004  80045f8        4     1                 uwTickPrio
20000008  80045fc        1     1         cmake/stm32cubemx/CMakeFiles/STM32_Drivers.dir/__/__/Drivers/STM32F4xx_HAL_Driver/Src/stm32f4xx_hal.c.obj:(.data.uwTickFreq)
20000008  80045fc        1     1                 uwTickFreq
2000000c  8004600       10     4         CMakeFiles/LCDBasic.dir/Core/Src/syscalls.c.obj:(.data.__stdio)
2000000c  8004600       10     1                 __stdio
2000001c  8004610        0     1         . = ALIGN ( 4 )
2000001c 2000001c        4     4 .got
2000001c 2000001c        4     4         <internal>:(.got)
20000020 20000020        0     4 .tdata
20000020 20000020        0     1         . = ALIGN ( 4 )
20000020 20000020        0     1         _edata = .
20000020 20000020        0     1 PROVIDE ( __tdata_start = ADDR ( .tdata ) )
20000020 20000020        4     4 .tbss
20000020 20000020        0     1         _sbss = .
20000020 20000020        0     1         __bss_start__ = _sbss
20000020 20000020        4     4         C:/ST/STM32CubeCLT_1.20.0/st-arm-clang/bin/../lib/clang-runtimes/arm-none-eabi/armv7m_hard_fpv4_sp_d16/lib/libc.a(libc_errno_errno.c.o):(.tbss)
       0        0        4     1                 errno
20000024 20000024        0     1         . = ALIGN ( 4 )
20000020 20000020        0     1 PROVIDE ( __tls_base = __tdata_start )
20000020 20000020        0     1 PROVIDE ( __tls_align = MAX ( ALIGNOF ( .tdata ) , ALIGNOF ( .tbss ) ) )
20000020 20000020        0     1 PROVIDE ( __arm32_tls_tcb_offset = MAX ( 8 , __tls_align ) )
20000030 20000030      134    16 .bss
20000030 20000030        c     4         C:/ST/STM32CubeCLT_1.20.0/st-arm-clang/bin/../lib/clang-runtimes/arm-none-eabi/armv7m_hard_fpv4_sp_d16/lib/libc.a(nano-malloc.c.o):(.bss)
20000030 20000030        4     1                 __malloc_free_list
20000034 20000034        4     1                 __malloc_sbrk_top
20000038 20000038        4     1                 __malloc_sbrk_start
2000003c 2000003c        1     1         C:/ST/STM32CubeCLT_1.20.0/st-arm-clang/bin/../lib/clang-runtimes/arm-none-eabi/armv7m_hard_fpv4_sp_d16/lib/libc.a(libc_misc_lock.c.o):(.bss)
2000003c 2000003c        1     1                 __lock___libc_recursive_mutex
20000040 20000040       80     4         C:/ST/STM32CubeCLT_1.20.0/st-arm-clang/bin/../lib/clang-runtimes/arm-none-eabi/armv7m_hard_fpv4_sp_d16/lib/libc.a(libc_signal_signal.c.o):(.bss)
20000040 20000040       80     1                 _sig_func
200000c0 200000c0        4    16         C:/ST/STM32CubeCLT_1.20.0/st-arm-clang/bin/../lib/clang-runtimes/arm-none-eabi/armv7m_hard_fpv4_sp_d16/lib/libc.a(libc_picolib_machine_arm_read_tp.S.o):(.bss)
200000c0 200000c0        4     1                 __tls
200000c4 200000c4        4     4         cmake/stm32cubemx/CMakeFiles/STM32_Drivers.dir/__/__/Drivers/STM32F4xx_HAL_Driver/Src/stm32f4xx_hal.c.obj:(.bss.uwTick)
200000c4 200000c4        4     1                 uwTick
200000c8 200000c8        2     2         CMakeFiles/LCDBasic.dir/Core/Src/main.cpp.obj:(.bss.EncoderVal)
200000c8 200000c8        2     1                 EncoderVal
200000cc 200000cc       48     4         CMakeFiles/LCDBasic.dir/Core/Src/tim.c.obj:(.bss.htim2)
200000cc 200000cc       48     1                 htim2
20000114 20000114       48     4         CMakeFiles/LCDBasic.dir/Core/Src/usart.c.obj:(.bss.huart2)
20000114 20000114       48     1                 huart2
2000015c 2000015c        4     4         CMakeFiles/LCDBasic.dir/Core/Src/sysmem.c.obj:(.bss.__sbrk_heap_end)
2000015c 2000015c        4     1                 __sbrk_heap_end
20000160 20000160        4     4         C:/ST/STM32CubeCLT_1.20.0/st-arm-clang/bin/../lib/clang-runtimes/arm-none-eabi/armv7m_hard_fpv4_sp_d16/lib/libc++abi.a(cxa_default_handlers.cpp.obj):(.bss.__cxa_new_handler)
20000160 20000160        4     1                 __cxa_new_handler
20000164 20000164        0     1         . = ALIGN ( 4 )
20000164 20000164        0     1         _ebss = .
20000164 20000164        0     1         __bss_end__ = _ebss
20000164 20000164      604     1 ._user_heap_stack
20000164 20000164        4     1         . = ALIGN ( 8 )
20000168 20000168        0     1         PROVIDE ( _end = . )
20000168 20000168      200     1         . = . + _Min_Heap_Size
20000368 20000368      400     1         . = . + _Min_Stack_Size
20000768 20000768        0     1         . = ALIGN ( 8 )
       0        0     f666     1 .debug_loclists
       0        0       58     1         cmake/stm32cubemx/CMakeFiles/STM32_Drivers.dir/__/__/Core/Src/system_stm32f4xx.c.obj:(.debug_loclists)
      58       58     2c9a     1         cmake/stm32cubemx/CMakeFiles/STM32_Drivers.dir/__/__/Drivers/STM32F4xx_HAL_Driver/Src/stm32f4xx_hal_tim.c.obj:(.debug_loclists)
    2cf2     2cf2      cdc     1         cmake/stm32cubemx/CMakeFiles/STM32_Drivers.dir/__/__/Drivers/STM32F4xx_HAL_Driver/Src/stm32f4xx_hal_tim_ex.c.obj:(.debug_loclists)
    39ce     39ce      1bd     1         cmake/stm32cubemx/CMakeFiles/STM32_Drivers.dir/__/__/Drivers/STM32F4xx_HAL_Driver/Src/stm32f4xx_hal_rcc.c.obj:(.debug_loclists)
    3b8b     3b8b      614     1         cmake/stm32cubemx/CMakeFiles/STM32_Drivers.dir/__/__/Drivers/STM32F4xx_HAL_Driver/Src/stm32f4xx_hal_rcc_ex.c.obj:(.debug_loclists)
    419f     419f      17e     1         cmake/stm32cubemx/CMakeFiles/STM32_Drivers.dir/__/__/Drivers/STM32F4xx_HAL_Driver/Src/stm32f4xx_hal_flash.c.obj:(.debug_loclists)
    431d     431d      29a     1         cmake/stm32cubemx/CMakeFiles/STM32_Drivers.dir/__/__/Drivers/STM32F4xx_HAL_Driver/Src/stm32f4xx_hal_flash_ex.c.obj:(.debug_loclists)
    45b7     45b7      18f     1         cmake/stm32cubemx/CMakeFiles/STM32_Drivers.dir/__/__/Drivers/STM32F4xx_HAL_Driver/Src/stm32f4xx_hal_gpio.c.obj:(.debug_loclists)
    4746     4746      1bb     1         cmake/stm32cubemx/CMakeFiles/STM32_Drivers.dir/__/__/Drivers/STM32F4xx_HAL_Driver/Src/stm32f4xx_hal_dma_ex.c.obj:(.debug_loclists)
    4901     4901      4f2     1         cmake/stm32cubemx/CMakeFiles/STM32_Drivers.dir/__/__/Drivers/STM32F4xx_HAL_Driver/Src/stm32f4xx_hal_dma.c.obj:(.debug_loclists)
    4df3     4df3       71     1         cmake/stm32cubemx/CMakeFiles/STM32_Drivers.dir/__/__/Drivers/STM32F4xx_HAL_Driver/Src/stm32f4xx_hal_pwr.c.obj:(.debug_loclists)
    4e64     4e64       cb     1         cmake/stm32cubemx/CMakeFiles/STM32_Drivers.dir/__/__/Drivers/STM32F4xx_HAL_Driver/Src/stm32f4xx_hal_pwr_ex.c.obj:(.debug_loclists)
    4f2f     4f2f      279     1         cmake/stm32cubemx/CMakeFiles/STM32_Drivers.dir/__/__/Drivers/STM32F4xx_HAL_Driver/Src/stm32f4xx_hal_cortex.c.obj:(.debug_loclists)
    51a8     51a8       85     1         cmake/stm32cubemx/CMakeFiles/STM32_Drivers.dir/__/__/Drivers/STM32F4xx_HAL_Driver/Src/stm32f4xx_hal.c.obj:(.debug_loclists)
    522d     522d      1e6     1         cmake/stm32cubemx/CMakeFiles/STM32_Drivers.dir/__/__/Drivers/STM32F4xx_HAL_Driver/Src/stm32f4xx_hal_exti.c.obj:(.debug_loclists)
    5413     5413      ec3     1         cmake/stm32cubemx/CMakeFiles/STM32_Drivers.dir/__/__/Drivers/STM32F4xx_HAL_Driver/Src/stm32f4xx_hal_uart.c.obj:(.debug_loclists)
    62d6     62d6       d2     1         CMakeFiles/LCDBasic.dir/Core/Src/main.cpp.obj:(.debug_loclists)
    63a8     63a8       b9     1         CMakeFiles/LCDBasic.dir/Core/Src/lcd.cpp.obj:(.debug_loclists)
    6461     6461       34     1         CMakeFiles/LCDBasic.dir/Core/Src/tim.c.obj:(.debug_loclists)
    6495     6495       34     1         CMakeFiles/LCDBasic.dir/Core/Src/usart.c.obj:(.debug_loclists)
    64c9     64c9       25     1         CMakeFiles/LCDBasic.dir/Core/Src/sysmem.c.obj:(.debug_loclists)
    64ee     64ee       dd     1         CMakeFiles/LCDBasic.dir/Core/Src/syscalls.c.obj:(.debug_loclists)
    65cb     65cb       2f     1         C:/ST/STM32CubeCLT_1.20.0/st-arm-clang/bin/../lib/clang-runtimes/arm-none-eabi/armv7m_hard_fpv4_sp_d16/lib/libc.a(aeabi_memset.c.o):(.debug_loclists)
    65fa     65fa       1b     1         C:/ST/STM32CubeCLT_1.20.0/st-arm-clang/bin/../lib/clang-runtimes/arm-none-eabi/armv7m_hard_fpv4_sp_d16/lib/libc.a(bzero.c.o):(.debug_loclists)
    6615     6615       44     1         C:/ST/STM32CubeCLT_1.20.0/st-arm-clang/bin/../lib/clang-runtimes/arm-none-eabi/armv7m_hard_fpv4_sp_d16/lib/libc.a(memchr.c.o):(.debug_loclists)
    6659     6659       5f     1         C:/ST/STM32CubeCLT_1.20.0/st-arm-clang/bin/../lib/clang-runtimes/arm-none-eabi/armv7m_hard_fpv4_sp_d16/lib/libc.a(memcpy.c.o):(.debug_loclists)
    66b8     66b8       81     1         C:/ST/STM32CubeCLT_1.20.0/st-arm-clang/bin/../lib/clang-runtimes/arm-none-eabi/armv7m_hard_fpv4_sp_d16/lib/libc.a(memmove.c.o):(.debug_loclists)
    6739     6739       3e     1         C:/ST/STM32CubeCLT_1.20.0/st-arm-clang/bin/../lib/clang-runtimes/arm-none-eabi/armv7m_hard_fpv4_sp_d16/lib/libc.a(memset.c.o):(.debug_loclists)
    6777     6777       87     1         C:/ST/STM32CubeCLT_1.20.0/st-arm-clang/bin/../lib/clang-runtimes/arm-none-eabi/armv7m_hard_fpv4_sp_d16/lib/libc.a(nano-free.c.o):(.debug_loclists)
    67fe     67fe      1c6     1         C:/ST/STM32CubeCLT_1.20.0/st-arm-clang/bin/../lib/clang-runtimes/arm-none-eabi/armv7m_hard_fpv4_sp_d16/lib/libc.a(nano-malloc.c.o):(.debug_loclists)
    69c4     69c4      10a     1         C:/ST/STM32CubeCLT_1.20.0/st-arm-clang/bin/../lib/clang-runtimes/arm-none-eabi/armv7m_hard_fpv4_sp_d16/lib/libc.a(nano-memalign.c.o):(.debug_loclists)
    6ace     6ace       82     1         C:/ST/STM32CubeCLT_1.20.0/st-arm-clang/bin/../lib/clang-runtimes/arm-none-eabi/armv7m_hard_fpv4_sp_d16/lib/libc.a(libc_signal_signal.c.o):(.debug_loclists)
    6b50     6b50       47     1         C:/ST/STM32CubeCLT_1.20.0/st-arm-clang/bin/../lib/clang-runtimes/arm-none-eabi/armv7m_hard_fpv4_sp_d16/lib/libc.a(libc_string_memcmp.c.o):(.debug_loclists)
    6b97     6b97       4b     1         C:/ST/STM32CubeCLT_1.20.0/st-arm-clang/bin/../lib/clang-runtimes/arm-none-eabi/armv7m_hard_fpv4_sp_d16/lib/libc.a(libc_tinystdio_snprintf.c.o):(.debug_loclists)
    6be2     6be2      779     1         C:/ST/STM32CubeCLT_1.20.0/st-arm-clang/bin/../lib/clang-runtimes/arm-none-eabi/armv7m_hard_fpv4_sp_d16/lib/libc.a(libc_tinystdio_strtod.c.o):(.debug_loclists)
    735b     735b      501     1         C:/ST/STM32CubeCLT_1.20.0/st-arm-clang/bin/../lib/clang-runtimes/arm-none-eabi/armv7m_hard_fpv4_sp_d16/lib/libc.a(libc_tinystdio_strtof.c.o):(.debug_loclists)
    785c     785c      181     1         C:/ST/STM32CubeCLT_1.20.0/st-arm-clang/bin/../lib/clang-runtimes/arm-none-eabi/armv7m_hard_fpv4_sp_d16/lib/libc.a(libc_tinystdio_strtol.c.o):(.debug_loclists)
    79dd     79dd      226     1         C:/ST/STM32CubeCLT_1.20.0/st-arm-clang/bin/../lib/clang-runtimes/arm-none-eabi/armv7m_hard_fpv4_sp_d16/lib/libc.a(libc_tinystdio_strtoll.c.o):(.debug_loclists)
    7c03     7c03      135     1         C:/ST/STM32CubeCLT_1.20.0/st-arm-clang/bin/../lib/clang-runtimes/arm-none-eabi/armv7m_hard_fpv4_sp_d16/lib/libc.a(libc_tinystdio_strtoul.c.o):(.debug_loclists)
    7d38     7d38      189     1         C:/ST/STM32CubeCLT_1.20.0/st-arm-clang/bin/../lib/clang-runtimes/arm-none-eabi/armv7m_hard_fpv4_sp_d16/lib/libc.a(libc_tinystdio_strtoull.c.o):(.debug_loclists)
    7ec1     7ec1      bb5     1         C:/ST/STM32CubeCLT_1.20.0/st-arm-clang/bin/../lib/clang-runtimes/arm-none-eabi/armv7m_hard_fpv4_sp_d16/lib/libc.a(libc_tinystdio_vfprintf.c.o):(.debug_loclists)
    8a76     8a76      1aa     1         C:/ST/STM32CubeCLT_1.20.0/st-arm-clang/bin/../lib/clang-runtimes/arm-none-eabi/armv7m_hard_fpv4_sp_d16/lib/libc.a(libc_tinystdio_dtox_engine.c.o):(.debug_loclists)
    8c20     8c20       25     1         C:/ST/STM32CubeCLT_1.20.0/st-arm-clang/bin/../lib/clang-runtimes/arm-none-eabi/armv7m_hard_fpv4_sp_d16/lib/libc.a(libc_string_strnlen.c.o):(.debug_loclists)
    8c45     8c45      307     1         C:/ST/STM32CubeCLT_1.20.0/st-arm-clang/bin/../lib/clang-runtimes/arm-none-eabi/armv7m_hard_fpv4_sp_d16/lib/libc.a(libc_tinystdio_atod_ryu.c.o):(.debug_loclists)
    8f4c     8f4c      1a2     1         C:/ST/STM32CubeCLT_1.20.0/st-arm-clang/bin/../lib/clang-runtimes/arm-none-eabi/armv7m_hard_fpv4_sp_d16/lib/libc.a(libc_tinystdio_atof_ryu.c.o):(.debug_loclists)
    90ee     90ee      ce3     1         C:/ST/STM32CubeCLT_1.20.0/st-arm-clang/bin/../lib/clang-runtimes/arm-none-eabi/armv7m_hard_fpv4_sp_d16/lib/libc.a(libc_tinystdio_dtoa_ryu.c.o):(.debug_loclists)
    9dd1     9dd1      182     1         C:/ST/STM32CubeCLT_1.20.0/st-arm-clang/bin/../lib/clang-runtimes/arm-none-eabi/armv7m_hard_fpv4_sp_d16/lib/libc.a(libc_tinystdio_ryu_divpow2.c.o):(.debug_loclists)
    9f53     9f53       34     1         C:/ST/STM32CubeCLT_1.20.0/st-arm-clang/bin/../lib/clang-runtimes/arm-none-eabi/armv7m_hard_fpv4_sp_d16/lib/libc.a(libc_tinystdio_ryu_log10.c.o):(.debug_loclists)
    9f87     9f87       3e     1         C:/ST/STM32CubeCLT_1.20.0/st-arm-clang/bin/../lib/clang-runtimes/arm-none-eabi/armv7m_hard_fpv4_sp_d16/lib/libc.a(libc_tinystdio_ryu_log2pow5.c.o):(.debug_loclists)
    9fc5     9fc5       1e     1         C:/ST/STM32CubeCLT_1.20.0/st-arm-clang/bin/../lib/clang-runtimes/arm-none-eabi/armv7m_hard_fpv4_sp_d16/lib/libc.a(libc_tinystdio_ryu_pow5bits.c.o):(.debug_loclists)
    9fe3     9fe3      214     1         C:/ST/STM32CubeCLT_1.20.0/st-arm-clang/bin/../lib/clang-runtimes/arm-none-eabi/armv7m_hard_fpv4_sp_d16/lib/libc.a(libc_tinystdio_ryu_table.c.o):(.debug_loclists)
    a1f7     a1f7      24f     1         C:/ST/STM32CubeCLT_1.20.0/st-arm-clang/bin/../lib/clang-runtimes/arm-none-eabi/armv7m_hard_fpv4_sp_d16/lib/libc.a(libc_tinystdio_ryu_umul128.c.o):(.debug_loclists)
    a446     a446       20     1         C:/ST/STM32CubeCLT_1.20.0/st-arm-clang/bin/../lib/clang-runtimes/arm-none-eabi/armv7m_hard_fpv4_sp_d16/lib/libc.a(libm_common_s_fpclassify.c.o):(.debug_loclists)
    a466     a466       16     1         C:/ST/STM32CubeCLT_1.20.0/st-arm-clang/bin/../lib/clang-runtimes/arm-none-eabi/armv7m_hard_fpv4_sp_d16/lib/libc.a(libm_common_sf_fpclassify.c.o):(.debug_loclists)
    a47c     a47c      bee     1         C:/ST/STM32CubeCLT_1.20.0/st-arm-clang/bin/../lib/clang-runtimes/arm-none-eabi/armv7m_hard_fpv4_sp_d16/lib/libc.a(libc_tinystdio_vffprintf.c.o):(.debug_loclists)
    b06a     b06a      11a     1         C:/ST/STM32CubeCLT_1.20.0/st-arm-clang/bin/../lib/clang-runtimes/arm-none-eabi/armv7m_hard_fpv4_sp_d16/lib/libc.a(libc_tinystdio_ftox_engine.c.o):(.debug_loclists)
    b184     b184      93e     1         C:/ST/STM32CubeCLT_1.20.0/st-arm-clang/bin/../lib/clang-runtimes/arm-none-eabi/armv7m_hard_fpv4_sp_d16/lib/libc.a(libc_tinystdio_ftoa_ryu.c.o):(.debug_loclists)
    bac2     bac2      6af     1         C:/ST/STM32CubeCLT_1.20.0/st-arm-clang/bin/../lib/clang-runtimes/arm-none-eabi/armv7m_hard_fpv4_sp_d16/lib/libc.a(libc_tinystdio_vflprintf.c.o):(.debug_loclists)
    c171     c171      5b4     1         C:/ST/STM32CubeCLT_1.20.0/st-arm-clang/bin/../lib/clang-runtimes/arm-none-eabi/armv7m_hard_fpv4_sp_d16/lib/libc.a(libc_tinystdio_vfiprintf.c.o):(.debug_loclists)
    c725     c725      36f     1         C:/ST/STM32CubeCLT_1.20.0/st-arm-clang/bin/../lib/clang-runtimes/arm-none-eabi/armv7m_hard_fpv4_sp_d16/lib/libc.a(libc_tinystdio_vfmprintf.c.o):(.debug_loclists)
    ca94     ca94      eae     1         C:/ST/STM32CubeCLT_1.20.0/st-arm-clang/bin/../lib/clang-runtimes/arm-none-eabi/armv7m_hard_fpv4_sp_d16/lib/libc.a(libc_tinystdio_vfscanf.c.o):(.debug_loclists)
    d942     d942       51     1         C:/ST/STM32CubeCLT_1.20.0/st-arm-clang/bin/../lib/clang-runtimes/arm-none-eabi/armv7m_hard_fpv4_sp_d16/lib/libc.a(libc_tinystdio_fgetc.c.o):(.debug_loclists)
    d993     d993       2d     1         C:/ST/STM32CubeCLT_1.20.0/st-arm-clang/bin/../lib/clang-runtimes/arm-none-eabi/armv7m_hard_fpv4_sp_d16/lib/libc.a(libc_tinystdio_ungetc.c.o):(.debug_loclists)
    d9c0     d9c0      c40     1         C:/ST/STM32CubeCLT_1.20.0/st-arm-clang/bin/../lib/clang-runtimes/arm-none-eabi/armv7m_hard_fpv4_sp_d16/lib/libc.a(libc_tinystdio_vffscanf.c.o):(.debug_loclists)
    e600     e600      61a     1         C:/ST/STM32CubeCLT_1.20.0/st-arm-clang/bin/../lib/clang-runtimes/arm-none-eabi/armv7m_hard_fpv4_sp_d16/lib/libc.a(libc_tinystdio_vflscanf.c.o):(.debug_loclists)
    ec1a     ec1a      5f5     1         C:/ST/STM32CubeCLT_1.20.0/st-arm-clang/bin/../lib/clang-runtimes/arm-none-eabi/armv7m_hard_fpv4_sp_d16/lib/libc.a(libc_tinystdio_vfiscanf.c.o):(.debug_loclists)
    f20f     f20f      457     1         C:/ST/STM32CubeCLT_1.20.0/st-arm-clang/bin/../lib/clang-runtimes/arm-none-eabi/armv7m_hard_fpv4_sp_d16/lib/libc.a(libc_tinystdio_vfmscanf.c.o):(.debug_loclists)
       0        0     6b88     1 .debug_abbrev
       0        0       da     1         cmake/stm32cubemx/CMakeFiles/STM32_Drivers.dir/__/__/Core/Src/system_stm32f4xx.c.obj:(.debug_abbrev)
      da       da      2cf     1         cmake/stm32cubemx/CMakeFiles/STM32_Drivers.dir/__/__/Drivers/STM32F4xx_HAL_Driver/Src/stm32f4xx_hal_tim.c.obj:(.debug_abbrev)
     3a9      3a9      20d     1         cmake/stm32cubemx/CMakeFiles/STM32_Drivers.dir/__/__/Drivers/STM32F4xx_HAL_Driver/Src/stm32f4xx_hal_tim_ex.c.obj:(.debug_abbrev)
     5b6      5b6      1d8     1         cmake/stm32cubemx/CMakeFiles/STM32_Drivers.dir/__/__/Drivers/STM32F4xx_HAL_Driver/Src/stm32f4xx_hal_rcc.c.obj:(.debug_abbrev)
     78e      78e      183     1         cmake/stm32cubemx/CMakeFiles/STM32_Drivers.dir/__/__/Drivers/STM32F4xx_HAL_Driver/Src/stm32f4xx_hal_rcc_ex.c.obj:(.debug_abbrev)
     911      911      1f3     1         cmake/stm32cubemx/CMakeFiles/STM32_Drivers.dir/__/__/Drivers/STM32F4xx_HAL_Driver/Src/stm32f4xx_hal_flash.c.obj:(.debug_abbrev)
     b04      b04      25c     1         cmake/stm32cubemx/CMakeFiles/STM32_Drivers.dir/__/__/Drivers/STM32F4xx_HAL_Driver/Src/stm32f4xx_hal_flash_ex.c.obj:(.debug_abbrev)
     d60      d60       c7     1         cmake/stm32cubemx/CMakeFiles/STM32_Drivers.dir/__/__/Drivers/STM32F4xx_HAL_Driver/Src/stm32f4xx_hal_flash_ramfunc.c.obj:(.debug_abbrev)
     e27      e27      188     1         cmake/stm32cubemx/CMakeFiles/STM32_Drivers.dir/__/__/Drivers/STM32F4xx_HAL_Driver/Src/stm32f4xx_hal_gpio.c.obj:(.debug_abbrev)
     faf      faf      140     1         cmake/stm32cubemx/CMakeFiles/STM32_Drivers.dir/__/__/Drivers/STM32F4xx_HAL_Driver/Src/stm32f4xx_hal_dma_ex.c.obj:(.debug_abbrev)
    10ef     10ef      227     1         cmake/stm32cubemx/CMakeFiles/STM32_Drivers.dir/__/__/Drivers/STM32F4xx_HAL_Driver/Src/stm32f4xx_hal_dma.c.obj:(.debug_abbrev)
    1316     1316      145     1         cmake/stm32cubemx/CMakeFiles/STM32_Drivers.dir/__/__/Drivers/STM32F4xx_HAL_Driver/Src/stm32f4xx_hal_pwr.c.obj:(.debug_abbrev)
    145b     145b      149     1         cmake/stm32cubemx/CMakeFiles/STM32_Drivers.dir/__/__/Drivers/STM32F4xx_HAL_Driver/Src/stm32f4xx_hal_pwr_ex.c.obj:(.debug_abbrev)
    15a4     15a4      2ca     1         cmake/stm32cubemx/CMakeFiles/STM32_Drivers.dir/__/__/Drivers/STM32F4xx_HAL_Driver/Src/stm32f4xx_hal_cortex.c.obj:(.debug_abbrev)
    186e     186e      192     1         cmake/stm32cubemx/CMakeFiles/STM32_Drivers.dir/__/__/Drivers/STM32F4xx_HAL_Driver/Src/stm32f4xx_hal.c.obj:(.debug_abbrev)
    1a00     1a00      17f     1         cmake/stm32cubemx/CMakeFiles/STM32_Drivers.dir/__/__/Drivers/STM32F4xx_HAL_Driver/Src/stm32f4xx_hal_exti.c.obj:(.debug_abbrev)
    1b7f     1b7f      22e     1         cmake/stm32cubemx/CMakeFiles/STM32_Drivers.dir/__/__/Drivers/STM32F4xx_HAL_Driver/Src/stm32f4xx_hal_uart.c.obj:(.debug_abbrev)
    1dad     1dad      7a1     1         CMakeFiles/LCDBasic.dir/Core/Src/main.cpp.obj:(.debug_abbrev)
    254e     254e      4a3     1         CMakeFiles/LCDBasic.dir/Core/Src/lcd.cpp.obj:(.debug_abbrev)
    29f1     29f1       e8     1         CMakeFiles/LCDBasic.dir/Core/Src/gpio.c.obj:(.debug_abbrev)
    2ad9     2ad9      181     1         CMakeFiles/LCDBasic.dir/Core/Src/tim.c.obj:(.debug_abbrev)
    2c5a     2c5a      15a     1         CMakeFiles/LCDBasic.dir/Core/Src/usart.c.obj:(.debug_abbrev)
    2db4     2db4      13c     1         CMakeFiles/LCDBasic.dir/Core/Src/stm32f4xx_it.c.obj:(.debug_abbrev)
    2ef0     2ef0       d4     1         CMakeFiles/LCDBasic.dir/Core/Src/stm32f4xx_hal_msp.c.obj:(.debug_abbrev)
    2fc4     2fc4       99     1         CMakeFiles/LCDBasic.dir/Core/Src/sysmem.c.obj:(.debug_abbrev)
    305d     305d      1c4     1         CMakeFiles/LCDBasic.dir/Core/Src/syscalls.c.obj:(.debug_abbrev)
    3221     3221       1f     1         CMakeFiles/LCDBasic.dir/startup_stm32f446xx.s.obj:(.debug_abbrev)
    3240     3240       94     1         C:/ST/STM32CubeCLT_1.20.0/st-arm-clang/bin/../lib/clang-runtimes/arm-none-eabi/armv7m_hard_fpv4_sp_d16/lib/libc.a(aeabi_memset.c.o):(.debug_abbrev)
    32d4     32d4       94     1         C:/ST/STM32CubeCLT_1.20.0/st-arm-clang/bin/../lib/clang-runtimes/arm-none-eabi/armv7m_hard_fpv4_sp_d16/lib/libc.a(bzero.c.o):(.debug_abbrev)
    3368     3368       91     1         C:/ST/STM32CubeCLT_1.20.0/st-arm-clang/bin/../lib/clang-runtimes/arm-none-eabi/armv7m_hard_fpv4_sp_d16/lib/libc.a(memchr.c.o):(.debug_abbrev)
    33f9     33f9       a0     1         C:/ST/STM32CubeCLT_1.20.0/st-arm-clang/bin/../lib/clang-runtimes/arm-none-eabi/armv7m_hard_fpv4_sp_d16/lib/libc.a(memcpy.c.o):(.debug_abbrev)
    3499     3499       91     1         C:/ST/STM32CubeCLT_1.20.0/st-arm-clang/bin/../lib/clang-runtimes/arm-none-eabi/armv7m_hard_fpv4_sp_d16/lib/libc.a(memmove.c.o):(.debug_abbrev)
    352a     352a       85     1         C:/ST/STM32CubeCLT_1.20.0/st-arm-clang/bin/../lib/clang-runtimes/arm-none-eabi/armv7m_hard_fpv4_sp_d16/lib/libc.a(memset.c.o):(.debug_abbrev)
    35af     35af       21     1         C:/ST/STM32CubeCLT_1.20.0/st-arm-clang/bin/../lib/clang-runtimes/arm-none-eabi/armv7m_hard_fpv4_sp_d16/lib/libc.a(strlen.S.o):(.debug_abbrev)
    35d0     35d0      11e     1         C:/ST/STM32CubeCLT_1.20.0/st-arm-clang/bin/../lib/clang-runtimes/arm-none-eabi/armv7m_hard_fpv4_sp_d16/lib/libc.a(nano-free.c.o):(.debug_abbrev)
    36ee     36ee      143     1         C:/ST/STM32CubeCLT_1.20.0/st-arm-clang/bin/../lib/clang-runtimes/arm-none-eabi/armv7m_hard_fpv4_sp_d16/lib/libc.a(nano-malloc.c.o):(.debug_abbrev)
    3831     3831       fe     1         C:/ST/STM32CubeCLT_1.20.0/st-arm-clang/bin/../lib/clang-runtimes/arm-none-eabi/armv7m_hard_fpv4_sp_d16/lib/libc.a(nano-memalign.c.o):(.debug_abbrev)
    392f     392f       2e     1         C:/ST/STM32CubeCLT_1.20.0/st-arm-clang/bin/../lib/clang-runtimes/arm-none-eabi/armv7m_hard_fpv4_sp_d16/lib/libc.a(libc_errno_errno.c.o):(.debug_abbrev)
    395d     395d       54     1         C:/ST/STM32CubeCLT_1.20.0/st-arm-clang/bin/../lib/clang-runtimes/arm-none-eabi/armv7m_hard_fpv4_sp_d16/lib/libc.a(libc_misc_init.c.o):(.debug_abbrev)
    39b1     39b1       8c     1         C:/ST/STM32CubeCLT_1.20.0/st-arm-clang/bin/../lib/clang-runtimes/arm-none-eabi/armv7m_hard_fpv4_sp_d16/lib/libc.a(libc_misc_lock.c.o):(.debug_abbrev)
    3a3d     3a3d       32     1         C:/ST/STM32CubeCLT_1.20.0/st-arm-clang/bin/../lib/clang-runtimes/arm-none-eabi/armv7m_hard_fpv4_sp_d16/lib/libc.a(libc_stdlib_abort.c.o):(.debug_abbrev)
    3a6f     3a6f       b9     1         C:/ST/STM32CubeCLT_1.20.0/st-arm-clang/bin/../lib/clang-runtimes/arm-none-eabi/armv7m_hard_fpv4_sp_d16/lib/libc.a(libc_signal_signal.c.o):(.debug_abbrev)
    3b28     3b28       94     1         C:/ST/STM32CubeCLT_1.20.0/st-arm-clang/bin/../lib/clang-runtimes/arm-none-eabi/armv7m_hard_fpv4_sp_d16/lib/libc.a(libc_string_memcmp.c.o):(.debug_abbrev)
    3bbc     3bbc       1f     1         C:/ST/STM32CubeCLT_1.20.0/st-arm-clang/bin/../lib/clang-runtimes/arm-none-eabi/armv7m_hard_fpv4_sp_d16/lib/libc.a(libc_picolib_machine_arm_read_tp.S.o):(.debug_abbrev)
    3bdb     3bdb       62     1         C:/ST/STM32CubeCLT_1.20.0/st-arm-clang/bin/../lib/clang-runtimes/arm-none-eabi/armv7m_hard_fpv4_sp_d16/lib/libc.a(libc_picolib_machine_arm_tls.c.o):(.debug_abbrev)
    3c3d     3c3d       dc     1         C:/ST/STM32CubeCLT_1.20.0/st-arm-clang/bin/../lib/clang-runtimes/arm-none-eabi/armv7m_hard_fpv4_sp_d16/lib/libc.a(libc_tinystdio_snprintf.c.o):(.debug_abbrev)
    3d19     3d19       9a     1         C:/ST/STM32CubeCLT_1.20.0/st-arm-clang/bin/../lib/clang-runtimes/arm-none-eabi/armv7m_hard_fpv4_sp_d16/lib/libc.a(libc_tinystdio_filestrput.c.o):(.debug_abbrev)
    3db3     3db3      1e5     1         C:/ST/STM32CubeCLT_1.20.0/st-arm-clang/bin/../lib/clang-runtimes/arm-none-eabi/armv7m_hard_fpv4_sp_d16/lib/libc.a(libc_tinystdio_strtod.c.o):(.debug_abbrev)
    3f98     3f98       52     1         C:/ST/STM32CubeCLT_1.20.0/st-arm-clang/bin/../lib/clang-runtimes/arm-none-eabi/armv7m_hard_fpv4_sp_d16/lib/libc.a(libc_ctype_ctype_.c.o):(.debug_abbrev)
    3fea     3fea      1b3     1         C:/ST/STM32CubeCLT_1.20.0/st-arm-clang/bin/../lib/clang-runtimes/arm-none-eabi/armv7m_hard_fpv4_sp_d16/lib/libc.a(libc_tinystdio_strtof.c.o):(.debug_abbrev)
    419d     419d       d8     1         C:/ST/STM32CubeCLT_1.20.0/st-arm-clang/bin/../lib/clang-runtimes/arm-none-eabi/armv7m_hard_fpv4_sp_d16/lib/libc.a(libc_tinystdio_strtol.c.o):(.debug_abbrev)
    4275     4275       d8     1         C:/ST/STM32CubeCLT_1.20.0/st-arm-clang/bin/../lib/clang-runtimes/arm-none-eabi/armv7m_hard_fpv4_sp_d16/lib/libc.a(libc_tinystdio_strtoll.c.o):(.debug_abbrev)
[...]
    2f94     2f94       3c     4         C:/ST/STM32CubeCLT_1.20.0/st-arm-clang/bin/../lib/clang-runtimes/arm-none-eabi/armv7m_hard_fpv4_sp_d16/lib/libc.a(libc_tinystdio_atof_ryu.c.o):(.debug_frame)
    2fd0     2fd0       d8     4         C:/ST/STM32CubeCLT_1.20.0/st-arm-clang/bin/../lib/clang-runtimes/arm-none-eabi/armv7m_hard_fpv4_sp_d16/lib/libc.a(libc_tinystdio_dtoa_ryu.c.o):(.debug_frame)
    30a8     30a8       64     4         C:/ST/STM32CubeCLT_1.20.0/st-arm-clang/bin/../lib/clang-runtimes/arm-none-eabi/armv7m_hard_fpv4_sp_d16/lib/libc.a(libc_tinystdio_ryu_divpow2.c.o):(.debug_frame)
    310c     310c       34     4         C:/ST/STM32CubeCLT_1.20.0/st-arm-clang/bin/../lib/clang-runtimes/arm-none-eabi/armv7m_hard_fpv4_sp_d16/lib/libc.a(libc_tinystdio_ryu_log10.c.o):(.debug_frame)
    3140     3140       34     4         C:/ST/STM32CubeCLT_1.20.0/st-arm-clang/bin/../lib/clang-runtimes/arm-none-eabi/armv7m_hard_fpv4_sp_d16/lib/libc.a(libc_tinystdio_ryu_log2pow5.c.o):(.debug_frame)
    3174     3174       24     4         C:/ST/STM32CubeCLT_1.20.0/st-arm-clang/bin/../lib/clang-runtimes/arm-none-eabi/armv7m_hard_fpv4_sp_d16/lib/libc.a(libc_tinystdio_ryu_pow5bits.c.o):(.debug_frame)
    3198     3198       c0     4         C:/ST/STM32CubeCLT_1.20.0/st-arm-clang/bin/../lib/clang-runtimes/arm-none-eabi/armv7m_hard_fpv4_sp_d16/lib/libc.a(libc_tinystdio_ryu_table.c.o):(.debug_frame)
    3258     3258       60     4         C:/ST/STM32CubeCLT_1.20.0/st-arm-clang/bin/../lib/clang-runtimes/arm-none-eabi/armv7m_hard_fpv4_sp_d16/lib/libc.a(libc_tinystdio_ryu_umul128.c.o):(.debug_frame)
    32b8     32b8       24     4         C:/ST/STM32CubeCLT_1.20.0/st-arm-clang/bin/../lib/clang-runtimes/arm-none-eabi/armv7m_hard_fpv4_sp_d16/lib/libc.a(libm_common_s_fpclassify.c.o):(.debug_frame)
    32dc     32dc       24     4         C:/ST/STM32CubeCLT_1.20.0/st-arm-clang/bin/../lib/clang-runtimes/arm-none-eabi/armv7m_hard_fpv4_sp_d16/lib/libc.a(libm_common_sf_fpclassify.c.o):(.debug_frame)
    3300     3300       dc     4         C:/ST/STM32CubeCLT_1.20.0/st-arm-clang/bin/../lib/clang-runtimes/arm-none-eabi/armv7m_hard_fpv4_sp_d16/lib/libc.a(libc_tinystdio_vffprintf.c.o):(.debug_frame)
    33dc     33dc       38     4         C:/ST/STM32CubeCLT_1.20.0/st-arm-clang/bin/../lib/clang-runtimes/arm-none-eabi/armv7m_hard_fpv4_sp_d16/lib/libc.a(libc_tinystdio_ftox_engine.c.o):(.debug_frame)
    3414     3414       70     4         C:/ST/STM32CubeCLT_1.20.0/st-arm-clang/bin/../lib/clang-runtimes/arm-none-eabi/armv7m_hard_fpv4_sp_d16/lib/libc.a(libc_tinystdio_ftoa_ryu.c.o):(.debug_frame)
    3484     3484       64     4         C:/ST/STM32CubeCLT_1.20.0/st-arm-clang/bin/../lib/clang-runtimes/arm-none-eabi/armv7m_hard_fpv4_sp_d16/lib/libc.a(libc_tinystdio_vflprintf.c.o):(.debug_frame)
    34e8     34e8       64     4         C:/ST/STM32CubeCLT_1.20.0/st-arm-clang/bin/../lib/clang-runtimes/arm-none-eabi/armv7m_hard_fpv4_sp_d16/lib/libc.a(libc_tinystdio_vfiprintf.c.o):(.debug_frame)
    354c     354c       64     4         C:/ST/STM32CubeCLT_1.20.0/st-arm-clang/bin/../lib/clang-runtimes/arm-none-eabi/armv7m_hard_fpv4_sp_d16/lib/libc.a(libc_tinystdio_vfmprintf.c.o):(.debug_frame)
    35b0     35b0       e4     4         C:/ST/STM32CubeCLT_1.20.0/st-arm-clang/bin/../lib/clang-runtimes/arm-none-eabi/armv7m_hard_fpv4_sp_d16/lib/libc.a(libc_tinystdio_vfscanf.c.o):(.debug_frame)
    3694     3694       34     4         C:/ST/STM32CubeCLT_1.20.0/st-arm-clang/bin/../lib/clang-runtimes/arm-none-eabi/armv7m_hard_fpv4_sp_d16/lib/libc.a(libc_tinystdio_fgetc.c.o):(.debug_frame)
    36c8     36c8       24     4         C:/ST/STM32CubeCLT_1.20.0/st-arm-clang/bin/../lib/clang-runtimes/arm-none-eabi/armv7m_hard_fpv4_sp_d16/lib/libc.a(libc_tinystdio_ungetc.c.o):(.debug_frame)
    36ec     36ec       c4     4         C:/ST/STM32CubeCLT_1.20.0/st-arm-clang/bin/../lib/clang-runtimes/arm-none-eabi/armv7m_hard_fpv4_sp_d16/lib/libc.a(libc_tinystdio_vffscanf.c.o):(.debug_frame)
    37b0     37b0       b4     4         C:/ST/STM32CubeCLT_1.20.0/st-arm-clang/bin/../lib/clang-runtimes/arm-none-eabi/armv7m_hard_fpv4_sp_d16/lib/libc.a(libc_tinystdio_vflscanf.c.o):(.debug_frame)
    3864     3864       a4     4         C:/ST/STM32CubeCLT_1.20.0/st-arm-clang/bin/../lib/clang-runtimes/arm-none-eabi/armv7m_hard_fpv4_sp_d16/lib/libc.a(libc_tinystdio_vfiscanf.c.o):(.debug_frame)
    3908     3908       a4     4         C:/ST/STM32CubeCLT_1.20.0/st-arm-clang/bin/../lib/clang-runtimes/arm-none-eabi/armv7m_hard_fpv4_sp_d16/lib/libc.a(libc_tinystdio_vfmscanf.c.o):(.debug_frame)
       0        0    13efc     1 .debug_line
       0        0       f4     1         cmake/stm32cubemx/CMakeFiles/STM32_Drivers.dir/__/__/Core/Src/system_stm32f4xx.c.obj:(.debug_line)
      f4       f4     3808     1         cmake/stm32cubemx/CMakeFiles/STM32_Drivers.dir/__/__/Drivers/STM32F4xx_HAL_Driver/Src/stm32f4xx_hal_tim.c.obj:(.debug_line)
    38fc     38fc     139f     1         cmake/stm32cubemx/CMakeFiles/STM32_Drivers.dir/__/__/Drivers/STM32F4xx_HAL_Driver/Src/stm32f4xx_hal_tim_ex.c.obj:(.debug_line)
    4c9b     4c9b      7af     1         cmake/stm32cubemx/CMakeFiles/STM32_Drivers.dir/__/__/Drivers/STM32F4xx_HAL_Driver/Src/stm32f4xx_hal_rcc.c.obj:(.debug_line)
    544a     544a      d39     1         cmake/stm32cubemx/CMakeFiles/STM32_Drivers.dir/__/__/Drivers/STM32F4xx_HAL_Driver/Src/stm32f4xx_hal_rcc_ex.c.obj:(.debug_line)
    6183     6183      549     1         cmake/stm32cubemx/CMakeFiles/STM32_Drivers.dir/__/__/Drivers/STM32F4xx_HAL_Driver/Src/stm32f4xx_hal_flash.c.obj:(.debug_line)
    66cc     66cc      4d6     1         cmake/stm32cubemx/CMakeFiles/STM32_Drivers.dir/__/__/Drivers/STM32F4xx_HAL_Driver/Src/stm32f4xx_hal_flash_ex.c.obj:(.debug_line)
    6ba2     6ba2      105     1         cmake/stm32cubemx/CMakeFiles/STM32_Drivers.dir/__/__/Drivers/STM32F4xx_HAL_Driver/Src/stm32f4xx_hal_flash_ramfunc.c.obj:(.debug_line)
    6ca7     6ca7      388     1         cmake/stm32cubemx/CMakeFiles/STM32_Drivers.dir/__/__/Drivers/STM32F4xx_HAL_Driver/Src/stm32f4xx_hal_gpio.c.obj:(.debug_line)
    702f     702f      523     1         cmake/stm32cubemx/CMakeFiles/STM32_Drivers.dir/__/__/Drivers/STM32F4xx_HAL_Driver/Src/stm32f4xx_hal_dma_ex.c.obj:(.debug_line)
    7552     7552      894     1         cmake/stm32cubemx/CMakeFiles/STM32_Drivers.dir/__/__/Drivers/STM32F4xx_HAL_Driver/Src/stm32f4xx_hal_dma.c.obj:(.debug_line)
    7de6     7de6      29e     1         cmake/stm32cubemx/CMakeFiles/STM32_Drivers.dir/__/__/Drivers/STM32F4xx_HAL_Driver/Src/stm32f4xx_hal_pwr.c.obj:(.debug_line)
    8084     8084      2f4     1         cmake/stm32cubemx/CMakeFiles/STM32_Drivers.dir/__/__/Drivers/STM32F4xx_HAL_Driver/Src/stm32f4xx_hal_pwr_ex.c.obj:(.debug_line)
    8378     8378      513     1         cmake/stm32cubemx/CMakeFiles/STM32_Drivers.dir/__/__/Drivers/STM32F4xx_HAL_Driver/Src/stm32f4xx_hal_cortex.c.obj:(.debug_line)
    888b     888b      374     1         cmake/stm32cubemx/CMakeFiles/STM32_Drivers.dir/__/__/Drivers/STM32F4xx_HAL_Driver/Src/stm32f4xx_hal.c.obj:(.debug_line)
    8bff     8bff      3d2     1         cmake/stm32cubemx/CMakeFiles/STM32_Drivers.dir/__/__/Drivers/STM32F4xx_HAL_Driver/Src/stm32f4xx_hal_exti.c.obj:(.debug_line)
    8fd1     8fd1     1fa3     1         cmake/stm32cubemx/CMakeFiles/STM32_Drivers.dir/__/__/Drivers/STM32F4xx_HAL_Driver/Src/stm32f4xx_hal_uart.c.obj:(.debug_line)
    af74     af74      2d4     1         CMakeFiles/LCDBasic.dir/Core/Src/main.cpp.obj:(.debug_line)
    b248     b248      2b5     1         CMakeFiles/LCDBasic.dir/Core/Src/lcd.cpp.obj:(.debug_line)
    b4fd     b4fd      10a     1         CMakeFiles/LCDBasic.dir/Core/Src/gpio.c.obj:(.debug_line)
    b607     b607      1d8     1         CMakeFiles/LCDBasic.dir/Core/Src/tim.c.obj:(.debug_line)
    b7df     b7df      1c8     1         CMakeFiles/LCDBasic.dir/Core/Src/usart.c.obj:(.debug_line)
    b9a7     b9a7      1c9     1         CMakeFiles/LCDBasic.dir/Core/Src/stm32f4xx_it.c.obj:(.debug_line)
    bb70     bb70       d4     1         CMakeFiles/LCDBasic.dir/Core/Src/stm32f4xx_hal_msp.c.obj:(.debug_line)
    bc44     bc44       fb     1         CMakeFiles/LCDBasic.dir/Core/Src/sysmem.c.obj:(.debug_line)
    bd3f     bd3f      31b     1         CMakeFiles/LCDBasic.dir/Core/Src/syscalls.c.obj:(.debug_line)
    c05a     c05a       6b     1         CMakeFiles/LCDBasic.dir/startup_stm32f446xx.s.obj:(.debug_line)
    c0c5     c0c5       8a     1         C:/ST/STM32CubeCLT_1.20.0/st-arm-clang/bin/../lib/clang-runtimes/arm-none-eabi/armv7m_hard_fpv4_sp_d16/lib/libc.a(aeabi_memset.c.o):(.debug_line)
    c14f     c14f       a1     1         C:/ST/STM32CubeCLT_1.20.0/st-arm-clang/bin/../lib/clang-runtimes/arm-none-eabi/armv7m_hard_fpv4_sp_d16/lib/libc.a(bzero.c.o):(.debug_line)
    c1f0     c1f0       a6     1         C:/ST/STM32CubeCLT_1.20.0/st-arm-clang/bin/../lib/clang-runtimes/arm-none-eabi/armv7m_hard_fpv4_sp_d16/lib/libc.a(memchr.c.o):(.debug_line)
    c296     c296       99     1         C:/ST/STM32CubeCLT_1.20.0/st-arm-clang/bin/../lib/clang-runtimes/arm-none-eabi/armv7m_hard_fpv4_sp_d16/lib/libc.a(memcpy.c.o):(.debug_line)
    c32f     c32f       b9     1         C:/ST/STM32CubeCLT_1.20.0/st-arm-clang/bin/../lib/clang-runtimes/arm-none-eabi/armv7m_hard_fpv4_sp_d16/lib/libc.a(memmove.c.o):(.debug_line)
    c3e8     c3e8       91     1         C:/ST/STM32CubeCLT_1.20.0/st-arm-clang/bin/../lib/clang-runtimes/arm-none-eabi/armv7m_hard_fpv4_sp_d16/lib/libc.a(memset.c.o):(.debug_line)
    c479     c479       4f     1         C:/ST/STM32CubeCLT_1.20.0/st-arm-clang/bin/../lib/clang-runtimes/arm-none-eabi/armv7m_hard_fpv4_sp_d16/lib/libc.a(strlen.S.o):(.debug_line)
    c4c8     c4c8      15d     1         C:/ST/STM32CubeCLT_1.20.0/st-arm-clang/bin/../lib/clang-runtimes/arm-none-eabi/armv7m_hard_fpv4_sp_d16/lib/libc.a(nano-free.c.o):(.debug_line)
    c625     c625      25e     1         C:/ST/STM32CubeCLT_1.20.0/st-arm-clang/bin/../lib/clang-runtimes/arm-none-eabi/armv7m_hard_fpv4_sp_d16/lib/libc.a(nano-malloc.c.o):(.debug_line)
    c883     c883      12c     1         C:/ST/STM32CubeCLT_1.20.0/st-arm-clang/bin/../lib/clang-runtimes/arm-none-eabi/armv7m_hard_fpv4_sp_d16/lib/libc.a(nano-memalign.c.o):(.debug_line)
    c9af     c9af       43     1         C:/ST/STM32CubeCLT_1.20.0/st-arm-clang/bin/../lib/clang-runtimes/arm-none-eabi/armv7m_hard_fpv4_sp_d16/lib/libc.a(libc_errno_errno.c.o):(.debug_line)
    c9f2     c9f2       97     1         C:/ST/STM32CubeCLT_1.20.0/st-arm-clang/bin/../lib/clang-runtimes/arm-none-eabi/armv7m_hard_fpv4_sp_d16/lib/libc.a(libc_misc_init.c.o):(.debug_line)
    ca89     ca89      104     1         C:/ST/STM32CubeCLT_1.20.0/st-arm-clang/bin/../lib/clang-runtimes/arm-none-eabi/armv7m_hard_fpv4_sp_d16/lib/libc.a(libc_misc_lock.c.o):(.debug_line)
    cb8d     cb8d       59     1         C:/ST/STM32CubeCLT_1.20.0/st-arm-clang/bin/../lib/clang-runtimes/arm-none-eabi/armv7m_hard_fpv4_sp_d16/lib/libc.a(libc_stdlib_abort.c.o):(.debug_line)
    cbe6     cbe6       fc     1         C:/ST/STM32CubeCLT_1.20.0/st-arm-clang/bin/../lib/clang-runtimes/arm-none-eabi/armv7m_hard_fpv4_sp_d16/lib/libc.a(libc_signal_signal.c.o):(.debug_line)
    cce2     cce2       9f     1         C:/ST/STM32CubeCLT_1.20.0/st-arm-clang/bin/../lib/clang-runtimes/arm-none-eabi/armv7m_hard_fpv4_sp_d16/lib/libc.a(libc_string_memcmp.c.o):(.debug_line)
    cd81     cd81       59     1         C:/ST/STM32CubeCLT_1.20.0/st-arm-clang/bin/../lib/clang-runtimes/arm-none-eabi/armv7m_hard_fpv4_sp_d16/lib/libc.a(libc_picolib_machine_arm_read_tp.S.o):(.debug_line)
    cdda     cdda       ad     1         C:/ST/STM32CubeCLT_1.20.0/st-arm-clang/bin/../lib/clang-runtimes/arm-none-eabi/armv7m_hard_fpv4_sp_d16/lib/libc.a(libc_picolib_machine_arm_tls.c.o):(.debug_line)
    ce87     ce87       fd     1         C:/ST/STM32CubeCLT_1.20.0/st-arm-clang/bin/../lib/clang-runtimes/arm-none-eabi/armv7m_hard_fpv4_sp_d16/lib/libc.a(libc_tinystdio_snprintf.c.o):(.debug_line)
    cf84     cf84       e0     1         C:/ST/STM32CubeCLT_1.20.0/st-arm-clang/bin/../lib/clang-runtimes/arm-none-eabi/armv7m_hard_fpv4_sp_d16/lib/libc.a(libc_tinystdio_filestrput.c.o):(.debug_line)
    d064     d064      45b     1         C:/ST/STM32CubeCLT_1.20.0/st-arm-clang/bin/../lib/clang-runtimes/arm-none-eabi/armv7m_hard_fpv4_sp_d16/lib/libc.a(libc_tinystdio_strtod.c.o):(.debug_line)
    d4bf     d4bf       43     1         C:/ST/STM32CubeCLT_1.20.0/st-arm-clang/bin/../lib/clang-runtimes/arm-none-eabi/armv7m_hard_fpv4_sp_d16/lib/libc.a(libc_ctype_ctype_.c.o):(.debug_line)
    d502     d502      3f5     1         C:/ST/STM32CubeCLT_1.20.0/st-arm-clang/bin/../lib/clang-runtimes/arm-none-eabi/armv7m_hard_fpv4_sp_d16/lib/libc.a(libc_tinystdio_strtof.c.o):(.debug_line)
    d8f7     d8f7      18f     1         C:/ST/STM32CubeCLT_1.20.0/st-arm-clang/bin/../lib/clang-runtimes/arm-none-eabi/armv7m_hard_fpv4_sp_d16/lib/libc.a(libc_tinystdio_strtol.c.o):(.debug_line)
    da86     da86      1bd     1         C:/ST/STM32CubeCLT_1.20.0/st-arm-clang/bin/../lib/clang-runtimes/arm-none-eabi/armv7m_hard_fpv4_sp_d16/lib/libc.a(libc_tinystdio_strtoll.c.o):(.debug_line)
    dc43     dc43      170     1         C:/ST/STM32CubeCLT_1.20.0/st-arm-clang/bin/../lib/clang-runtimes/arm-none-eabi/armv7m_hard_fpv4_sp_d16/lib/libc.a(libc_tinystdio_strtoul.c.o):(.debug_line)
    ddb3     ddb3      182     1         C:/ST/STM32CubeCLT_1.20.0/st-arm-clang/bin/../lib/clang-runtimes/arm-none-eabi/armv7m_hard_fpv4_sp_d16/lib/libc.a(libc_tinystdio_strtoull.c.o):(.debug_line)
    df35     df35      958     1         C:/ST/STM32CubeCLT_1.20.0/st-arm-clang/bin/../lib/clang-runtimes/arm-none-eabi/armv7m_hard_fpv4_sp_d16/lib/libc.a(libc_tinystdio_vfprintf.c.o):(.debug_line)
    e88d     e88d      1e1     1         C:/ST/STM32CubeCLT_1.20.0/st-arm-clang/bin/../lib/clang-runtimes/arm-none-eabi/armv7m_hard_fpv4_sp_d16/lib/libc.a(libc_tinystdio_dtox_engine.c.o):(.debug_line)
    ea6e     ea6e       94     1         C:/ST/STM32CubeCLT_1.20.0/st-arm-clang/bin/../lib/clang-runtimes/arm-none-eabi/armv7m_hard_fpv4_sp_d16/lib/libc.a(libc_string_strnlen.c.o):(.debug_line)
    eb02     eb02      21c     1         C:/ST/STM32CubeCLT_1.20.0/st-arm-clang/bin/../lib/clang-runtimes/arm-none-eabi/armv7m_hard_fpv4_sp_d16/lib/libc.a(libc_tinystdio_atod_ryu.c.o):(.debug_line)
    ed1e     ed1e      1e1     1         C:/ST/STM32CubeCLT_1.20.0/st-arm-clang/bin/../lib/clang-runtimes/arm-none-eabi/armv7m_hard_fpv4_sp_d16/lib/libc.a(libc_tinystdio_atof_ryu.c.o):(.debug_line)
    eeff     eeff      5fa     1         C:/ST/STM32CubeCLT_1.20.0/st-arm-clang/bin/../lib/clang-runtimes/arm-none-eabi/armv7m_hard_fpv4_sp_d16/lib/libc.a(libc_tinystdio_dtoa_ryu.c.o):(.debug_line)
    f4f9     f4f9      10d     1         C:/ST/STM32CubeCLT_1.20.0/st-arm-clang/bin/../lib/clang-runtimes/arm-none-eabi/armv7m_hard_fpv4_sp_d16/lib/libc.a(libc_tinystdio_ryu_divpow2.c.o):(.debug_line)
    f606     f606       b3     1         C:/ST/STM32CubeCLT_1.20.0/st-arm-clang/bin/../lib/clang-runtimes/arm-none-eabi/armv7m_hard_fpv4_sp_d16/lib/libc.a(libc_tinystdio_ryu_log10.c.o):(.debug_line)
    f6b9     f6b9       ba     1         C:/ST/STM32CubeCLT_1.20.0/st-arm-clang/bin/../lib/clang-runtimes/arm-none-eabi/armv7m_hard_fpv4_sp_d16/lib/libc.a(libc_tinystdio_ryu_log2pow5.c.o):(.debug_line)
    f773     f773       99     1         C:/ST/STM32CubeCLT_1.20.0/st-arm-clang/bin/../lib/clang-runtimes/arm-none-eabi/armv7m_hard_fpv4_sp_d16/lib/libc.a(libc_tinystdio_ryu_pow5bits.c.o):(.debug_line)
    f80c     f80c      1f5     1         C:/ST/STM32CubeCLT_1.20.0/st-arm-clang/bin/../lib/clang-runtimes/arm-none-eabi/armv7m_hard_fpv4_sp_d16/lib/libc.a(libc_tinystdio_ryu_table.c.o):(.debug_line)
    fa01     fa01       e1     1         C:/ST/STM32CubeCLT_1.20.0/st-arm-clang/bin/../lib/clang-runtimes/arm-none-eabi/armv7m_hard_fpv4_sp_d16/lib/libc.a(libc_tinystdio_ryu_umul128.c.o):(.debug_line)
    fae2     fae2       ec     1         C:/ST/STM32CubeCLT_1.20.0/st-arm-clang/bin/../lib/clang-runtimes/arm-none-eabi/armv7m_hard_fpv4_sp_d16/lib/libc.a(libm_common_s_fpclassify.c.o):(.debug_line)
    fbce     fbce       df     1         C:/ST/STM32CubeCLT_1.20.0/st-arm-clang/bin/../lib/clang-runtimes/arm-none-eabi/armv7m_hard_fpv4_sp_d16/lib/libc.a(libm_common_sf_fpclassify.c.o):(.debug_line)
    fcad     fcad      9bb     1         C:/ST/STM32CubeCLT_1.20.0/st-arm-clang/bin/../lib/clang-runtimes/arm-none-eabi/armv7m_hard_fpv4_sp_d16/lib/libc.a(libc_tinystdio_vffprintf.c.o):(.debug_line)
   10668    10668      1c8     1         C:/ST/STM32CubeCLT_1.20.0/st-arm-clang/bin/../lib/clang-runtimes/arm-none-eabi/armv7m_hard_fpv4_sp_d16/lib/libc.a(libc_tinystdio_ftox_engine.c.o):(.debug_line)
   10830    10830      4c6     1         C:/ST/STM32CubeCLT_1.20.0/st-arm-clang/bin/../lib/clang-runtimes/arm-none-eabi/armv7m_hard_fpv4_sp_d16/lib/libc.a(libc_tinystdio_ftoa_ryu.c.o):(.debug_line)
   10cf6    10cf6      5a7     1         C:/ST/STM32CubeCLT_1.20.0/st-arm-clang/bin/../lib/clang-runtimes/arm-none-eabi/armv7m_hard_fpv4_sp_d16/lib/libc.a(libc_tinystdio_vflprintf.c.o):(.debug_line)
   1129d    1129d      529     1         C:/ST/STM32CubeCLT_1.20.0/st-arm-clang/bin/../lib/clang-runtimes/arm-none-eabi/armv7m_hard_fpv4_sp_d16/lib/libc.a(libc_tinystdio_vfiprintf.c.o):(.debug_line)
   117c6    117c6      333     1         C:/ST/STM32CubeCLT_1.20.0/st-arm-clang/bin/../lib/clang-runtimes/arm-none-eabi/armv7m_hard_fpv4_sp_d16/lib/libc.a(libc_tinystdio_vfmprintf.c.o):(.debug_line)
   11af9    11af9      a05     1         C:/ST/STM32CubeCLT_1.20.0/st-arm-clang/bin/../lib/clang-runtimes/arm-none-eabi/armv7m_hard_fpv4_sp_d16/lib/libc.a(libc_tinystdio_vfscanf.c.o):(.debug_line)
   124fe    124fe      12c     1         C:/ST/STM32CubeCLT_1.20.0/st-arm-clang/bin/../lib/clang-runtimes/arm-none-eabi/armv7m_hard_fpv4_sp_d16/lib/libc.a(libc_tinystdio_fgetc.c.o):(.debug_line)
   1262a    1262a       fb     1         C:/ST/STM32CubeCLT_1.20.0/st-arm-clang/bin/../lib/clang-runtimes/arm-none-eabi/armv7m_hard_fpv4_sp_d16/lib/libc.a(libc_tinystdio_ungetc.c.o):(.debug_line)
   12725    12725      927     1         C:/ST/STM32CubeCLT_1.20.0/st-arm-clang/bin/../lib/clang-runtimes/arm-none-eabi/armv7m_hard_fpv4_sp_d16/lib/libc.a(libc_tinystdio_vffscanf.c.o):(.debug_line)
   1304c    1304c      530     1         C:/ST/STM32CubeCLT_1.20.0/st-arm-clang/bin/../lib/clang-runtimes/arm-none-eabi/armv7m_hard_fpv4_sp_d16/lib/libc.a(libc_tinystdio_vflscanf.c.o):(.debug_line)
   1357c    1357c      512     1         C:/ST/STM32CubeCLT_1.20.0/st-arm-clang/bin/../lib/clang-runtimes/arm-none-eabi/armv7m_hard_fpv4_sp_d16/lib/libc.a(libc_tinystdio_vfiscanf.c.o):(.debug_line)
   13a8e    13a8e      46e     1         C:/ST/STM32CubeCLT_1.20.0/st-arm-clang/bin/../lib/clang-runtimes/arm-none-eabi/armv7m_hard_fpv4_sp_d16/lib/libc.a(libc_tinystdio_vfmscanf.c.o):(.debug_line)
       0        0     2ae4     1 .debug_line_str
       0        0     2ae4     1         <internal>:(.debug_line_str)
       0        0       70     1 .debug_aranges
       0        0       28     1         CMakeFiles/LCDBasic.dir/startup_stm32f446xx.s.obj:(.debug_aranges)
      28       28       20     1         C:/ST/STM32CubeCLT_1.20.0/st-arm-clang/bin/../lib/clang-runtimes/arm-none-eabi/armv7m_hard_fpv4_sp_d16/lib/libc.a(strlen.S.o):(.debug_aranges)
      48       48       28     1         C:/ST/STM32CubeCLT_1.20.0/st-arm-clang/bin/../lib/clang-runtimes/arm-none-eabi/armv7m_hard_fpv4_sp_d16/lib/libc.a(libc_picolib_machine_arm_read_tp.S.o):(.debug_aranges)
       0        0     2240     4 .symtab
       0        0     2240     4         <internal>:(.symtab)
       0        0      160     1 .shstrtab
       0        0      160     1         <internal>:(.shstrtab)
       0        0     1ccb     1 .strtab
       0        0     1ccb     1         <internal>:(.strtab)
